Archive member included because of file (symbol)

c:/program files (x86)/gnu tools arm embedded/4.9 2015q2/bin/../lib/gcc/arm-none-eabi/4.9.3/armv7-m\libgcc.a(_arm_addsubdf3.o)
                              ./src/CN0396.o (__aeabi_dsub)
c:/program files (x86)/gnu tools arm embedded/4.9 2015q2/bin/../lib/gcc/arm-none-eabi/4.9.3/armv7-m\libgcc.a(_arm_muldivdf3.o)
                              ./src/AD5270.o (__aeabi_dmul)
c:/program files (x86)/gnu tools arm embedded/4.9 2015q2/bin/../lib/gcc/arm-none-eabi/4.9.3/armv7-m\libgcc.a(_arm_fixunsdfsi.o)
                              ./src/AD5270.o (__aeabi_d2uiz)
c:/program files (x86)/gnu tools arm embedded/4.9 2015q2/bin/../lib/gcc/arm-none-eabi/4.9.3/armv7-m\libgcc.a(_arm_truncdfsf2.o)
                              ./src/AD5270.o (__aeabi_d2f)
c:/program files (x86)/gnu tools arm embedded/4.9 2015q2/bin/../lib/gcc/arm-none-eabi/4.9.3/armv7-m\libgcc.a(_arm_addsubsf3.o)
                              ./src/CN0396.o (__aeabi_fsub)
c:/program files (x86)/gnu tools arm embedded/4.9 2015q2/bin/../lib/gcc/arm-none-eabi/4.9.3/armv7-m\libgcc.a(_arm_muldivsf3.o)
                              ./src/CN0396.o (__aeabi_fmul)
c:/program files (x86)/gnu tools arm embedded/4.9 2015q2/bin/../lib/gcc/arm-none-eabi/4.9.3/armv7-m\libgcc.a(_arm_cmpsf2.o)
                              ./src/CN0396.o (__aeabi_fcmplt)
c:/program files (x86)/gnu tools arm embedded/4.9 2015q2/bin/../lib/gcc/arm-none-eabi/4.9.3/armv7-m\libgcc.a(unwind-arm.o)
                              ./system/src/newlib/_cxx.o (__aeabi_unwind_cpp_pr0)
c:/program files (x86)/gnu tools arm embedded/4.9 2015q2/bin/../lib/gcc/arm-none-eabi/4.9.3/armv7-m\libgcc.a(libunwind.o)
                              c:/program files (x86)/gnu tools arm embedded/4.9 2015q2/bin/../lib/gcc/arm-none-eabi/4.9.3/armv7-m\libgcc.a(unwind-arm.o) (restore_core_regs)
c:/program files (x86)/gnu tools arm embedded/4.9 2015q2/bin/../lib/gcc/arm-none-eabi/4.9.3/armv7-m\libgcc.a(pr-support.o)
                              c:/program files (x86)/gnu tools arm embedded/4.9 2015q2/bin/../lib/gcc/arm-none-eabi/4.9.3/armv7-m\libgcc.a(unwind-arm.o) (__gnu_unwind_execute)
c:/program files (x86)/gnu tools arm embedded/4.9 2015q2/bin/../lib/gcc/arm-none-eabi/4.9.3/../../../../arm-none-eabi/lib/armv7-m\libg_nano.a(lib_a-errno.o)
                              ./system/src/newlib/_sbrk.o (__errno)
c:/program files (x86)/gnu tools arm embedded/4.9 2015q2/bin/../lib/gcc/arm-none-eabi/4.9.3/../../../../arm-none-eabi/lib/armv7-m\libg_nano.a(lib_a-impure.o)
                              c:/program files (x86)/gnu tools arm embedded/4.9 2015q2/bin/../lib/gcc/arm-none-eabi/4.9.3/../../../../arm-none-eabi/lib/armv7-m\libg_nano.a(lib_a-errno.o) (_impure_ptr)
c:/program files (x86)/gnu tools arm embedded/4.9 2015q2/bin/../lib/gcc/arm-none-eabi/4.9.3/../../../../arm-none-eabi/lib/armv7-m\libg_nano.a(lib_a-memcpy.o)
                              c:/program files (x86)/gnu tools arm embedded/4.9 2015q2/bin/../lib/gcc/arm-none-eabi/4.9.3/armv7-m\libgcc.a(unwind-arm.o) (memcpy)
c:/program files (x86)/gnu tools arm embedded/4.9 2015q2/bin/../lib/gcc/arm-none-eabi/4.9.3/../../../../arm-none-eabi/lib/armv7-m\libg_nano.a(lib_a-memset.o)
                              ./system/src/aducm360/DmaLib.o (memset)
c:/program files (x86)/gnu tools arm embedded/4.9 2015q2/bin/../lib/gcc/arm-none-eabi/4.9.3/../../../../arm-none-eabi/lib/armv7-m\libg_nano.a(lib_a-nano-vfprintf_float.o)
                              (_printf_float)
c:/program files (x86)/gnu tools arm embedded/4.9 2015q2/bin/../lib/gcc/arm-none-eabi/4.9.3/../../../../arm-none-eabi/lib/armv7-m\libg_nano.a(lib_a-nano-vfprintf_i.o)
                              c:/program files (x86)/gnu tools arm embedded/4.9 2015q2/bin/../lib/gcc/arm-none-eabi/4.9.3/../../../../arm-none-eabi/lib/armv7-m\libg_nano.a(lib_a-nano-vfprintf_float.o) (_printf_common)
c:/program files (x86)/gnu tools arm embedded/4.9 2015q2/bin/../lib/gcc/arm-none-eabi/4.9.3/../../../../arm-none-eabi/lib/armv7-m\libg_nano.a(lib_a-nano-vfscanf_float.o)
                              (_scanf_float)
c:/program files (x86)/gnu tools arm embedded/4.9 2015q2/bin/../lib/gcc/arm-none-eabi/4.9.3/../../../../arm-none-eabi/lib/armv7-m\libg_nano.a(lib_a-printf.o)
                              ./src/CN0396.o (printf)
c:/program files (x86)/gnu tools arm embedded/4.9 2015q2/bin/../lib/gcc/arm-none-eabi/4.9.3/../../../../arm-none-eabi/lib/armv7-m\libg_nano.a(lib_a-putchar.o)
                              ./src/CN0396.o (putchar)
c:/program files (x86)/gnu tools arm embedded/4.9 2015q2/bin/../lib/gcc/arm-none-eabi/4.9.3/../../../../arm-none-eabi/lib/armv7-m\libg_nano.a(lib_a-puts.o)
                              ./src/CN0396.o (puts)
c:/program files (x86)/gnu tools arm embedded/4.9 2015q2/bin/../lib/gcc/arm-none-eabi/4.9.3/../../../../arm-none-eabi/lib/armv7-m\libg_nano.a(lib_a-s_fpclassify.o)
[...]
Memory Configuration

Name             Origin             Length             Attributes
FLASH            0x00000000         0x00020000         xr
RAM              0x20000000         0x00002000         xrw
CCMRAM           0x10000000         0x00000000         xrw
FLASHB1          0x00000000         0x00000000         xr
EXTMEMB0         0x00000000         0x00000000         xr
EXTMEMB1         0x00000000         0x00000000         xr
EXTMEMB2         0x00000000         0x00000000         xr
EXTMEMB3         0x00000000         0x00000000         xr
*default*        0x00000000         0xffffffff

Linker script and memory map

LOAD ./system/src/newlib/_cxx.o
LOAD ./system/src/newlib/_exit.o
LOAD ./system/src/newlib/_sbrk.o
LOAD ./system/src/newlib/_startup.o
LOAD ./system/src/newlib/_syscalls.o
LOAD ./system/src/newlib/assert.o
LOAD ./system/src/diag/Trace.o
LOAD ./system/src/diag/trace_impl.o
LOAD ./system/src/cortexm/_initialize_hardware.o
LOAD ./system/src/cortexm/_reset_hardware.o
LOAD ./system/src/cortexm/exception_handlers.o
LOAD ./system/src/cmsis/system_ADuCM360.o
LOAD ./system/src/cmsis/vectors_ADuCM360.o
LOAD ./system/src/aducm360/AdcLib.o
LOAD ./system/src/aducm360/ClkLib.o
LOAD ./system/src/aducm360/DacLib.o
LOAD ./system/src/aducm360/DioLib.o
LOAD ./system/src/aducm360/DmaLib.o
LOAD ./system/src/aducm360/FeeLib.o
LOAD ./system/src/aducm360/GptLib.o
LOAD ./system/src/aducm360/I2cLib.o
LOAD ./system/src/aducm360/IexcLib.o
LOAD ./system/src/aducm360/IntLib.o
LOAD ./system/src/aducm360/PwmLib.o
LOAD ./system/src/aducm360/PwrLib.o
LOAD ./system/src/aducm360/RstLib.o
LOAD ./system/src/aducm360/SpiLib.o
LOAD ./system/src/aducm360/UrtLib.o
LOAD ./system/src/aducm360/WdtLib.o
LOAD ./system/src/aducm360/WutLib.o
LOAD ./src/AD5270.o
LOAD ./src/AD7798.o
LOAD ./src/ADT7310.o
LOAD ./src/CN0396.o
LOAD ./src/Communication.o
LOAD ./src/Timer.o
LOAD ./src/main.o
LOAD c:/program files (x86)/gnu tools arm embedded/4.9 2015q2/bin/../lib/gcc/arm-none-eabi/4.9.3/../../../../arm-none-eabi/lib/armv7-m\libstdc++_nano.a
LOAD c:/program files (x86)/gnu tools arm embedded/4.9 2015q2/bin/../lib/gcc/arm-none-eabi/4.9.3/../../../../arm-none-eabi/lib/armv7-m\libm.a
START GROUP
LOAD c:/program files (x86)/gnu tools arm embedded/4.9 2015q2/bin/../lib/gcc/arm-none-eabi/4.9.3/armv7-m\libgcc.a
LOAD c:/program files (x86)/gnu tools arm embedded/4.9 2015q2/bin/../lib/gcc/arm-none-eabi/4.9.3/../../../../arm-none-eabi/lib/armv7-m\libg_nano.a
LOAD c:/program files (x86)/gnu tools arm embedded/4.9 2015q2/bin/../lib/gcc/arm-none-eabi/4.9.3/../../../../arm-none-eabi/lib/armv7-m\libc_nano.a
END GROUP
START GROUP
LOAD c:/program files (x86)/gnu tools arm embedded/4.9 2015q2/bin/../lib/gcc/arm-none-eabi/4.9.3/armv7-m\libgcc.a
LOAD c:/program files (x86)/gnu tools arm embedded/4.9 2015q2/bin/../lib/gcc/arm-none-eabi/4.9.3/../../../../arm-none-eabi/lib/armv7-m\libc_nano.a
END GROUP
                0x20002000                __stack = (ORIGIN (RAM) + 0x2000)
                0x20002000                _estack = __stack
                0x00000400                __Main_Stack_Size = 0x400
                0x00000400                PROVIDE (_Main_Stack_Size, __Main_Stack_Size)
                0x20001c00                __Main_Stack_Limit = (__stack - __Main_Stack_Size)
                0x20001c00                PROVIDE (_Main_Stack_Limit, __Main_Stack_Limit)
                0x00000100                _Minimum_Stack_Size = 0x100
                0x200005b4                PROVIDE (_Heap_Begin, _end_noinit)
                0x20001c00                PROVIDE (_Heap_Limit, (__stack - __Main_Stack_Size))

.isr_vector     0x00000000      0x3a4
 FILL mask 0xff
                0x00000000                __vectors_start = ABSOLUTE (.)
                0x00000000                __vectors_start__ = ABSOLUTE (.)
 *(.isr_vector)
 .isr_vector    0x00000000       0xe0 ./system/src/cmsis/vectors_ADuCM360.o
                0x00000000                __isr_vectors
 *(.cfmconfig)
 *(.after_vectors .after_vectors.*)
 .after_vectors
                0x000000e0      0x178 ./system/src/newlib/_startup.o
                0x000000e0                _start
 .after_vectors
                0x00000258      0x144 ./system/src/cortexm/exception_handlers.o
                0x00000258                Reset_Handler
                0x00000260                NMI_Handler
                0x00000268                HardFault_Handler
                0x0000027c                HardFault_Handler_C
                0x000002bc                MemManage_Handler
                0x000002c4                BusFault_Handler
                0x000002d8                BusFault_Handler_C
                0x00000318                UsageFault_Handler
                0x0000032c                UsageFault_Handler_C
                0x0000036c                SVC_Handler
                0x00000374                DebugMon_Handler
                0x0000037c                PendSV_Handler
 .after_vectors
                0x0000039c        0x8 ./system/src/cmsis/vectors_ADuCM360.o
                0x0000039c                I2C0_Slave_Int_Handler
                0x0000039c                DMA_I2C0_SRX_Int_Handler
                0x0000039c                DMA_SPI1_RX_Int_Handler
                0x0000039c                GP_Tmr0_Int_Handler
                0x0000039c                Ext_Int5_Handler
                0x0000039c                GP_Tmr1_Int_Handler
                0x0000039c                DMA_UART_RX_Int_Handler
                0x0000039c                DMA_Err_Int_Handler
                0x0000039c                Ext_Int7_Handler
                0x0000039c                DMA_ADC1_Int_Handler
                0x0000039c                PWM1_Int_Handler
                0x0000039c                WDog_Tmr_Int_Handler
                0x0000039c                Ext_Int2_Handler
                0x0000039c                ADC0_Int_Handler
                0x0000039c                DMA_I2C0_STX_Int_Handler
                0x0000039c                DMA_I2C0_MTX_Int_Handler
                0x0000039c                Default_Handler
                0x0000039c                DMA_I2C0_MRX_Int_Handler
                0x0000039c                SPI1_Int_Handler
                0x0000039c                Ext_Int0_Handler
                0x0000039c                DMA_UART_TX_Int_Handler
                0x0000039c                I2C0_Master_Int_Handler
                0x0000039c                PWM0_Int_Handler
                0x0000039c                Ext_Int4_Handler
                0x0000039c                SINC2_Int_Handler
                0x0000039c                Ext_Int3_Handler
                0x0000039c                DMA_SINC2_Int_Handler
                0x0000039c                PWMTRIP_Int_Handler
                0x0000039c                ADC1_Int_Handler
                0x0000039c                DMA_SPI1_TX_Int_Handler
                0x0000039c                Ext_Int1_Handler
                0x0000039c                DMA_ADC0_Int_Handler
                0x0000039c                Ext_Int6_Handler
                0x0000039c                SPI0_Int_Handler
                0x0000039c                DMA_DAC_Out_Int_Handler
                0x0000039c                WakeUp_Int_Handler
                0x0000039c                PWM2_Int_Handler
                0x0000039c                Flsh_Int_Handler

.inits          0x000003a4       0x28
                0x000003a4                __data_regions_array_start = .
                0x000003a4        0x4 LONG 0x7a58 LOADADDR (.data)
                0x000003a8        0x4 LONG 0x20000000 ADDR (.data)
                0x000003ac        0x4 LONG 0x200000b0 (ADDR (.data) + SIZEOF (.data))
                0x000003b0        0x4 LONG 0x7a58 LOADADDR (.data_CCMRAM)
                0x000003b4        0x4 LONG 0x10000000 ADDR (.data_CCMRAM)
                0x000003b8        0x4 LONG 0x10000000 (ADDR (.data_CCMRAM) + SIZEOF (.data_CCMRAM))
                0x000003bc                __data_regions_array_end = .
                0x000003bc                __bss_regions_array_start = .
                0x000003bc        0x4 LONG 0x200000b0 ADDR (.bss)
                0x000003c0        0x4 LONG 0x200005b4 (ADDR (.bss) + SIZEOF (.bss))
                0x000003c4        0x4 LONG 0x10000000 ADDR (.bss_CCMRAM)
                0x000003c8        0x4 LONG 0x10000000 (ADDR (.bss_CCMRAM) + SIZEOF (.bss_CCMRAM))
                0x000003cc                __bss_regions_array_end = .
 *(.init)
 *(.fini)
                0x000003cc                . = ALIGN (0x4)
                0x000003cc                PROVIDE (__preinit_array_start, .)
 *(.preinit_array_sysinit .preinit_array_sysinit.*)
 *(.preinit_array_platform .preinit_array_platform.*)
 *(.preinit_array .preinit_array.*)
                0x000003cc                PROVIDE (__preinit_array_end, .)
                0x000003cc                . = ALIGN (0x4)
                0x000003cc                PROVIDE (__init_array_start, .)
 *(SORT(.init_array.*))
 *(.init_array)
                0x000003cc                PROVIDE (__init_array_end, .)
                0x000003cc                . = ALIGN (0x4)
                0x000003cc                PROVIDE (__fini_array_start, .)
 *(SORT(.fini_array.*))
 *(.fini_array)
                0x000003cc                PROVIDE (__fini_array_end, .)

.flashtext
 *(.flashtext .flashtext.*)

.text           0x000003d0     0x7688
 *(.text .text.*)
 .text._exit    0x000003d0        0xc ./system/src/newlib/_exit.o
                0x000003d0                _exit
 .text._sbrk    0x000003dc       0x68 ./system/src/newlib/_sbrk.o
                0x000003dc                _sbrk
 .text.__initialize_args
                0x00000444       0x28 ./system/src/newlib/_syscalls.o
                0x00000444                __initialize_args
 .text._close   0x0000046c       0x20 ./system/src/newlib/_syscalls.o
                0x0000046c                _close
 .text._fstat   0x0000048c       0x20 ./system/src/newlib/_syscalls.o
                0x0000048c                _fstat
 .text._isatty  0x000004ac       0x1c ./system/src/newlib/_syscalls.o
                0x000004ac                _isatty
 .text._lseek   0x000004c8       0x24 ./system/src/newlib/_syscalls.o
                0x000004c8                _lseek
 .text._read    0x000004ec       0x24 ./system/src/newlib/_syscalls.o
                0x000004ec                _read
 .text.trace_printf
                0x00000510       0x44 ./system/src/diag/Trace.o
                0x00000510                trace_printf
 .text.trace_write
                0x00000554       0x1c ./system/src/diag/trace_impl.o
                0x00000554                trace_write
 .text.__initialize_hardware_early
                0x00000570       0x18 ./system/src/cortexm/_initialize_hardware.o
                0x00000570                __initialize_hardware_early
 .text.__initialize_hardware
                0x00000588        0xc ./system/src/cortexm/_initialize_hardware.o
                0x00000588                __initialize_hardware
 .text.dumpExceptionStack
                0x00000594      0x12c ./system/src/cortexm/exception_handlers.o
                0x00000594                dumpExceptionStack
 .text.SystemCoreClockUpdate
                0x000006c0       0xe8 ./system/src/cmsis/system_ADuCM360.o
                0x000006c0                SystemCoreClockUpdate
 .text.SystemInit
                0x000007a8       0x34 ./system/src/cmsis/system_ADuCM360.o
                0x000007a8                SystemInit
 .text.DioCfg   0x000007dc       0x20 ./system/src/aducm360/DioLib.o
                0x000007dc                DioCfg
 .text.DioPul   0x000007fc       0x20 ./system/src/aducm360/DioLib.o
                0x000007fc                DioPul
 .text.DioCfgPin
                0x0000081c       0x50 ./system/src/aducm360/DioLib.o
                0x0000081c                DioCfgPin
 .text.DioOenPin
                0x0000086c       0x54 ./system/src/aducm360/DioLib.o
                0x0000086c                DioOenPin
 .text.DioPulPin
                0x000008c0       0x54 ./system/src/aducm360/DioLib.o
                0x000008c0                DioPulPin
 .text.DioSet   0x00000914       0x24 ./system/src/aducm360/DioLib.o
                0x00000914                DioSet
 .text.DioClr   0x00000938       0x28 ./system/src/aducm360/DioLib.o
                0x00000938                DioClr
 .text.SpiCfg   0x00000960       0x38 ./system/src/aducm360/SpiLib.o
                0x00000960                SpiCfg
 .text.SpiBaud  0x00000998       0x30 ./system/src/aducm360/SpiLib.o
                0x00000998                SpiBaud
 .text.SpiRx    0x000009c8       0x1c ./system/src/aducm360/SpiLib.o
                0x000009c8                SpiRx
 .text.SpiTx    0x000009e4       0x20 ./system/src/aducm360/SpiLib.o
                0x000009e4                SpiTx
 .text.SpiSta   0x00000a04       0x1c ./system/src/aducm360/SpiLib.o
                0x00000a04                SpiSta
 .text.SpiFifoFlush
                0x00000a20       0x6c ./system/src/aducm360/SpiLib.o
                0x00000a20                SpiFifoFlush
 .text.UrtCfg   0x00000a8c      0x120 ./system/src/aducm360/UrtLib.o
                0x00000a8c                UrtCfg
 .text.UrtTx    0x00000bac       0x34 ./system/src/aducm360/UrtLib.o
                0x00000bac                UrtTx
 .text.UrtMod   0x00000be0       0x2c ./system/src/aducm360/UrtLib.o
                0x00000be0                UrtMod
 .text.UrtIntCfg
                0x00000c0c       0x20 ./system/src/aducm360/UrtLib.o
                0x00000c0c                UrtIntCfg
 .text.UrtIntSta
                0x00000c2c       0x1c ./system/src/aducm360/UrtLib.o
                0x00000c2c                UrtIntSta
 .text.AD5270_CalcRDAC
                0x00000c48       0x5c ./src/AD5270.o
                0x00000c48                AD5270_CalcRDAC
 .text.AD5270_Set_SDO_HiZ
                0x00000ca4       0x38 ./src/AD5270.o
                0x00000ca4                AD5270_Set_SDO_HiZ
 .text.AD5270_WriteReg
                0x00000cdc       0x48 ./src/AD5270.o
                0x00000cdc                AD5270_WriteReg
 .text.AD7798_Init
                0x00000d24       0x2c ./src/AD7798.o
                0x00000d24                AD7798_Init
 .text.AD7798_Reset
                0x00000d50       0x2c ./src/AD7798.o
                0x00000d50                AD7798_Reset
 .text.AD7798_GetRegisterValue
                0x00000d7c       0xc0 ./src/AD7798.o
                0x00000d7c                AD7798_GetRegisterValue
 .text.AD7798_SetRegisterValue
                0x00000e3c       0xd4 ./src/AD7798.o
                0x00000e3c                AD7798_SetRegisterValue
 .text.AD7798_SetMode
                0x00000f10       0x3c ./src/AD7798.o
                0x00000f10                AD7798_SetMode
 .text.AD7798_SetChannel
                0x00000f4c       0x3c ./src/AD7798.o
                0x00000f4c                AD7798_SetChannel
 .text.AD7798_SetGain
                0x00000f88       0x44 ./src/AD7798.o
                0x00000f88                AD7798_SetGain
 .text.AD7798_SetFilter
                0x00000fcc       0x3c ./src/AD7798.o
                0x00000fcc                AD7798_SetFilter
 .text.AD7798_SetReference
                0x00001008       0x48 ./src/AD7798.o
                0x00001008                AD7798_SetReference
 .text.AD7798_SetCodingMode
                0x00001050       0x48 ./src/AD7798.o
                0x00001050                AD7798_SetCodingMode
 .text.AD7798_ReadData
                0x00001098       0x78 ./src/AD7798.o
                0x00001098                AD7798_ReadData
 .text.ADT7310_Reset
                0x00001110       0x2c ./src/ADT7310.o
                0x00001110                ADT7310_Reset
 .text.ADT7310_ReadReg
                0x0000113c       0xbc ./src/ADT7310.o
                0x0000113c                ADT7310_ReadReg
 .text.ADT7310_WriteReg
                0x000011f8       0xcc ./src/ADT7310.o
                0x000011f8                ADT7310_WriteReg
 .text.ADT7310_ReadTemp
                0x000012c4       0x84 ./src/ADT7310.o
                0x000012c4                ADT7310_ReadTemp
 .text.CN0396_DisplayData
                0x00001348      0x124 ./src/CN0396.o
                0x00001348                CN0396_DisplayData
 .text.CN0396_ConvertToVoltage
                0x0000146c       0xa0 ./src/CN0396.o
                0x0000146c                CN0396_ConvertToVoltage
 .text.CN0396_Init
                0x0000150c       0x98 ./src/CN0396.o
                0x0000150c                CN0396_Init
 *fill*         0x000015a4        0x4 
 .text.CN0396_SetAppData
                0x000015a8      0x124 ./src/CN0396.o
                0x000015a8                CN0396_SetAppData
 .text.CN0396_GetFeedbackResistor
                0x000016cc       0x44 ./src/CN0396.o
                0x000016cc                CN0396_GetFeedbackResistor
 .text.CN0396_ConfigureFeedbackResistors
                0x00001710       0x60 ./src/CN0396.o
                0x00001710                CN0396_ConfigureFeedbackResistors
 .text.CN0396_CompensatePPM
                0x00001770      0x224 ./src/CN0396.o
                0x00001770                CN0396_CompensatePPM
 .text.NVIC_EnableIRQ
                0x00001994       0x30 ./src/Communication.o
 .text.UART_Init
                0x000019c4       0x54 ./src/Communication.o
                0x000019c4                UART_Init
 .text.UART_WriteChar
                0x00001a18       0x34 ./src/Communication.o
                0x00001a18                UART_WriteChar
 .text._write   0x00001a4c       0x58 ./src/Communication.o
                0x00001a4c                _write
 .text.SPI_Init
                0x00001aa4       0x90 ./src/Communication.o
                0x00001aa4                SPI_Init
 .text.SPI_Write
                0x00001b34       0xdc ./src/Communication.o
                0x00001b34                SPI_Write
 .text.SPI_Read
                0x00001c10      0x180 ./src/Communication.o
                0x00001c10                SPI_Read
 .text.NVIC_SetPriority
                0x00001d90       0x54 ./src/Timer.o
 .text.SysTick_Config
                0x00001de4       0x44 ./src/Timer.o
 .text.timer_start
                0x00001e28       0x20 ./src/Timer.o
                0x00001e28                timer_start
 .text.timer_sleep
                0x00001e48       0x28 ./src/Timer.o
                0x00001e48                timer_sleep
 .text.timer_tick
                0x00001e70       0x24 ./src/Timer.o
                0x00001e70                timer_tick
 .text.SysTick_Handler
                0x00001e94        0xc ./src/Timer.o
                0x00001e94                SysTick_Handler
 .text.UART_Int_Handler
                0x00001ea0       0x4c ./src/main.o
                0x00001ea0                UART_Int_Handler
 .text.main     0x00001eec       0x34 ./src/main.o
                0x00001eec                main
 .text          0x00001f20      0x370 c:/program files (x86)/gnu tools arm embedded/4.9 2015q2/bin/../lib/gcc/arm-none-eabi/4.9.3/armv7-m\libgcc.a(_arm_addsubdf3.o)
                0x00001f20                __aeabi_drsub
                0x00001f28                __aeabi_dsub
                0x00001f28                __subdf3
                0x00001f2c                __aeabi_dadd
                0x00001f2c                __adddf3
                0x000021a4                __floatunsidf
                0x000021a4                __aeabi_ui2d
                0x000021c4                __floatsidf
                0x000021c4                __aeabi_i2d
                0x000021e8                __aeabi_f2d
                0x000021e8                __extendsfdf2
                0x00002224                __floatundidf
                0x00002224                __aeabi_ul2d
                0x00002234                __floatdidf
                0x00002234                __aeabi_l2d
 .text          0x00002290      0x424 c:/program files (x86)/gnu tools arm embedded/4.9 2015q2/bin/../lib/gcc/arm-none-eabi/4.9.3/armv7-m\libgcc.a(_arm_muldivdf3.o)
                0x00002290                __aeabi_dmul
                0x00002290                __muldf3
                0x000024e4                __divdf3
                0x000024e4                __aeabi_ddiv
 .text          0x000026b4       0x40 c:/program files (x86)/gnu tools arm embedded/4.9 2015q2/bin/../lib/gcc/arm-none-eabi/4.9.3/armv7-m\libgcc.a(_arm_fixunsdfsi.o)
                0x000026b4                __aeabi_d2uiz
                0x000026b4                __fixunsdfsi
 .text          0x000026f4       0xa0 c:/program files (x86)/gnu tools arm embedded/4.9 2015q2/bin/../lib/gcc/arm-none-eabi/4.9.3/armv7-m\libgcc.a(_arm_truncdfsf2.o)
                0x000026f4                __truncdfsf2
                0x000026f4                __aeabi_d2f
 .text          0x00002794      0x21c c:/program files (x86)/gnu tools arm embedded/4.9 2015q2/bin/../lib/gcc/arm-none-eabi/4.9.3/armv7-m\libgcc.a(_arm_addsubsf3.o)
                0x00002794                __aeabi_frsub
                0x0000279c                __subsf3
                0x0000279c                __aeabi_fsub
                0x000027a0                __aeabi_fadd
                0x000027a0                __addsf3
                0x00002900                __aeabi_ui2f
                0x00002900                __floatunsisf
                0x00002908                __aeabi_i2f
                0x00002908                __floatsisf
                0x00002924                __aeabi_ul2f
                0x00002924                __floatundisf
                0x00002934                __aeabi_l2f
                0x00002934                __floatdisf
 .text          0x000029b0      0x2a0 c:/program files (x86)/gnu tools arm embedded/4.9 2015q2/bin/../lib/gcc/arm-none-eabi/4.9.3/armv7-m\libgcc.a(_arm_muldivsf3.o)
                0x000029b0                __mulsf3
                0x000029b0                __aeabi_fmul
                0x00002b18                __aeabi_fdiv
                0x00002b18                __divsf3
 .text          0x00002c50       0xec c:/program files (x86)/gnu tools arm embedded/4.9 2015q2/bin/../lib/gcc/arm-none-eabi/4.9.3/armv7-m\libgcc.a(_arm_cmpsf2.o)
                0x00002c50                __gesf2
                0x00002c50                __gtsf2
                0x00002c58                __lesf2
                0x00002c58                __ltsf2
                0x00002c60                __nesf2
                0x00002c60                __eqsf2
                0x00002c60                __cmpsf2
                0x00002cc0                __aeabi_cfrcmple
                0x00002cc8                __aeabi_cfcmpeq
                0x00002cc8                __aeabi_cfcmple
                0x00002cd8                __aeabi_fcmpeq
                0x00002cec                __aeabi_fcmplt
                0x00002d00                __aeabi_fcmple
                0x00002d14                __aeabi_fcmpge
                0x00002d28                __aeabi_fcmpgt
 .text.__errno  0x00002d3c        0xc c:/program files (x86)/gnu tools arm embedded/4.9 2015q2/bin/../lib/gcc/arm-none-eabi/4.9.3/../../../../arm-none-eabi/lib/armv7-m\libg_nano.a(lib_a-errno.o)
                0x00002d3c                __errno
 .text.memcpy   0x00002d48       0x16 c:/program files (x86)/gnu tools arm embedded/4.9 2015q2/bin/../lib/gcc/arm-none-eabi/4.9.3/../../../../arm-none-eabi/lib/armv7-m\libg_nano.a(lib_a-memcpy.o)
                0x00002d48                memcpy
 .text.memset   0x00002d5e       0x10 c:/program files (x86)/gnu tools arm embedded/4.9 2015q2/bin/../lib/gcc/arm-none-eabi/4.9.3/../../../../arm-none-eabi/lib/armv7-m\libg_nano.a(lib_a-memset.o)
                0x00002d5e                memset
 .text.__cvt    0x00002d6e       0xbc c:/program files (x86)/gnu tools arm embedded/4.9 2015q2/bin/../lib/gcc/arm-none-eabi/4.9.3/../../../../arm-none-eabi/lib/armv7-m\libg_nano.a(lib_a-nano-vfprintf_float.o)
                0x00002d6e                __cvt
 .text.__exponent
                0x00002e2a       0x62 c:/program files (x86)/gnu tools arm embedded/4.9 2015q2/bin/../lib/gcc/arm-none-eabi/4.9.3/../../../../arm-none-eabi/lib/armv7-m\libg_nano.a(lib_a-nano-vfprintf_float.o)
                0x00002e2a                __exponent
 .text._printf_float
                0x00002e8c      0x48c c:/program files (x86)/gnu tools arm embedded/4.9 2015q2/bin/../lib/gcc/arm-none-eabi/4.9.3/../../../../arm-none-eabi/lib/armv7-m\libg_nano.a(lib_a-nano-vfprintf_float.o)
                0x00002e8c                _printf_float
 .text._printf_common
                0x00003318       0xea c:/program files (x86)/gnu tools arm embedded/4.9 2015q2/bin/../lib/gcc/arm-none-eabi/4.9.3/../../../../arm-none-eabi/lib/armv7-m\libg_nano.a(lib_a-nano-vfprintf_i.o)
                0x00003318                _printf_common
 *fill*         0x00003402        0x2 
 .text._printf_i
                0x00003404      0x240 c:/program files (x86)/gnu tools arm embedded/4.9 2015q2/bin/../lib/gcc/arm-none-eabi/4.9.3/../../../../arm-none-eabi/lib/armv7-m\libg_nano.a(lib_a-nano-vfprintf_i.o)
                0x00003404                _printf_i
 .text._scanf_float
                0x00003644      0x3cc c:/program files (x86)/gnu tools arm embedded/4.9 2015q2/bin/../lib/gcc/arm-none-eabi/4.9.3/../../../../arm-none-eabi/lib/armv7-m\libg_nano.a(lib_a-nano-vfscanf_float.o)
                0x00003644                _scanf_float
 .text.printf   0x00003a10       0x30 c:/program files (x86)/gnu tools arm embedded/4.9 2015q2/bin/../lib/gcc/arm-none-eabi/4.9.3/../../../../arm-none-eabi/lib/armv7-m\libg_nano.a(lib_a-printf.o)
                0x00003a10                iprintf
                0x00003a10                printf
 .text.putchar  0x00003a40       0x28 c:/program files (x86)/gnu tools arm embedded/4.9 2015q2/bin/../lib/gcc/arm-none-eabi/4.9.3/../../../../arm-none-eabi/lib/armv7-m\libg_nano.a(lib_a-putchar.o)
                0x00003a40                putchar
 .text._puts_r  0x00003a68       0xbc c:/program files (x86)/gnu tools arm embedded/4.9 2015q2/bin/../lib/gcc/arm-none-eabi/4.9.3/../../../../arm-none-eabi/lib/armv7-m\libg_nano.a(lib_a-puts.o)
                0x00003a68                _puts_r
 .text.puts     0x00003b24       0x10 c:/program files (x86)/gnu tools arm embedded/4.9 2015q2/bin/../lib/gcc/arm-none-eabi/4.9.3/../../../../arm-none-eabi/lib/armv7-m\libg_nano.a(lib_a-puts.o)
                0x00003b24                puts
 .text.__fpclassifyd
                0x00003b34       0x50 c:/program files (x86)/gnu tools arm embedded/4.9 2015q2/bin/../lib/gcc/arm-none-eabi/4.9.3/../../../../arm-none-eabi/lib/armv7-m\libg_nano.a(lib_a-s_fpclassify.o)
                0x00003b34                __fpclassifyd
 .text.nanf     0x00003b84        0x8 c:/program files (x86)/gnu tools arm embedded/4.9 2015q2/bin/../lib/gcc/arm-none-eabi/4.9.3/../../../../arm-none-eabi/lib/armv7-m\libg_nano.a(lib_a-sf_nan.o)
                0x00003b84                nanf
 .text.sprintf  0x00003b8c       0x48 c:/program files (x86)/gnu tools arm embedded/4.9 2015q2/bin/../lib/gcc/arm-none-eabi/4.9.3/../../../../arm-none-eabi/lib/armv7-m\libg_nano.a(lib_a-sprintf.o)
                0x00003b8c                siprintf
                0x00003b8c                sprintf
 .text.strlen   0x00003bd4       0x10 c:/program files (x86)/gnu tools arm embedded/4.9 2015q2/bin/../lib/gcc/arm-none-eabi/4.9.3/../../../../arm-none-eabi/lib/armv7-m\libg_nano.a(lib_a-strlen.o)
                0x00003bd4                strlen
 .text.match    0x00003be4       0x26 c:/program files (x86)/gnu tools arm embedded/4.9 2015q2/bin/../lib/gcc/arm-none-eabi/4.9.3/../../../../arm-none-eabi/lib/armv7-m\libg_nano.a(lib_a-strtod.o)
 .text.sulp     0x00003c0a       0x42 c:/program files (x86)/gnu tools arm embedded/4.9 2015q2/bin/../lib/gcc/arm-none-eabi/4.9.3/../../../../arm-none-eabi/lib/armv7-m\libg_nano.a(lib_a-strtod.o)
 *fill*         0x00003c4c        0x4 
 .text._strtod_r
                0x00003c50      0xc3c c:/program files (x86)/gnu tools arm embedded/4.9 2015q2/bin/../lib/gcc/arm-none-eabi/4.9.3/../../../../arm-none-eabi/lib/armv7-m\libg_nano.a(lib_a-strtod.o)
                0x00003c50                _strtod_r
 .text._strtol_r
                0x0000488c      0x10c c:/program files (x86)/gnu tools arm embedded/4.9 2015q2/bin/../lib/gcc/arm-none-eabi/4.9.3/../../../../arm-none-eabi/lib/armv7-m\libg_nano.a(lib_a-strtol.o)
                0x0000488c                _strtol_r
 .text._vsnprintf_r
                0x00004998       0x52 c:/program files (x86)/gnu tools arm embedded/4.9 2015q2/bin/../lib/gcc/arm-none-eabi/4.9.3/../../../../arm-none-eabi/lib/armv7-m\libg_nano.a(lib_a-vsnprintf.o)
                0x00004998                _vsniprintf_r
                0x00004998                _vsnprintf_r
 *fill*         0x000049ea        0x2 
 .text.vsnprintf
                0x000049ec       0x20 c:/program files (x86)/gnu tools arm embedded/4.9 2015q2/bin/../lib/gcc/arm-none-eabi/4.9.3/../../../../arm-none-eabi/lib/armv7-m\libg_nano.a(lib_a-vsnprintf.o)
                0x000049ec                vsniprintf
                0x000049ec                vsnprintf
 .text.__swbuf_r
                0x00004a0c       0xa8 c:/program files (x86)/gnu tools arm embedded/4.9 2015q2/bin/../lib/gcc/arm-none-eabi/4.9.3/../../../../arm-none-eabi/lib/armv7-m\libg_nano.a(lib_a-wbuf.o)
                0x00004a0c                __swbuf_r
 .text.__swsetup_r
                0x00004ab4       0xd8 c:/program files (x86)/gnu tools arm embedded/4.9 2015q2/bin/../lib/gcc/arm-none-eabi/4.9.3/../../../../arm-none-eabi/lib/armv7-m\libg_nano.a(lib_a-wsetup.o)
                0x00004ab4                __swsetup_r
 .text.quorem   0x00004b8c      0x114 c:/program files (x86)/gnu tools arm embedded/4.9 2015q2/bin/../lib/gcc/arm-none-eabi/4.9.3/../../../../arm-none-eabi/lib/armv7-m\libg_nano.a(lib_a-dtoa.o)
 .text._dtoa_r  0x00004ca0      0xb74 c:/program files (x86)/gnu tools arm embedded/4.9 2015q2/bin/../lib/gcc/arm-none-eabi/4.9.3/../../../../arm-none-eabi/lib/armv7-m\libg_nano.a(lib_a-dtoa.o)
                0x00004ca0                _dtoa_r
 .text.__sflush_r
                0x00005814      0x106 c:/program files (x86)/gnu tools arm embedded/4.9 2015q2/bin/../lib/gcc/arm-none-eabi/4.9.3/../../../../arm-none-eabi/lib/armv7-m\libg_nano.a(lib_a-fflush.o)
                0x00005814                __sflush_r
 *fill*         0x0000591a        0x2 
 .text._fflush_r
                0x0000591c       0x54 c:/program files (x86)/gnu tools arm embedded/4.9 2015q2/bin/../lib/gcc/arm-none-eabi/4.9.3/../../../../arm-none-eabi/lib/armv7-m\libg_nano.a(lib_a-fflush.o)
                0x0000591c                _fflush_r
 .text._cleanup_r
                0x00005970        0xc c:/program files (x86)/gnu tools arm embedded/4.9 2015q2/bin/../lib/gcc/arm-none-eabi/4.9.3/../../../../arm-none-eabi/lib/armv7-m\libg_nano.a(lib_a-findfp.o)
                0x00005970                _cleanup_r
 .text.std.isra.0
                0x0000597c       0x48 c:/program files (x86)/gnu tools arm embedded/4.9 2015q2/bin/../lib/gcc/arm-none-eabi/4.9.3/../../../../arm-none-eabi/lib/armv7-m\libg_nano.a(lib_a-findfp.o)
 .text.__sfmoreglue
                0x000059c4       0x2c c:/program files (x86)/gnu tools arm embedded/4.9 2015q2/bin/../lib/gcc/arm-none-eabi/4.9.3/../../../../arm-none-eabi/lib/armv7-m\libg_nano.a(lib_a-findfp.o)
                0x000059c4                __sfmoreglue
 .text.__sinit  0x000059f0       0x60 c:/program files (x86)/gnu tools arm embedded/4.9 2015q2/bin/../lib/gcc/arm-none-eabi/4.9.3/../../../../arm-none-eabi/lib/armv7-m\libg_nano.a(lib_a-findfp.o)
                0x000059f0                __sinit
 .text.__sfp    0x00005a50       0x74 c:/program files (x86)/gnu tools arm embedded/4.9 2015q2/bin/../lib/gcc/arm-none-eabi/4.9.3/../../../../arm-none-eabi/lib/armv7-m\libg_nano.a(lib_a-findfp.o)
                0x00005a50                __sfp
 .text._fwalk_reent
                0x00005ac4       0x3c c:/program files (x86)/gnu tools arm embedded/4.9 2015q2/bin/../lib/gcc/arm-none-eabi/4.9.3/../../../../arm-none-eabi/lib/armv7-m\libg_nano.a(lib_a-fwalk.o)
                0x00005ac4                _fwalk_reent
 .text.rshift   0x00005b00       0x6c c:/program files (x86)/gnu tools arm embedded/4.9 2015q2/bin/../lib/gcc/arm-none-eabi/4.9.3/../../../../arm-none-eabi/lib/armv7-m\libg_nano.a(lib_a-gdtoa-gethex.o)
 .text.__hexdig_fun
                0x00005b6c       0x2a c:/program files (x86)/gnu tools arm embedded/4.9 2015q2/bin/../lib/gcc/arm-none-eabi/4.9.3/../../../../arm-none-eabi/lib/armv7-m\libg_nano.a(lib_a-gdtoa-gethex.o)
                0x00005b6c                __hexdig_fun
 .text.__gethex
                0x00005b96      0x44a c:/program files (x86)/gnu tools arm embedded/4.9 2015q2/bin/../lib/gcc/arm-none-eabi/4.9.3/../../../../arm-none-eabi/lib/armv7-m\libg_nano.a(lib_a-gdtoa-gethex.o)
                0x00005b96                __gethex
 .text.L_shift  0x00005fe0       0x24 c:/program files (x86)/gnu tools arm embedded/4.9 2015q2/bin/../lib/gcc/arm-none-eabi/4.9.3/../../../../arm-none-eabi/lib/armv7-m\libg_nano.a(lib_a-gdtoa-hexnan.o)
 .text.__hexnan
                0x00006004      0x114 c:/program files (x86)/gnu tools arm embedded/4.9 2015q2/bin/../lib/gcc/arm-none-eabi/4.9.3/../../../../arm-none-eabi/lib/armv7-m\libg_nano.a(lib_a-gdtoa-hexnan.o)
                0x00006004                __hexnan
 .text._localeconv_r
                0x00006118        0x8 c:/program files (x86)/gnu tools arm embedded/4.9 2015q2/bin/../lib/gcc/arm-none-eabi/4.9.3/../../../../arm-none-eabi/lib/armv7-m\libg_nano.a(lib_a-locale.o)
                0x00006118                _localeconv_r
 .text.__smakebuf_r
                0x00006120       0x98 c:/program files (x86)/gnu tools arm embedded/4.9 2015q2/bin/../lib/gcc/arm-none-eabi/4.9.3/../../../../arm-none-eabi/lib/armv7-m\libg_nano.a(lib_a-makebuf.o)
                0x00006120                __smakebuf_r
 .text.malloc   0x000061b8       0x10 c:/program files (x86)/gnu tools arm embedded/4.9 2015q2/bin/../lib/gcc/arm-none-eabi/4.9.3/../../../../arm-none-eabi/lib/armv7-m\libg_nano.a(lib_a-malloc.o)
                0x000061b8                malloc
 .text.memchr   0x000061c8       0x1c c:/program files (x86)/gnu tools arm embedded/4.9 2015q2/bin/../lib/gcc/arm-none-eabi/4.9.3/../../../../arm-none-eabi/lib/armv7-m\libg_nano.a(lib_a-memchr.o)
                0x000061c8                memchr
 .text._Balloc  0x000061e4       0x6a c:/program files (x86)/gnu tools arm embedded/4.9 2015q2/bin/../lib/gcc/arm-none-eabi/4.9.3/../../../../arm-none-eabi/lib/armv7-m\libg_nano.a(lib_a-mprec.o)
                0x000061e4                _Balloc
 .text._Bfree   0x0000624e       0x2e c:/program files (x86)/gnu tools arm embedded/4.9 2015q2/bin/../lib/gcc/arm-none-eabi/4.9.3/../../../../arm-none-eabi/lib/armv7-m\libg_nano.a(lib_a-mprec.o)
                0x0000624e                _Bfree
 .text.__multadd
                0x0000627c       0x7c c:/program files (x86)/gnu tools arm embedded/4.9 2015q2/bin/../lib/gcc/arm-none-eabi/4.9.3/../../../../arm-none-eabi/lib/armv7-m\libg_nano.a(lib_a-mprec.o)
                0x0000627c                __multadd
 .text.__s2b    0x000062f8       0x80 c:/program files (x86)/gnu tools arm embedded/4.9 2015q2/bin/../lib/gcc/arm-none-eabi/4.9.3/../../../../arm-none-eabi/lib/armv7-m\libg_nano.a(lib_a-mprec.o)
                0x000062f8                __s2b
 .text.__hi0bits
                0x00006378       0x40 c:/program files (x86)/gnu tools arm embedded/4.9 2015q2/bin/../lib/gcc/arm-none-eabi/4.9.3/../../../../arm-none-eabi/lib/armv7-m\libg_nano.a(lib_a-mprec.o)
                0x00006378                __hi0bits
 .text.__lo0bits
                0x000063b8       0x5a c:/program files (x86)/gnu tools arm embedded/4.9 2015q2/bin/../lib/gcc/arm-none-eabi/4.9.3/../../../../arm-none-eabi/lib/armv7-m\libg_nano.a(lib_a-mprec.o)
                0x000063b8                __lo0bits
 .text.__i2b    0x00006412       0x12 c:/program files (x86)/gnu tools arm embedded/4.9 2015q2/bin/../lib/gcc/arm-none-eabi/4.9.3/../../../../arm-none-eabi/lib/armv7-m\libg_nano.a(lib_a-mprec.o)
                0x00006412                __i2b
 .text.__multiply
                0x00006424      0x120 c:/program files (x86)/gnu tools arm embedded/4.9 2015q2/bin/../lib/gcc/arm-none-eabi/4.9.3/../../../../arm-none-eabi/lib/armv7-m\libg_nano.a(lib_a-mprec.o)
                0x00006424                __multiply
 .text.__pow5mult
                0x00006544       0x9c c:/program files (x86)/gnu tools arm embedded/4.9 2015q2/bin/../lib/gcc/arm-none-eabi/4.9.3/../../../../arm-none-eabi/lib/armv7-m\libg_nano.a(lib_a-mprec.o)
                0x00006544                __pow5mult
 .text.__lshift
                0x000065e0       0xa6 c:/program files (x86)/gnu tools arm embedded/4.9 2015q2/bin/../lib/gcc/arm-none-eabi/4.9.3/../../../../arm-none-eabi/lib/armv7-m\libg_nano.a(lib_a-mprec.o)
                0x000065e0                __lshift
 .text.__mcmp   0x00006686       0x38 c:/program files (x86)/gnu tools arm embedded/4.9 2015q2/bin/../lib/gcc/arm-none-eabi/4.9.3/../../../../arm-none-eabi/lib/armv7-m\libg_nano.a(lib_a-mprec.o)
                0x00006686                __mcmp
 .text.__mdiff  0x000066be       0xbe c:/program files (x86)/gnu tools arm embedded/4.9 2015q2/bin/../lib/gcc/arm-none-eabi/4.9.3/../../../../arm-none-eabi/lib/armv7-m\libg_nano.a(lib_a-mprec.o)
                0x000066be                __mdiff
 .text.__ulp    0x0000677c       0x48 c:/program files (x86)/gnu tools arm embedded/4.9 2015q2/bin/../lib/gcc/arm-none-eabi/4.9.3/../../../../arm-none-eabi/lib/armv7-m\libg_nano.a(lib_a-mprec.o)
                0x0000677c                __ulp
 .text.__b2d    0x000067c4       0x9e c:/program files (x86)/gnu tools arm embedded/4.9 2015q2/bin/../lib/gcc/arm-none-eabi/4.9.3/../../../../arm-none-eabi/lib/armv7-m\libg_nano.a(lib_a-mprec.o)
                0x000067c4                __b2d
 .text.__d2b    0x00006862       0xa4 c:/program files (x86)/gnu tools arm embedded/4.9 2015q2/bin/../lib/gcc/arm-none-eabi/4.9.3/../../../../arm-none-eabi/lib/armv7-m\libg_nano.a(lib_a-mprec.o)
                0x00006862                __d2b
 .text.__ratio  0x00006906       0x50 c:/program files (x86)/gnu tools arm embedded/4.9 2015q2/bin/../lib/gcc/arm-none-eabi/4.9.3/../../../../arm-none-eabi/lib/armv7-m\libg_nano.a(lib_a-mprec.o)
                0x00006906                __ratio
 .text.__copybits
                0x00006956       0x34 c:/program files (x86)/gnu tools arm embedded/4.9 2015q2/bin/../lib/gcc/arm-none-eabi/4.9.3/../../../../arm-none-eabi/lib/armv7-m\libg_nano.a(lib_a-mprec.o)
                0x00006956                __copybits
 .text.__any_on
                0x0000698a       0x44 c:/program files (x86)/gnu tools arm embedded/4.9 2015q2/bin/../lib/gcc/arm-none-eabi/4.9.3/../../../../arm-none-eabi/lib/armv7-m\libg_nano.a(lib_a-mprec.o)
                0x0000698a                __any_on
 .text._calloc_r
                0x000069ce       0x1c c:/program files (x86)/gnu tools arm embedded/4.9 2015q2/bin/../lib/gcc/arm-none-eabi/4.9.3/../../../../arm-none-eabi/lib/armv7-m\libg_nano.a(lib_a-nano-callocr.o)
                0x000069ce                _calloc_r
 *fill*         0x000069ea        0x2 
 .text._free_r  0x000069ec       0x88 c:/program files (x86)/gnu tools arm embedded/4.9 2015q2/bin/../lib/gcc/arm-none-eabi/4.9.3/../../../../arm-none-eabi/lib/armv7-m\libg_nano.a(lib_a-nano-freer.o)
                0x000069ec                _free_r
 .text._malloc_r
                0x00006a74       0xac c:/program files (x86)/gnu tools arm embedded/4.9 2015q2/bin/../lib/gcc/arm-none-eabi/4.9.3/../../../../arm-none-eabi/lib/armv7-m\libg_nano.a(lib_a-nano-mallocr.o)
                0x00006a74                _malloc_r
 .text.__ssputs_r
                0x00006b20       0xb2 c:/program files (x86)/gnu tools arm embedded/4.9 2015q2/bin/../lib/gcc/arm-none-eabi/4.9.3/../../../../arm-none-eabi/lib/armv7-m\libg_nano.a(lib_a-nano-svfprintf.o)
                0x00006b20                __ssputs_r
 *fill*         0x00006bd2        0x2 
 .text._svfprintf_r
                0x00006bd4      0x1e4 c:/program files (x86)/gnu tools arm embedded/4.9 2015q2/bin/../lib/gcc/arm-none-eabi/4.9.3/../../../../arm-none-eabi/lib/armv7-m\libg_nano.a(lib_a-nano-svfprintf.o)
                0x00006bd4                _svfiprintf_r
                0x00006bd4                _svfprintf_r
 .text.__sfputc_r
                0x00006db8       0x2c c:/program files (x86)/gnu tools arm embedded/4.9 2015q2/bin/../lib/gcc/arm-none-eabi/4.9.3/../../../../arm-none-eabi/lib/armv7-m\libg_nano.a(lib_a-nano-vfprintf.o)
 .text.__sfputs_r
                0x00006de4       0x24 c:/program files (x86)/gnu tools arm embedded/4.9 2015q2/bin/../lib/gcc/arm-none-eabi/4.9.3/../../../../arm-none-eabi/lib/armv7-m\libg_nano.a(lib_a-nano-vfprintf.o)
                0x00006de4                __sfputs_r
 .text._vfprintf_r
                0x00006e08      0x210 c:/program files (x86)/gnu tools arm embedded/4.9 2015q2/bin/../lib/gcc/arm-none-eabi/4.9.3/../../../../arm-none-eabi/lib/armv7-m\libg_nano.a(lib_a-nano-vfprintf.o)
                0x00006e08                _vfprintf_r
                0x00006e08                _vfiprintf_r
 .text._putc_r  0x00007018       0x78 c:/program files (x86)/gnu tools arm embedded/4.9 2015q2/bin/../lib/gcc/arm-none-eabi/4.9.3/../../../../arm-none-eabi/lib/armv7-m\libg_nano.a(lib_a-putc.o)
                0x00007018                _putc_r
 .text._sbrk_r  0x00007090       0x20 c:/program files (x86)/gnu tools arm embedded/4.9 2015q2/bin/../lib/gcc/arm-none-eabi/4.9.3/../../../../arm-none-eabi/lib/armv7-m\libg_nano.a(lib_a-sbrkr.o)
                0x00007090                _sbrk_r
 .text.__sread  0x000070b0       0x22 c:/program files (x86)/gnu tools arm embedded/4.9 2015q2/bin/../lib/gcc/arm-none-eabi/4.9.3/../../../../arm-none-eabi/lib/armv7-m\libg_nano.a(lib_a-stdio.o)
                0x000070b0                __sread
 .text.__swrite
                0x000070d2       0x38 c:/program files (x86)/gnu tools arm embedded/4.9 2015q2/bin/../lib/gcc/arm-none-eabi/4.9.3/../../../../arm-none-eabi/lib/armv7-m\libg_nano.a(lib_a-stdio.o)
                0x000070d2                __swrite
 .text.__sseek  0x0000710a       0x24 c:/program files (x86)/gnu tools arm embedded/4.9 2015q2/bin/../lib/gcc/arm-none-eabi/4.9.3/../../../../arm-none-eabi/lib/armv7-m\libg_nano.a(lib_a-stdio.o)
                0x0000710a                __sseek
 .text.__sclose
                0x0000712e        0x8 c:/program files (x86)/gnu tools arm embedded/4.9 2015q2/bin/../lib/gcc/arm-none-eabi/4.9.3/../../../../arm-none-eabi/lib/armv7-m\libg_nano.a(lib_a-stdio.o)
                0x0000712e                __sclose
 .text.strncmp  0x00007136       0x32 c:/program files (x86)/gnu tools arm embedded/4.9 2015q2/bin/../lib/gcc/arm-none-eabi/4.9.3/../../../../arm-none-eabi/lib/armv7-m\libg_nano.a(lib_a-strncmp.o)
                0x00007136                strncmp
 .text._write_r
                0x00007168       0x24 c:/program files (x86)/gnu tools arm embedded/4.9 2015q2/bin/../lib/gcc/arm-none-eabi/4.9.3/../../../../arm-none-eabi/lib/armv7-m\libg_nano.a(lib_a-writer.o)
                0x00007168                _write_r
 .text._close_r
                0x0000718c       0x20 c:/program files (x86)/gnu tools arm embedded/4.9 2015q2/bin/../lib/gcc/arm-none-eabi/4.9.3/../../../../arm-none-eabi/lib/armv7-m\libg_nano.a(lib_a-closer.o)
                0x0000718c                _close_r
 .text._fstat_r
                0x000071ac       0x24 c:/program files (x86)/gnu tools arm embedded/4.9 2015q2/bin/../lib/gcc/arm-none-eabi/4.9.3/../../../../arm-none-eabi/lib/armv7-m\libg_nano.a(lib_a-fstatr.o)
                0x000071ac                _fstat_r
 .text._isatty_r
                0x000071d0       0x20 c:/program files (x86)/gnu tools arm embedded/4.9 2015q2/bin/../lib/gcc/arm-none-eabi/4.9.3/../../../../arm-none-eabi/lib/armv7-m\libg_nano.a(lib_a-isattyr.o)
                0x000071d0                _isatty_r
 .text._lseek_r
                0x000071f0       0x24 c:/program files (x86)/gnu tools arm embedded/4.9 2015q2/bin/../lib/gcc/arm-none-eabi/4.9.3/../../../../arm-none-eabi/lib/armv7-m\libg_nano.a(lib_a-lseekr.o)
                0x000071f0                _lseek_r
 .text.memmove  0x00007214       0x36 c:/program files (x86)/gnu tools arm embedded/4.9 2015q2/bin/../lib/gcc/arm-none-eabi/4.9.3/../../../../arm-none-eabi/lib/armv7-m\libg_nano.a(lib_a-memmove.o)
                0x00007214                memmove
 .text._realloc_r
                0x0000724a       0x4c c:/program files (x86)/gnu tools arm embedded/4.9 2015q2/bin/../lib/gcc/arm-none-eabi/4.9.3/../../../../arm-none-eabi/lib/armv7-m\libg_nano.a(lib_a-nano-reallocr.o)
                0x0000724a                _realloc_r
 *fill*         0x00007296        0x2 
 .text._read_r  0x00007298       0x24 c:/program files (x86)/gnu tools arm embedded/4.9 2015q2/bin/../lib/gcc/arm-none-eabi/4.9.3/../../../../arm-none-eabi/lib/armv7-m\libg_nano.a(lib_a-readr.o)
                0x00007298                _read_r
 .text._malloc_usable_size_r
                0x000072bc       0x14 c:/program files (x86)/gnu tools arm embedded/4.9 2015q2/bin/../lib/gcc/arm-none-eabi/4.9.3/../../../../arm-none-eabi/lib/armv7-m\libg_nano.a(lib_a-nano-msizer.o)
                0x000072bc                _malloc_usable_size_r
 .text          0x000072d0      0x110 c:/program files (x86)/gnu tools arm embedded/4.9 2015q2/bin/../lib/gcc/arm-none-eabi/4.9.3/armv7-m\libgcc.a(_arm_cmpdf2.o)
                0x000072d0                __gtdf2
                0x000072d0                __gedf2
                0x000072d8                __ltdf2
                0x000072d8                __ledf2
                0x000072e0                __nedf2
                0x000072e0                __eqdf2
                0x000072e0                __cmpdf2
                0x0000735c                __aeabi_cdrcmple
                0x0000736c                __aeabi_cdcmpeq
                0x0000736c                __aeabi_cdcmple
                0x0000737c                __aeabi_dcmpeq
                0x00007390                __aeabi_dcmplt
                0x000073a4                __aeabi_dcmple
                0x000073b8                __aeabi_dcmpge
                0x000073cc                __aeabi_dcmpgt
 .text          0x000073e0       0x50 c:/program files (x86)/gnu tools arm embedded/4.9 2015q2/bin/../lib/gcc/arm-none-eabi/4.9.3/armv7-m\libgcc.a(_arm_fixdfsi.o)
                0x000073e0                __aeabi_d2iz
                0x000073e0                __fixdfsi
 *(.rodata .rodata.* .constdata .constdata.*)
 .rodata        0x00007430      0x146 ./system/src/cortexm/exception_handlers.o
 *fill*         0x00007576        0x2 
 .rodata        0x00007578        0x2 ./src/AD5270.o
 *fill*         0x0000757a        0x2 
 .rodata        0x0000757c        0x4 ./src/AD7798.o
 .rodata        0x00007580        0x4 ./src/ADT7310.o
 .rodata.ppm_compensation
                0x00007584       0x6c ./src/CN0396.o
                0x00007584                ppm_compensation
 .rodata        0x000075f0      0x149 ./src/CN0396.o
 .rodata.str1.1
                0x00007739        0x2 c:/program files (x86)/gnu tools arm embedded/4.9 2015q2/bin/../lib/gcc/arm-none-eabi/4.9.3/../../../../arm-none-eabi/lib/armv7-m\libg_nano.a(lib_a-impure.o)
 *fill*         0x0000773b        0x1 
 .rodata._global_impure_ptr
                0x0000773c        0x4 c:/program files (x86)/gnu tools arm embedded/4.9 2015q2/bin/../lib/gcc/arm-none-eabi/4.9.3/../../../../arm-none-eabi/lib/armv7-m\libg_nano.a(lib_a-impure.o)
                0x0000773c                _global_impure_ptr
 .rodata.str1.1
                0x00007740       0x12 c:/program files (x86)/gnu tools arm embedded/4.9 2015q2/bin/../lib/gcc/arm-none-eabi/4.9.3/../../../../arm-none-eabi/lib/armv7-m\libg_nano.a(lib_a-nano-vfprintf_float.o)
 .rodata.str1.1
                0x00007752       0x22 c:/program files (x86)/gnu tools arm embedded/4.9 2015q2/bin/../lib/gcc/arm-none-eabi/4.9.3/../../../../arm-none-eabi/lib/armv7-m\libg_nano.a(lib_a-nano-vfprintf_i.o)
 .rodata.str1.1
                0x00007774        0x5 c:/program files (x86)/gnu tools arm embedded/4.9 2015q2/bin/../lib/gcc/arm-none-eabi/4.9.3/../../../../arm-none-eabi/lib/armv7-m\libg_nano.a(lib_a-nano-vfscanf_float.o)
 .rodata.str1.1
                0x00000000        0x5 c:/program files (x86)/gnu tools arm embedded/4.9 2015q2/bin/../lib/gcc/arm-none-eabi/4.9.3/../../../../arm-none-eabi/lib/armv7-m\libg_nano.a(lib_a-strtod.o)
                                  0xc (size before relaxing)
 *fill*         0x00007779        0x3 
 .rodata.fpinan.5315
                0x0000777c       0x14 c:/program files (x86)/gnu tools arm embedded/4.9 2015q2/bin/../lib/gcc/arm-none-eabi/4.9.3/../../../../arm-none-eabi/lib/armv7-m\libg_nano.a(lib_a-strtod.o)
 .rodata.tinytens
                0x00007790       0x28 c:/program files (x86)/gnu tools arm embedded/4.9 2015q2/bin/../lib/gcc/arm-none-eabi/4.9.3/../../../../arm-none-eabi/lib/armv7-m\libg_nano.a(lib_a-strtod.o)
 .rodata.fpi.5279
                0x000077b8       0x14 c:/program files (x86)/gnu tools arm embedded/4.9 2015q2/bin/../lib/gcc/arm-none-eabi/4.9.3/../../../../arm-none-eabi/lib/armv7-m\libg_nano.a(lib_a-strtod.o)
 .rodata._ctype_
                0x000077cc      0x101 c:/program files (x86)/gnu tools arm embedded/4.9 2015q2/bin/../lib/gcc/arm-none-eabi/4.9.3/../../../../arm-none-eabi/lib/armv7-m\libg_nano.a(lib_a-ctype_.o)
                0x000077cc                _ctype_
 .rodata.str1.1
                0x000078cd        0xd c:/program files (x86)/gnu tools arm embedded/4.9 2015q2/bin/../lib/gcc/arm-none-eabi/4.9.3/../../../../arm-none-eabi/lib/armv7-m\libg_nano.a(lib_a-dtoa.o)
                                  0xf (size before relaxing)
 *fill*         0x000078da        0x2 
 .rodata.__sf_fake_stdin
                0x000078dc       0x20 c:/program files (x86)/gnu tools arm embedded/4.9 2015q2/bin/../lib/gcc/arm-none-eabi/4.9.3/../../../../arm-none-eabi/lib/armv7-m\libg_nano.a(lib_a-findfp.o)
                0x000078dc                __sf_fake_stdin
 .rodata.__sf_fake_stdout
                0x000078fc       0x20 c:/program files (x86)/gnu tools arm embedded/4.9 2015q2/bin/../lib/gcc/arm-none-eabi/4.9.3/../../../../arm-none-eabi/lib/armv7-m\libg_nano.a(lib_a-findfp.o)
                0x000078fc                __sf_fake_stdout
 .rodata.__sf_fake_stderr
                0x0000791c       0x20 c:/program files (x86)/gnu tools arm embedded/4.9 2015q2/bin/../lib/gcc/arm-none-eabi/4.9.3/../../../../arm-none-eabi/lib/armv7-m\libg_nano.a(lib_a-findfp.o)
                0x0000791c                __sf_fake_stderr
 .rodata.str1.1
                0x0000793c        0x8 c:/program files (x86)/gnu tools arm embedded/4.9 2015q2/bin/../lib/gcc/arm-none-eabi/4.9.3/../../../../arm-none-eabi/lib/armv7-m\libg_nano.a(lib_a-locale.o)
                                  0xb (size before relaxing)
 *fill*         0x00007944        0x4 
 .rodata.__mprec_tens
                0x00007948       0xc8 c:/program files (x86)/gnu tools arm embedded/4.9 2015q2/bin/../lib/gcc/arm-none-eabi/4.9.3/../../../../arm-none-eabi/lib/armv7-m\libg_nano.a(lib_a-mprec.o)
                0x00007948                __mprec_tens
 .rodata.__mprec_bigtens
                0x00007a10       0x28 c:/program files (x86)/gnu tools arm embedded/4.9 2015q2/bin/../lib/gcc/arm-none-eabi/4.9.3/../../../../arm-none-eabi/lib/armv7-m\libg_nano.a(lib_a-mprec.o)
                0x00007a10                __mprec_bigtens
 .rodata.p05.5314
                0x00007a38        0xc c:/program files (x86)/gnu tools arm embedded/4.9 2015q2/bin/../lib/gcc/arm-none-eabi/4.9.3/../../../../arm-none-eabi/lib/armv7-m\libg_nano.a(lib_a-mprec.o)
 .rodata.str1.1
                0x00007a44       0x11 c:/program files (x86)/gnu tools arm embedded/4.9 2015q2/bin/../lib/gcc/arm-none-eabi/4.9.3/../../../../arm-none-eabi/lib/armv7-m\libg_nano.a(lib_a-nano-svfprintf.o)
 .rodata.str1.1
                0x00000000       0x11 c:/program files (x86)/gnu tools arm embedded/4.9 2015q2/bin/../lib/gcc/arm-none-eabi/4.9.3/../../../../arm-none-eabi/lib/armv7-m\libg_nano.a(lib_a-nano-vfprintf.o)
 *(vtable)
 *(.eh_frame*)
 *fill*         0x00007a55        0x3 
 .eh_frame      0x00007a58        0x0 c:/program files (x86)/gnu tools arm embedded/4.9 2015q2/bin/../lib/gcc/arm-none-eabi/4.9.3/../../../../arm-none-eabi/lib/armv7-m\libg_nano.a(lib_a-strcmp.o)
                                 0x28 (size before relaxing)
 *(.glue_7)
 .glue_7        0x00000000        0x0 linker stubs
 *(.glue_7t)
 .glue_7t       0x00000000        0x0 linker stubs

.vfp11_veneer   0x00007a58        0x0
 .vfp11_veneer  0x00000000        0x0 linker stubs

.v4_bx          0x00007a58        0x0
 .v4_bx         0x00000000        0x0 linker stubs

.iplt           0x00007a58        0x0
 .iplt          0x00000000        0x0 ./system/src/newlib/_cxx.o

.rel.dyn        0x00007a58        0x0
 .rel.iplt      0x00000000        0x0 ./system/src/newlib/_cxx.o

.ARM.extab
 *(.ARM.extab* .gnu.linkonce.armextab.*)
                0x00007a58                . = ALIGN (0x4)
                0x00007a58                __exidx_start = .

.ARM.exidx
 *(.ARM.exidx* .gnu.linkonce.armexidx.*)
                0x00007a58                __exidx_end = .
                0x00007a58                . = ALIGN (0x4)
                0x00007a58                _etext = .
                0x00007a58                __etext = .

.data_CCMRAM    0x10000000        0x0 load address 0x00007a58
 FILL mask 0xff
 *(.data.CCMRAM .data.CCMRAM.*)
                0x10000000                . = ALIGN (0x4)
                0x00007a58                _sidata = LOADADDR (.data)

.data           0x20000000       0xb0 load address 0x00007a58
 FILL mask 0xff
                0x20000000                _sdata = .
                0x20000000                __data_start__ = .
 *(.data_begin .data_begin.*)
 .data_begin    0x20000000        0x4 ./system/src/newlib/_startup.o
 *(.data .data.*)
 .data.argv.4606
                0x20000004        0x8 ./system/src/newlib/_syscalls.o
 .data.impure_data
                0x2000000c       0x60 c:/program files (x86)/gnu tools arm embedded/4.9 2015q2/bin/../lib/gcc/arm-none-eabi/4.9.3/../../../../arm-none-eabi/lib/armv7-m\libg_nano.a(lib_a-impure.o)
 .data._impure_ptr
                0x2000006c        0x4 c:/program files (x86)/gnu tools arm embedded/4.9 2015q2/bin/../lib/gcc/arm-none-eabi/4.9.3/../../../../arm-none-eabi/lib/armv7-m\libg_nano.a(lib_a-impure.o)
                0x2000006c                _impure_ptr
 .data.__ctype_ptr__
                0x20000070        0x4 c:/program files (x86)/gnu tools arm embedded/4.9 2015q2/bin/../lib/gcc/arm-none-eabi/4.9.3/../../../../arm-none-eabi/lib/armv7-m\libg_nano.a(lib_a-ctype_.o)
                0x20000070                __ctype_ptr__
 .data.lconv    0x20000074       0x38 c:/program files (x86)/gnu tools arm embedded/4.9 2015q2/bin/../lib/gcc/arm-none-eabi/4.9.3/../../../../arm-none-eabi/lib/armv7-m\libg_nano.a(lib_a-locale.o)
 *(.data_end .data_end.*)
 .data_end      0x200000ac        0x4 ./system/src/newlib/_startup.o
                0x200000b0                . = ALIGN (0x4)
                0x200000b0                _edata = .
                0x200000b0                __data_end__ = .

.igot.plt       0x200000b0        0x0 load address 0x00007b08
 .igot.plt      0x00000000        0x0 ./system/src/newlib/_cxx.o

.bss_CCMRAM     0x10000000        0x0
 *(.bss.CCMRAM .bss.CCMRAM.*)

.bss            0x200000b0      0x504
                0x200000b0                __bss_start__ = .
                0x200000b0                _sbss = .
 *(.bss_begin .bss_begin.*)
 .bss_begin     0x200000b0        0x4 ./system/src/newlib/_startup.o
 *(.bss .bss.*)
 .bss.current_heap_end.4310
                0x200000b4        0x4 ./system/src/newlib/_sbrk.o
 .bss.name.4605
                0x200000b8        0x1 ./system/src/newlib/_syscalls.o
 *fill*         0x200000b9        0x3 
 .bss.buf.5446  0x200000bc       0x80 ./system/src/diag/Trace.o
 .bss.ucTxBufferEmpty
                0x2000013c        0x1 ./src/Communication.o
                0x2000013c                ucTxBufferEmpty
 .bss.ucWaitForUart
                0x2000013d        0x1 ./src/Communication.o
                0x2000013d                ucWaitForUart
 *fill*         0x2000013e        0x2 
 .bss.__malloc_sbrk_start
                0x20000140        0x4 c:/program files (x86)/gnu tools arm embedded/4.9 2015q2/bin/../lib/gcc/arm-none-eabi/4.9.3/../../../../arm-none-eabi/lib/armv7-m\libg_nano.a(lib_a-nano-mallocr.o)
                0x20000140                __malloc_sbrk_start
 .bss.__malloc_free_list
                0x20000144        0x4 c:/program files (x86)/gnu tools arm embedded/4.9 2015q2/bin/../lib/gcc/arm-none-eabi/4.9.3/../../../../arm-none-eabi/lib/armv7-m\libg_nano.a(lib_a-nano-mallocr.o)
                0x20000144                __malloc_free_list
 *(COMMON)
 COMMON         0x20000148        0x4 ./system/src/newlib/_syscalls.o
                0x20000148                errno
 COMMON         0x2000014c        0xc ./system/src/cmsis/system_ADuCM360.o
                0x2000014c                SystemCoreClock
                0x20000150                uClk
                0x20000154                SystemExtClock
 COMMON         0x20000158       0x3f ./src/CN0396.o
                0x20000158                dataReg
                0x2000015c                resistance1
                0x20000160                volt0
                0x20000164                data1
                0x20000168                volt1
                0x2000016c                Temp
                0x20000170                gainAdc
                0x20000171                statusReg
                0x20000174                resistance0
                0x20000178                result1
                0x20000180                modeReg
                0x20000182                configReg
                0x20000184                ioReg
                0x20000186                offsetReg
                0x20000188                data0
                0x2000018c                result0
                0x20000194                fullscaleReg
                0x20000196                idReg
 *fill*         0x20000197        0x1 
 COMMON         0x20000198      0x414 ./src/Communication.o
                0x20000198                uart_tx_buffer
                0x20000598                uart_tpos
                0x2000059c                uart_tcnt
                0x200005a0                convFlag
                0x200005a4                uart_tbusy
                0x200005a8                uart_cmd
 COMMON         0x200005ac        0x4 ./src/Timer.o
                0x200005ac                timer_delayCount
 *(.bss_end .bss_end.*)
 .bss_end       0x200005b0        0x4 ./system/src/newlib/_startup.o
                0x200005b4                . = ALIGN (0x4)
                0x200005b4                __bss_end__ = .
                0x200005b4                _ebss = .

.noinit_CCMRAM
 *(.noinit.CCMRAM .noinit.CCMRAM.*)

.noinit         0x200005b4        0x0
                0x200005b4                _noinit = .
 *(.noinit .noinit.*)
                0x200005b4                . = ALIGN (0x4)
                0x200005b4                _end_noinit = .
                0x200005b4                PROVIDE (end, _end_noinit)
                0x200005b4                PROVIDE (_end, _end_noinit)
                0x200005b4                PROVIDE (__end, _end_noinit)
                0x200005b4                PROVIDE (__end__, _end_noinit)

._check_stack   0x200005b4      0x100
                0x200006b4                . = (. + _Minimum_Stack_Size)
 *fill*         0x200005b4      0x100 

.b1text
 *(.b1text)
 *(.b1rodata)
 *(.b1rodata.*)

.eb0text
 *(.eb0text)
 *(.eb0rodata)
 *(.eb0rodata.*)

.eb1text
 *(.eb1text)
 *(.eb1rodata)
 *(.eb1rodata.*)

.eb2text
 *(.eb2text)
 *(.eb2rodata)
 *(.eb2rodata.*)

.eb3text
 *(.eb3text)
 *(.eb3rodata)
 *(.eb3rodata.*)

.stab
 *(.stab)

.stabstr
 *(.stabstr)

.stab.excl
 *(.stab.excl)

.stab.exclstr
 *(.stab.exclstr)

.stab.index
 *(.stab.index)

.stab.indexstr
 *(.stab.indexstr)

.comment        0x00000000       0x70
 *(.comment)
 .comment       0x00000000       0x70 ./system/src/newlib/_exit.o
                                 0x71 (size before relaxing)
 .comment       0x00000000       0x71 ./system/src/newlib/_sbrk.o
 .comment       0x00000000       0x71 ./system/src/newlib/_startup.o
 .comment       0x00000000       0x71 ./system/src/newlib/_syscalls.o
 .comment       0x00000000       0x71 ./system/src/diag/Trace.o
 .comment       0x00000000       0x71 ./system/src/diag/trace_impl.o
 .comment       0x00000000       0x71 ./system/src/cortexm/_initialize_hardware.o
 .comment       0x00000000       0x71 ./system/src/cortexm/exception_handlers.o
 .comment       0x00000000       0x71 ./system/src/cmsis/system_ADuCM360.o
 .comment       0x00000000       0x71 ./system/src/cmsis/vectors_ADuCM360.o
 .comment       0x00000000       0x71 ./system/src/aducm360/DioLib.o
 .comment       0x00000000       0x71 ./system/src/aducm360/SpiLib.o
 .comment       0x00000000       0x71 ./system/src/aducm360/UrtLib.o
 .comment       0x00000000       0x71 ./src/AD5270.o
 .comment       0x00000000       0x71 ./src/AD7798.o
 .comment       0x00000000       0x71 ./src/ADT7310.o
 .comment       0x00000000       0x71 ./src/CN0396.o
 .comment       0x00000000       0x71 ./src/Communication.o
 .comment       0x00000000       0x71 ./src/Timer.o
 .comment       0x00000000       0x71 ./src/main.o

.ARM.attributes
                0x00000000       0x31
 .ARM.attributes
                0x00000000       0x33 ./system/src/newlib/_exit.o
 .ARM.attributes
                0x00000033       0x33 ./system/src/newlib/_sbrk.o
 .ARM.attributes
                0x00000066       0x33 ./system/src/newlib/_startup.o
 .ARM.attributes
                0x00000099       0x33 ./system/src/newlib/_syscalls.o
 .ARM.attributes
                0x000000cc       0x33 ./system/src/diag/Trace.o
 .ARM.attributes
                0x000000ff       0x33 ./system/src/diag/trace_impl.o
 .ARM.attributes
                0x00000132       0x33 ./system/src/cortexm/_initialize_hardware.o
 .ARM.attributes
                0x00000165       0x33 ./system/src/cortexm/exception_handlers.o
 .ARM.attributes
                0x00000198       0x33 ./system/src/cmsis/system_ADuCM360.o
 .ARM.attributes
                0x000001cb       0x33 ./system/src/cmsis/vectors_ADuCM360.o
 .ARM.attributes
                0x000001fe       0x33 ./system/src/aducm360/DioLib.o
 .ARM.attributes
                0x00000231       0x33 ./system/src/aducm360/SpiLib.o
 .ARM.attributes
                0x00000264       0x33 ./system/src/aducm360/UrtLib.o
 .ARM.attributes
                0x00000297       0x33 ./src/AD5270.o
 .ARM.attributes
                0x000002ca       0x33 ./src/AD7798.o
 .ARM.attributes
                0x000002fd       0x33 ./src/ADT7310.o
 .ARM.attributes
                0x00000330       0x33 ./src/CN0396.o
 .ARM.attributes
                0x00000363       0x33 ./src/Communication.o
 .ARM.attributes
                0x00000396       0x33 ./src/Timer.o
 .ARM.attributes
                0x000003c9       0x33 ./src/main.o
 .ARM.attributes
                0x000003fc       0x1d c:/program files (x86)/gnu tools arm embedded/4.9 2015q2/bin/../lib/gcc/arm-none-eabi/4.9.3/armv7-m\libgcc.a(_arm_addsubdf3.o)
 .ARM.attributes
                0x00000419       0x1d c:/program files (x86)/gnu tools arm embedded/4.9 2015q2/bin/../lib/gcc/arm-none-eabi/4.9.3/armv7-m\libgcc.a(_arm_muldivdf3.o)
 .ARM.attributes
                0x00000436       0x1d c:/program files (x86)/gnu tools arm embedded/4.9 2015q2/bin/../lib/gcc/arm-none-eabi/4.9.3/armv7-m\libgcc.a(_arm_fixunsdfsi.o)
 .ARM.attributes
                0x00000453       0x1d c:/program files (x86)/gnu tools arm embedded/4.9 2015q2/bin/../lib/gcc/arm-none-eabi/4.9.3/armv7-m\libgcc.a(_arm_truncdfsf2.o)
 .ARM.attributes
                0x00000470       0x1d c:/program files (x86)/gnu tools arm embedded/4.9 2015q2/bin/../lib/gcc/arm-none-eabi/4.9.3/armv7-m\libgcc.a(_arm_addsubsf3.o)
 .ARM.attributes
                0x0000048d       0x1d c:/program files (x86)/gnu tools arm embedded/4.9 2015q2/bin/../lib/gcc/arm-none-eabi/4.9.3/armv7-m\libgcc.a(_arm_muldivsf3.o)
 .ARM.attributes
                0x000004aa       0x1d c:/program files (x86)/gnu tools arm embedded/4.9 2015q2/bin/../lib/gcc/arm-none-eabi/4.9.3/armv7-m\libgcc.a(_arm_cmpsf2.o)
 .ARM.attributes
                0x000004c7       0x2d c:/program files (x86)/gnu tools arm embedded/4.9 2015q2/bin/../lib/gcc/arm-none-eabi/4.9.3/../../../../arm-none-eabi/lib/armv7-m\libg_nano.a(lib_a-errno.o)
 .ARM.attributes
                0x000004f4       0x2d c:/program files (x86)/gnu tools arm embedded/4.9 2015q2/bin/../lib/gcc/arm-none-eabi/4.9.3/../../../../arm-none-eabi/lib/armv7-m\libg_nano.a(lib_a-impure.o)
 .ARM.attributes
                0x00000521       0x2d c:/program files (x86)/gnu tools arm embedded/4.9 2015q2/bin/../lib/gcc/arm-none-eabi/4.9.3/../../../../arm-none-eabi/lib/armv7-m\libg_nano.a(lib_a-memcpy.o)
 .ARM.attributes
                0x0000054e       0x2d c:/program files (x86)/gnu tools arm embedded/4.9 2015q2/bin/../lib/gcc/arm-none-eabi/4.9.3/../../../../arm-none-eabi/lib/armv7-m\libg_nano.a(lib_a-memset.o)
 .ARM.attributes
                0x0000057b       0x2d c:/program files (x86)/gnu tools arm embedded/4.9 2015q2/bin/../lib/gcc/arm-none-eabi/4.9.3/../../../../arm-none-eabi/lib/armv7-m\libg_nano.a(lib_a-nano-vfprintf_float.o)
 .ARM.attributes
                0x000005a8       0x2d c:/program files (x86)/gnu tools arm embedded/4.9 2015q2/bin/../lib/gcc/arm-none-eabi/4.9.3/../../../../arm-none-eabi/lib/armv7-m\libg_nano.a(lib_a-nano-vfprintf_i.o)
 .ARM.attributes
                0x000005d5       0x2d c:/program files (x86)/gnu tools arm embedded/4.9 2015q2/bin/../lib/gcc/arm-none-eabi/4.9.3/../../../../arm-none-eabi/lib/armv7-m\libg_nano.a(lib_a-nano-vfscanf_float.o)
 .ARM.attributes
                0x00000602       0x2d c:/program files (x86)/gnu tools arm embedded/4.9 2015q2/bin/../lib/gcc/arm-none-eabi/4.9.3/../../../../arm-none-eabi/lib/armv7-m\libg_nano.a(lib_a-printf.o)
 .ARM.attributes
                0x0000062f       0x2d c:/program files (x86)/gnu tools arm embedded/4.9 2015q2/bin/../lib/gcc/arm-none-eabi/4.9.3/../../../../arm-none-eabi/lib/armv7-m\libg_nano.a(lib_a-putchar.o)
 .ARM.attributes
                0x0000065c       0x2d c:/program files (x86)/gnu tools arm embedded/4.9 2015q2/bin/../lib/gcc/arm-none-eabi/4.9.3/../../../../arm-none-eabi/lib/armv7-m\libg_nano.a(lib_a-puts.o)
 .ARM.attributes
                0x00000689       0x2d c:/program files (x86)/gnu tools arm embedded/4.9 2015q2/bin/../lib/gcc/arm-none-eabi/4.9.3/../../../../arm-none-eabi/lib/armv7-m\libg_nano.a(lib_a-s_fpclassify.o)
 .ARM.attributes
                0x000006b6       0x2d c:/program files (x86)/gnu tools arm embedded/4.9 2015q2/bin/../lib/gcc/arm-none-eabi/4.9.3/../../../../arm-none-eabi/lib/armv7-m\libg_nano.a(lib_a-sf_nan.o)
 .ARM.attributes
                0x000006e3       0x2d c:/program files (x86)/gnu tools arm embedded/4.9 2015q2/bin/../lib/gcc/arm-none-eabi/4.9.3/../../../../arm-none-eabi/lib/armv7-m\libg_nano.a(lib_a-sprintf.o)
 .ARM.attributes
                0x00000710       0x2d c:/program files (x86)/gnu tools arm embedded/4.9 2015q2/bin/../lib/gcc/arm-none-eabi/4.9.3/../../../../arm-none-eabi/lib/armv7-m\libg_nano.a(lib_a-strlen.o)
 .ARM.attributes
                0x0000073d       0x2d c:/program files (x86)/gnu tools arm embedded/4.9 2015q2/bin/../lib/gcc/arm-none-eabi/4.9.3/../../../../arm-none-eabi/lib/armv7-m\libg_nano.a(lib_a-strtod.o)
 .ARM.attributes
                0x0000076a       0x2d c:/program files (x86)/gnu tools arm embedded/4.9 2015q2/bin/../lib/gcc/arm-none-eabi/4.9.3/../../../../arm-none-eabi/lib/armv7-m\libg_nano.a(lib_a-strtol.o)
 .ARM.attributes
                0x00000797       0x2d c:/program files (x86)/gnu tools arm embedded/4.9 2015q2/bin/../lib/gcc/arm-none-eabi/4.9.3/../../../../arm-none-eabi/lib/armv7-m\libg_nano.a(lib_a-vsnprintf.o)
 .ARM.attributes
                0x000007c4       0x2d c:/program files (x86)/gnu tools arm embedded/4.9 2015q2/bin/../lib/gcc/arm-none-eabi/4.9.3/../../../../arm-none-eabi/lib/armv7-m\libg_nano.a(lib_a-wbuf.o)
 .ARM.attributes
                0x000007f1       0x2d c:/program files (x86)/gnu tools arm embedded/4.9 2015q2/bin/../lib/gcc/arm-none-eabi/4.9.3/../../../../arm-none-eabi/lib/armv7-m\libg_nano.a(lib_a-wsetup.o)
 .ARM.attributes
                0x0000081e       0x2d c:/program files (x86)/gnu tools arm embedded/4.9 2015q2/bin/../lib/gcc/arm-none-eabi/4.9.3/../../../../arm-none-eabi/lib/armv7-m\libg_nano.a(lib_a-ctype_.o)
 .ARM.attributes
                0x0000084b       0x2d c:/program files (x86)/gnu tools arm embedded/4.9 2015q2/bin/../lib/gcc/arm-none-eabi/4.9.3/../../../../arm-none-eabi/lib/armv7-m\libg_nano.a(lib_a-dtoa.o)
 .ARM.attributes
                0x00000878       0x2d c:/program files (x86)/gnu tools arm embedded/4.9 2015q2/bin/../lib/gcc/arm-none-eabi/4.9.3/../../../../arm-none-eabi/lib/armv7-m\libg_nano.a(lib_a-fflush.o)
 .ARM.attributes
                0x000008a5       0x2d c:/program files (x86)/gnu tools arm embedded/4.9 2015q2/bin/../lib/gcc/arm-none-eabi/4.9.3/../../../../arm-none-eabi/lib/armv7-m\libg_nano.a(lib_a-findfp.o)
 .ARM.attributes
                0x000008d2       0x2d c:/program files (x86)/gnu tools arm embedded/4.9 2015q2/bin/../lib/gcc/arm-none-eabi/4.9.3/../../../../arm-none-eabi/lib/armv7-m\libg_nano.a(lib_a-fwalk.o)
 .ARM.attributes
                0x000008ff       0x2d c:/program files (x86)/gnu tools arm embedded/4.9 2015q2/bin/../lib/gcc/arm-none-eabi/4.9.3/../../../../arm-none-eabi/lib/armv7-m\libg_nano.a(lib_a-gdtoa-gethex.o)
 .ARM.attributes
                0x0000092c       0x2d c:/program files (x86)/gnu tools arm embedded/4.9 2015q2/bin/../lib/gcc/arm-none-eabi/4.9.3/../../../../arm-none-eabi/lib/armv7-m\libg_nano.a(lib_a-gdtoa-hexnan.o)
 .ARM.attributes
                0x00000959       0x2d c:/program files (x86)/gnu tools arm embedded/4.9 2015q2/bin/../lib/gcc/arm-none-eabi/4.9.3/../../../../arm-none-eabi/lib/armv7-m\libg_nano.a(lib_a-locale.o)
 .ARM.attributes
                0x00000986       0x2d c:/program files (x86)/gnu tools arm embedded/4.9 2015q2/bin/../lib/gcc/arm-none-eabi/4.9.3/../../../../arm-none-eabi/lib/armv7-m\libg_nano.a(lib_a-makebuf.o)
 .ARM.attributes
                0x000009b3       0x2d c:/program files (x86)/gnu tools arm embedded/4.9 2015q2/bin/../lib/gcc/arm-none-eabi/4.9.3/../../../../arm-none-eabi/lib/armv7-m\libg_nano.a(lib_a-malloc.o)
 .ARM.attributes
                0x000009e0       0x2d c:/program files (x86)/gnu tools arm embedded/4.9 2015q2/bin/../lib/gcc/arm-none-eabi/4.9.3/../../../../arm-none-eabi/lib/armv7-m\libg_nano.a(lib_a-memchr.o)
 .ARM.attributes
                0x00000a0d       0x2d c:/program files (x86)/gnu tools arm embedded/4.9 2015q2/bin/../lib/gcc/arm-none-eabi/4.9.3/../../../../arm-none-eabi/lib/armv7-m\libg_nano.a(lib_a-mprec.o)
 .ARM.attributes
                0x00000a3a       0x2d c:/program files (x86)/gnu tools arm embedded/4.9 2015q2/bin/../lib/gcc/arm-none-eabi/4.9.3/../../../../arm-none-eabi/lib/armv7-m\libg_nano.a(lib_a-nano-callocr.o)
 .ARM.attributes
                0x00000a67       0x2d c:/program files (x86)/gnu tools arm embedded/4.9 2015q2/bin/../lib/gcc/arm-none-eabi/4.9.3/../../../../arm-none-eabi/lib/armv7-m\libg_nano.a(lib_a-nano-freer.o)
 .ARM.attributes
                0x00000a94       0x2d c:/program files (x86)/gnu tools arm embedded/4.9 2015q2/bin/../lib/gcc/arm-none-eabi/4.9.3/../../../../arm-none-eabi/lib/armv7-m\libg_nano.a(lib_a-nano-mallocr.o)
 .ARM.attributes
                0x00000ac1       0x2d c:/program files (x86)/gnu tools arm embedded/4.9 2015q2/bin/../lib/gcc/arm-none-eabi/4.9.3/../../../../arm-none-eabi/lib/armv7-m\libg_nano.a(lib_a-nano-svfprintf.o)
 .ARM.attributes
                0x00000aee       0x2d c:/program files (x86)/gnu tools arm embedded/4.9 2015q2/bin/../lib/gcc/arm-none-eabi/4.9.3/../../../../arm-none-eabi/lib/armv7-m\libg_nano.a(lib_a-nano-vfprintf.o)
 .ARM.attributes
                0x00000b1b       0x2d c:/program files (x86)/gnu tools arm embedded/4.9 2015q2/bin/../lib/gcc/arm-none-eabi/4.9.3/../../../../arm-none-eabi/lib/armv7-m\libg_nano.a(lib_a-putc.o)
 .ARM.attributes
                0x00000b48       0x2d c:/program files (x86)/gnu tools arm embedded/4.9 2015q2/bin/../lib/gcc/arm-none-eabi/4.9.3/../../../../arm-none-eabi/lib/armv7-m\libg_nano.a(lib_a-sbrkr.o)
 .ARM.attributes
                0x00000b75       0x2d c:/program files (x86)/gnu tools arm embedded/4.9 2015q2/bin/../lib/gcc/arm-none-eabi/4.9.3/../../../../arm-none-eabi/lib/armv7-m\libg_nano.a(lib_a-stdio.o)
 .ARM.attributes
                0x00000ba2       0x1b c:/program files (x86)/gnu tools arm embedded/4.9 2015q2/bin/../lib/gcc/arm-none-eabi/4.9.3/../../../../arm-none-eabi/lib/armv7-m\libg_nano.a(lib_a-strcmp.o)
 .ARM.attributes
                0x00000bbd       0x2d c:/program files (x86)/gnu tools arm embedded/4.9 2015q2/bin/../lib/gcc/arm-none-eabi/4.9.3/../../../../arm-none-eabi/lib/armv7-m\libg_nano.a(lib_a-strncmp.o)
 .ARM.attributes
                0x00000bea       0x2d c:/program files (x86)/gnu tools arm embedded/4.9 2015q2/bin/../lib/gcc/arm-none-eabi/4.9.3/../../../../arm-none-eabi/lib/armv7-m\libg_nano.a(lib_a-writer.o)
 .ARM.attributes
                0x00000c17       0x2d c:/program files (x86)/gnu tools arm embedded/4.9 2015q2/bin/../lib/gcc/arm-none-eabi/4.9.3/../../../../arm-none-eabi/lib/armv7-m\libg_nano.a(lib_a-closer.o)
 .ARM.attributes
                0x00000c44       0x2d c:/program files (x86)/gnu tools arm embedded/4.9 2015q2/bin/../lib/gcc/arm-none-eabi/4.9.3/../../../../arm-none-eabi/lib/armv7-m\libg_nano.a(lib_a-fstatr.o)
 .ARM.attributes
                0x00000c71       0x2d c:/program files (x86)/gnu tools arm embedded/4.9 2015q2/bin/../lib/gcc/arm-none-eabi/4.9.3/../../../../arm-none-eabi/lib/armv7-m\libg_nano.a(lib_a-isattyr.o)
 .ARM.attributes
                0x00000c9e       0x2d c:/program files (x86)/gnu tools arm embedded/4.9 2015q2/bin/../lib/gcc/arm-none-eabi/4.9.3/../../../../arm-none-eabi/lib/armv7-m\libg_nano.a(lib_a-lseekr.o)
 .ARM.attributes
                0x00000ccb       0x2d c:/program files (x86)/gnu tools arm embedded/4.9 2015q2/bin/../lib/gcc/arm-none-eabi/4.9.3/../../../../arm-none-eabi/lib/armv7-m\libg_nano.a(lib_a-memmove.o)
 .ARM.attributes
                0x00000cf8       0x2d c:/program files (x86)/gnu tools arm embedded/4.9 2015q2/bin/../lib/gcc/arm-none-eabi/4.9.3/../../../../arm-none-eabi/lib/armv7-m\libg_nano.a(lib_a-nano-reallocr.o)
 .ARM.attributes
                0x00000d25       0x2d c:/program files (x86)/gnu tools arm embedded/4.9 2015q2/bin/../lib/gcc/arm-none-eabi/4.9.3/../../../../arm-none-eabi/lib/armv7-m\libg_nano.a(lib_a-readr.o)
 .ARM.attributes
                0x00000d52       0x2d c:/program files (x86)/gnu tools arm embedded/4.9 2015q2/bin/../lib/gcc/arm-none-eabi/4.9.3/../../../../arm-none-eabi/lib/armv7-m\libg_nano.a(lib_a-nano-msizer.o)
 .ARM.attributes
                0x00000d7f       0x1d c:/program files (x86)/gnu tools arm embedded/4.9 2015q2/bin/../lib/gcc/arm-none-eabi/4.9.3/armv7-m\libgcc.a(_arm_cmpdf2.o)
 .ARM.attributes
                0x00000d9c       0x1d c:/program files (x86)/gnu tools arm embedded/4.9 2015q2/bin/../lib/gcc/arm-none-eabi/4.9.3/armv7-m\libgcc.a(_arm_fixdfsi.o)

.debug
 *(.debug)

.line
 *(.line)

.debug_srcinfo
 *(.debug_srcinfo)

.debug_sfnames
 *(.debug_sfnames)

.debug_aranges  0x00000000      0x6a0
 *(.debug_aranges)
 .debug_aranges
                0x00000000       0x28 ./system/src/newlib/_exit.o
 .debug_aranges
                0x00000028       0x20 ./system/src/newlib/_sbrk.o
 .debug_aranges
                0x00000048       0x40 ./system/src/newlib/_startup.o
 .debug_aranges
                0x00000088       0xd0 ./system/src/newlib/_syscalls.o
 .debug_aranges
                0x00000158       0x38 ./system/src/diag/Trace.o
 .debug_aranges
                0x00000190       0x28 ./system/src/diag/trace_impl.o
 .debug_aranges
                0x000001b8       0x28 ./system/src/cortexm/_initialize_hardware.o
 .debug_aranges
                0x000001e0       0x88 ./system/src/cortexm/exception_handlers.o
 .debug_aranges
                0x00000268       0x38 ./system/src/cmsis/system_ADuCM360.o
 .debug_aranges
                0x000002a0       0x20 ./system/src/cmsis/vectors_ADuCM360.o
 .debug_aranges
                0x000002c0       0x98 ./system/src/aducm360/DioLib.o
 .debug_aranges
                0x00000358       0x68 ./system/src/aducm360/SpiLib.o
 .debug_aranges
                0x000003c0       0x68 ./system/src/aducm360/UrtLib.o
 .debug_aranges
                0x00000428       0x88 ./src/AD5270.o
 .debug_aranges
                0x000004b0       0x80 ./src/AD7798.o
 .debug_aranges
                0x00000530       0x48 ./src/ADT7310.o
 .debug_aranges
                0x00000578       0x50 ./src/CN0396.o
 .debug_aranges
                0x000005c8       0x68 ./src/Communication.o
 .debug_aranges
                0x00000630       0x48 ./src/Timer.o
 .debug_aranges
                0x00000678       0x28 ./src/main.o

.debug_pubnames
 *(.debug_pubnames)

.debug_info     0x00000000     0x516e
 *(.debug_info .gnu.linkonce.wi.*)
 .debug_info    0x00000000       0xba ./system/src/newlib/_exit.o
 .debug_info    0x000000ba      0x109 ./system/src/newlib/_sbrk.o
 .debug_info    0x000001c3      0x3e0 ./system/src/newlib/_startup.o
 .debug_info    0x000005a3      0x80d ./system/src/newlib/_syscalls.o
 .debug_info    0x00000db0      0x1cf ./system/src/diag/Trace.o
 .debug_info    0x00000f7f      0x11f ./system/src/diag/trace_impl.o
 .debug_info    0x0000109e      0x28b ./system/src/cortexm/_initialize_hardware.o
 .debug_info    0x00001329      0x510 ./system/src/cortexm/exception_handlers.o
 .debug_info    0x00001839      0x313 ./system/src/cmsis/system_ADuCM360.o
 .debug_info    0x00001b4c       0xd0 ./system/src/cmsis/vectors_ADuCM360.o
 .debug_info    0x00001c1c      0x655 ./system/src/aducm360/DioLib.o
 .debug_info    0x00002271      0x44d ./system/src/aducm360/SpiLib.o
 .debug_info    0x000026be      0x5d7 ./system/src/aducm360/UrtLib.o
 .debug_info    0x00002c95      0x42d ./src/AD5270.o
 .debug_info    0x000030c2      0x58e ./src/AD7798.o
 .debug_info    0x00003650      0x2a3 ./src/ADT7310.o
 .debug_info    0x000038f3      0x4d1 ./src/CN0396.o
 .debug_info    0x00003dc4      0xa87 ./src/Communication.o
 .debug_info    0x0000484b      0x5f5 ./src/Timer.o
 .debug_info    0x00004e40      0x32e ./src/main.o

.debug_abbrev   0x00000000     0x1713
 *(.debug_abbrev)
 .debug_abbrev  0x00000000       0x6e ./system/src/newlib/_exit.o
 .debug_abbrev  0x0000006e       0x8e ./system/src/newlib/_sbrk.o
 .debug_abbrev  0x000000fc      0x152 ./system/src/newlib/_startup.o
 .debug_abbrev  0x0000024e      0x165 ./system/src/newlib/_syscalls.o
 .debug_abbrev  0x000003b3       0xf0 ./system/src/diag/Trace.o
 .debug_abbrev  0x000004a3       0xb4 ./system/src/diag/trace_impl.o
 .debug_abbrev  0x00000557       0xcc ./system/src/cortexm/_initialize_hardware.o
 .debug_abbrev  0x00000623      0x18f ./system/src/cortexm/exception_handlers.o
 .debug_abbrev  0x000007b2      0x134 ./system/src/cmsis/system_ADuCM360.o
 .debug_abbrev  0x000008e6       0x9d ./system/src/cmsis/vectors_ADuCM360.o
 .debug_abbrev  0x00000983      0x111 ./system/src/aducm360/DioLib.o
 .debug_abbrev  0x00000a94      0x120 ./system/src/aducm360/SpiLib.o
 .debug_abbrev  0x00000bb4      0x186 ./system/src/aducm360/UrtLib.o
 .debug_abbrev  0x00000d3a      0x130 ./src/AD5270.o
 .debug_abbrev  0x00000e6a      0x173 ./src/AD7798.o
 .debug_abbrev  0x00000fdd      0x107 ./src/ADT7310.o
 .debug_abbrev  0x000010e4      0x14c ./src/CN0396.o
 .debug_abbrev  0x00001230      0x215 ./src/Communication.o
 .debug_abbrev  0x00001445      0x1a9 ./src/Timer.o
 .debug_abbrev  0x000015ee      0x125 ./src/main.o

.debug_line     0x00000000     0x4913
 *(.debug_line)
 .debug_line    0x00000000      0x2ce ./system/src/newlib/_exit.o
 .debug_line    0x000002ce      0x271 ./system/src/newlib/_sbrk.o
 .debug_line    0x0000053f      0x33b ./system/src/newlib/_startup.o
 .debug_line    0x0000087a      0x52a ./system/src/newlib/_syscalls.o
 .debug_line    0x00000da4      0x32c ./system/src/diag/Trace.o
 .debug_line    0x000010d0      0x353 ./system/src/diag/trace_impl.o
 .debug_line    0x00001423      0x2aa ./system/src/cortexm/_initialize_hardware.o
 .debug_line    0x000016cd      0x44e ./system/src/cortexm/exception_handlers.o
 .debug_line    0x00001b1b      0x2c2 ./system/src/cmsis/system_ADuCM360.o
 .debug_line    0x00001ddd      0x237 ./system/src/cmsis/vectors_ADuCM360.o
 .debug_line    0x00002014      0x3ce ./system/src/aducm360/DioLib.o
 .debug_line    0x000023e2      0x364 ./system/src/aducm360/SpiLib.o
 .debug_line    0x00002746      0x375 ./system/src/aducm360/UrtLib.o
 .debug_line    0x00002abb      0x488 ./src/AD5270.o
 .debug_line    0x00002f43      0x4c3 ./src/AD7798.o
 .debug_line    0x00003406      0x414 ./src/ADT7310.o
 .debug_line    0x0000381a      0x488 ./src/CN0396.o
 .debug_line    0x00003ca2      0x4fe ./src/Communication.o
 .debug_line    0x000041a0      0x32e ./src/Timer.o
 .debug_line    0x000044ce      0x445 ./src/main.o

.debug_frame    0x00000000     0x2668
 *(.debug_frame)
 .debug_frame   0x00000000       0x48 ./system/src/newlib/_exit.o
 .debug_frame   0x00000048       0x34 ./system/src/newlib/_sbrk.o
 .debug_frame   0x0000007c       0xc8 ./system/src/newlib/_startup.o
 .debug_frame   0x00000144      0x340 ./system/src/newlib/_syscalls.o
 .debug_frame   0x00000484       0xb8 ./system/src/diag/Trace.o
 .debug_frame   0x0000053c       0x58 ./system/src/diag/trace_impl.o
 .debug_frame   0x00000594       0x48 ./system/src/cortexm/_initialize_hardware.o
 .debug_frame   0x000005dc      0x178 ./system/src/cortexm/exception_handlers.o
 .debug_frame   0x00000754       0x9c ./system/src/cmsis/system_ADuCM360.o
 .debug_frame   0x000007f0       0x28 ./system/src/cmsis/vectors_ADuCM360.o
 .debug_frame   0x00000818      0x290 ./system/src/aducm360/DioLib.o
 .debug_frame   0x00000aa8      0x1a0 ./system/src/aducm360/SpiLib.o
 .debug_frame   0x00000c48      0x1a0 ./system/src/aducm360/UrtLib.o
 .debug_frame   0x00000de8      0x1f8 ./src/AD5270.o
 .debug_frame   0x00000fe0      0x1f0 ./src/AD7798.o
 .debug_frame   0x000011d0       0xf4 ./src/ADT7310.o
 .debug_frame   0x000012c4       0xfc ./src/CN0396.o
 .debug_frame   0x000013c0      0x170 ./src/Communication.o
 .debug_frame   0x00001530       0xdc ./src/Timer.o
 .debug_frame   0x0000160c       0x54 ./src/main.o
 .debug_frame   0x00001660       0x20 c:/program files (x86)/gnu tools arm embedded/4.9 2015q2/bin/../lib/gcc/arm-none-eabi/4.9.3/../../../../arm-none-eabi/lib/armv7-m\libg_nano.a(lib_a-errno.o)
 .debug_frame   0x00001680       0x28 c:/program files (x86)/gnu tools arm embedded/4.9 2015q2/bin/../lib/gcc/arm-none-eabi/4.9.3/../../../../arm-none-eabi/lib/armv7-m\libg_nano.a(lib_a-memcpy.o)
 .debug_frame   0x000016a8       0x20 c:/program files (x86)/gnu tools arm embedded/4.9 2015q2/bin/../lib/gcc/arm-none-eabi/4.9.3/../../../../arm-none-eabi/lib/armv7-m\libg_nano.a(lib_a-memset.o)
 .debug_frame   0x000016c8       0x8c c:/program files (x86)/gnu tools arm embedded/4.9 2015q2/bin/../lib/gcc/arm-none-eabi/4.9.3/../../../../arm-none-eabi/lib/armv7-m\libg_nano.a(lib_a-nano-vfprintf_float.o)
 .debug_frame   0x00001754       0x58 c:/program files (x86)/gnu tools arm embedded/4.9 2015q2/bin/../lib/gcc/arm-none-eabi/4.9.3/../../../../arm-none-eabi/lib/armv7-m\libg_nano.a(lib_a-nano-vfprintf_i.o)
 .debug_frame   0x000017ac       0x40 c:/program files (x86)/gnu tools arm embedded/4.9 2015q2/bin/../lib/gcc/arm-none-eabi/4.9.3/../../../../arm-none-eabi/lib/armv7-m\libg_nano.a(lib_a-nano-vfscanf_float.o)
 .debug_frame   0x000017ec       0x74 c:/program files (x86)/gnu tools arm embedded/4.9 2015q2/bin/../lib/gcc/arm-none-eabi/4.9.3/../../../../arm-none-eabi/lib/armv7-m\libg_nano.a(lib_a-printf.o)
 .debug_frame   0x00001860       0x58 c:/program files (x86)/gnu tools arm embedded/4.9 2015q2/bin/../lib/gcc/arm-none-eabi/4.9.3/../../../../arm-none-eabi/lib/armv7-m\libg_nano.a(lib_a-putchar.o)
 .debug_frame   0x000018b8       0x3c c:/program files (x86)/gnu tools arm embedded/4.9 2015q2/bin/../lib/gcc/arm-none-eabi/4.9.3/../../../../arm-none-eabi/lib/armv7-m\libg_nano.a(lib_a-puts.o)
 .debug_frame   0x000018f4       0x28 c:/program files (x86)/gnu tools arm embedded/4.9 2015q2/bin/../lib/gcc/arm-none-eabi/4.9.3/../../../../arm-none-eabi/lib/armv7-m\libg_nano.a(lib_a-s_fpclassify.o)
 .debug_frame   0x0000191c       0x20 c:/program files (x86)/gnu tools arm embedded/4.9 2015q2/bin/../lib/gcc/arm-none-eabi/4.9.3/../../../../arm-none-eabi/lib/armv7-m\libg_nano.a(lib_a-sf_nan.o)
 .debug_frame   0x0000193c       0x70 c:/program files (x86)/gnu tools arm embedded/4.9 2015q2/bin/../lib/gcc/arm-none-eabi/4.9.3/../../../../arm-none-eabi/lib/armv7-m\libg_nano.a(lib_a-sprintf.o)
 .debug_frame   0x000019ac       0x20 c:/program files (x86)/gnu tools arm embedded/4.9 2015q2/bin/../lib/gcc/arm-none-eabi/4.9.3/../../../../arm-none-eabi/lib/armv7-m\libg_nano.a(lib_a-strlen.o)
 .debug_frame   0x000019cc       0xb4 c:/program files (x86)/gnu tools arm embedded/4.9 2015q2/bin/../lib/gcc/arm-none-eabi/4.9.3/../../../../arm-none-eabi/lib/armv7-m\libg_nano.a(lib_a-strtod.o)
 .debug_frame   0x00001a80       0x54 c:/program files (x86)/gnu tools arm embedded/4.9 2015q2/bin/../lib/gcc/arm-none-eabi/4.9.3/../../../../arm-none-eabi/lib/armv7-m\libg_nano.a(lib_a-strtol.o)
 .debug_frame   0x00001ad4       0x50 c:/program files (x86)/gnu tools arm embedded/4.9 2015q2/bin/../lib/gcc/arm-none-eabi/4.9.3/../../../../arm-none-eabi/lib/armv7-m\libg_nano.a(lib_a-vsnprintf.o)
 .debug_frame   0x00001b24       0x3c c:/program files (x86)/gnu tools arm embedded/4.9 2015q2/bin/../lib/gcc/arm-none-eabi/4.9.3/../../../../arm-none-eabi/lib/armv7-m\libg_nano.a(lib_a-wbuf.o)
 .debug_frame   0x00001b60       0x2c c:/program files (x86)/gnu tools arm embedded/4.9 2015q2/bin/../lib/gcc/arm-none-eabi/4.9.3/../../../../arm-none-eabi/lib/armv7-m\libg_nano.a(lib_a-wsetup.o)
 .debug_frame   0x00001b8c       0x6c c:/program files (x86)/gnu tools arm embedded/4.9 2015q2/bin/../lib/gcc/arm-none-eabi/4.9.3/../../../../arm-none-eabi/lib/armv7-m\libg_nano.a(lib_a-dtoa.o)
 .debug_frame   0x00001bf8       0x68 c:/program files (x86)/gnu tools arm embedded/4.9 2015q2/bin/../lib/gcc/arm-none-eabi/4.9.3/../../../../arm-none-eabi/lib/armv7-m\libg_nano.a(lib_a-fflush.o)
 .debug_frame   0x00001c60      0x11c c:/program files (x86)/gnu tools arm embedded/4.9 2015q2/bin/../lib/gcc/arm-none-eabi/4.9.3/../../../../arm-none-eabi/lib/armv7-m\libg_nano.a(lib_a-findfp.o)
 .debug_frame   0x00001d7c       0x54 c:/program files (x86)/gnu tools arm embedded/4.9 2015q2/bin/../lib/gcc/arm-none-eabi/4.9.3/../../../../arm-none-eabi/lib/armv7-m\libg_nano.a(lib_a-fwalk.o)
 .debug_frame   0x00001dd0       0x70 c:/program files (x86)/gnu tools arm embedded/4.9 2015q2/bin/../lib/gcc/arm-none-eabi/4.9.3/../../../../arm-none-eabi/lib/armv7-m\libg_nano.a(lib_a-gdtoa-gethex.o)
 .debug_frame   0x00001e40       0x58 c:/program files (x86)/gnu tools arm embedded/4.9 2015q2/bin/../lib/gcc/arm-none-eabi/4.9.3/../../../../arm-none-eabi/lib/armv7-m\libg_nano.a(lib_a-gdtoa-hexnan.o)
 .debug_frame   0x00001e98       0x98 c:/program files (x86)/gnu tools arm embedded/4.9 2015q2/bin/../lib/gcc/arm-none-eabi/4.9.3/../../../../arm-none-eabi/lib/armv7-m\libg_nano.a(lib_a-locale.o)
 .debug_frame   0x00001f30       0x34 c:/program files (x86)/gnu tools arm embedded/4.9 2015q2/bin/../lib/gcc/arm-none-eabi/4.9.3/../../../../arm-none-eabi/lib/armv7-m\libg_nano.a(lib_a-makebuf.o)
 .debug_frame   0x00001f64       0x30 c:/program files (x86)/gnu tools arm embedded/4.9 2015q2/bin/../lib/gcc/arm-none-eabi/4.9.3/../../../../arm-none-eabi/lib/armv7-m\libg_nano.a(lib_a-malloc.o)
 .debug_frame   0x00001f94       0x28 c:/program files (x86)/gnu tools arm embedded/4.9 2015q2/bin/../lib/gcc/arm-none-eabi/4.9.3/../../../../arm-none-eabi/lib/armv7-m\libg_nano.a(lib_a-memchr.o)
 .debug_frame   0x00001fbc      0x230 c:/program files (x86)/gnu tools arm embedded/4.9 2015q2/bin/../lib/gcc/arm-none-eabi/4.9.3/../../../../arm-none-eabi/lib/armv7-m\libg_nano.a(lib_a-mprec.o)
 .debug_frame   0x000021ec       0x2c c:/program files (x86)/gnu tools arm embedded/4.9 2015q2/bin/../lib/gcc/arm-none-eabi/4.9.3/../../../../arm-none-eabi/lib/armv7-m\libg_nano.a(lib_a-nano-callocr.o)
 .debug_frame   0x00002218       0x2c c:/program files (x86)/gnu tools arm embedded/4.9 2015q2/bin/../lib/gcc/arm-none-eabi/4.9.3/../../../../arm-none-eabi/lib/armv7-m\libg_nano.a(lib_a-nano-freer.o)
 .debug_frame   0x00002244       0x2c c:/program files (x86)/gnu tools arm embedded/4.9 2015q2/bin/../lib/gcc/arm-none-eabi/4.9.3/../../../../arm-none-eabi/lib/armv7-m\libg_nano.a(lib_a-nano-mallocr.o)
 .debug_frame   0x00002270       0x8c c:/program files (x86)/gnu tools arm embedded/4.9 2015q2/bin/../lib/gcc/arm-none-eabi/4.9.3/../../../../arm-none-eabi/lib/armv7-m\libg_nano.a(lib_a-nano-svfprintf.o)
 .debug_frame   0x000022fc       0xb8 c:/program files (x86)/gnu tools arm embedded/4.9 2015q2/bin/../lib/gcc/arm-none-eabi/4.9.3/../../../../arm-none-eabi/lib/armv7-m\libg_nano.a(lib_a-nano-vfprintf.o)
 .debug_frame   0x000023b4       0x48 c:/program files (x86)/gnu tools arm embedded/4.9 2015q2/bin/../lib/gcc/arm-none-eabi/4.9.3/../../../../arm-none-eabi/lib/armv7-m\libg_nano.a(lib_a-putc.o)
 .debug_frame   0x000023fc       0x2c c:/program files (x86)/gnu tools arm embedded/4.9 2015q2/bin/../lib/gcc/arm-none-eabi/4.9.3/../../../../arm-none-eabi/lib/armv7-m\libg_nano.a(lib_a-sbrkr.o)
 .debug_frame   0x00002428       0x88 c:/program files (x86)/gnu tools arm embedded/4.9 2015q2/bin/../lib/gcc/arm-none-eabi/4.9.3/../../../../arm-none-eabi/lib/armv7-m\libg_nano.a(lib_a-stdio.o)
 .debug_frame   0x000024b0       0x2c c:/program files (x86)/gnu tools arm embedded/4.9 2015q2/bin/../lib/gcc/arm-none-eabi/4.9.3/../../../../arm-none-eabi/lib/armv7-m\libg_nano.a(lib_a-strncmp.o)
 .debug_frame   0x000024dc       0x2c c:/program files (x86)/gnu tools arm embedded/4.9 2015q2/bin/../lib/gcc/arm-none-eabi/4.9.3/../../../../arm-none-eabi/lib/armv7-m\libg_nano.a(lib_a-writer.o)
 .debug_frame   0x00002508       0x2c c:/program files (x86)/gnu tools arm embedded/4.9 2015q2/bin/../lib/gcc/arm-none-eabi/4.9.3/../../../../arm-none-eabi/lib/armv7-m\libg_nano.a(lib_a-closer.o)
 .debug_frame   0x00002534       0x2c c:/program files (x86)/gnu tools arm embedded/4.9 2015q2/bin/../lib/gcc/arm-none-eabi/4.9.3/../../../../arm-none-eabi/lib/armv7-m\libg_nano.a(lib_a-fstatr.o)
 .debug_frame   0x00002560       0x2c c:/program files (x86)/gnu tools arm embedded/4.9 2015q2/bin/../lib/gcc/arm-none-eabi/4.9.3/../../../../arm-none-eabi/lib/armv7-m\libg_nano.a(lib_a-isattyr.o)
 .debug_frame   0x0000258c       0x2c c:/program files (x86)/gnu tools arm embedded/4.9 2015q2/bin/../lib/gcc/arm-none-eabi/4.9.3/../../../../arm-none-eabi/lib/armv7-m\libg_nano.a(lib_a-lseekr.o)
 .debug_frame   0x000025b8       0x28 c:/program files (x86)/gnu tools arm embedded/4.9 2015q2/bin/../lib/gcc/arm-none-eabi/4.9.3/../../../../arm-none-eabi/lib/armv7-m\libg_nano.a(lib_a-memmove.o)
 .debug_frame   0x000025e0       0x3c c:/program files (x86)/gnu tools arm embedded/4.9 2015q2/bin/../lib/gcc/arm-none-eabi/4.9.3/../../../../arm-none-eabi/lib/armv7-m\libg_nano.a(lib_a-nano-reallocr.o)
 .debug_frame   0x0000261c       0x2c c:/program files (x86)/gnu tools arm embedded/4.9 2015q2/bin/../lib/gcc/arm-none-eabi/4.9.3/../../../../arm-none-eabi/lib/armv7-m\libg_nano.a(lib_a-readr.o)
 .debug_frame   0x00002648       0x20 c:/program files (x86)/gnu tools arm embedded/4.9 2015q2/bin/../lib/gcc/arm-none-eabi/4.9.3/../../../../arm-none-eabi/lib/armv7-m\libg_nano.a(lib_a-nano-msizer.o)

.debug_str      0x00000000    0x3cb04
 *(.debug_str)
 .debug_str     0x00000000     0x5c6b ./system/src/newlib/_exit.o
                               0x5dd5 (size before relaxing)
 .debug_str     0x00005c6b      0x4d6 ./system/src/newlib/_sbrk.o
                               0x454a (size before relaxing)
 .debug_str     0x00006141      0xac2 ./system/src/newlib/_startup.o
                               0x3fc9 (size before relaxing)
 .debug_str     0x00006c03     0x13af ./system/src/newlib/_syscalls.o
                               0x67af (size before relaxing)
 .debug_str     0x00007fb2      0x9ae ./system/src/diag/Trace.o
                               0x66d3 (size before relaxing)
 .debug_str     0x00008960    0x31643 ./system/src/diag/trace_impl.o
                              0x37020 (size before relaxing)
 .debug_str     0x00039fa3       0xd7 ./system/src/cortexm/_initialize_hardware.o
                              0x34723 (size before relaxing)
 .debug_str     0x0003a07a      0x1e5 ./system/src/cortexm/exception_handlers.o
                              0x37e51 (size before relaxing)
 .debug_str     0x0003a25f      0x151 ./system/src/cmsis/system_ADuCM360.o
                              0x347b3 (size before relaxing)
 .debug_str     0x0003a3b0       0x56 ./system/src/cmsis/vectors_ADuCM360.o
                               0x30cd (size before relaxing)
 .debug_str     0x0003a406      0x1a6 ./system/src/aducm360/DioLib.o
                              0x34826 (size before relaxing)
 .debug_str     0x0003a5ac      0x493 ./system/src/aducm360/SpiLib.o
                              0x34b2e (size before relaxing)
 .debug_str     0x0003aa3f      0x19b ./system/src/aducm360/UrtLib.o
                              0x34c04 (size before relaxing)
 .debug_str     0x0003abda      0x4dc ./src/AD5270.o
                              0x37bc1 (size before relaxing)
 .debug_str     0x0003b0b6      0x71f ./src/AD7798.o
                              0x38069 (size before relaxing)
 .debug_str     0x0003b7d5      0x16c ./src/ADT7310.o
                              0x37a16 (size before relaxing)
 .debug_str     0x0003b941      0xd27 ./src/CN0396.o
                              0x38dd5 (size before relaxing)
 .debug_str     0x0003c668      0x3bc ./src/Communication.o