<html>
<body>
<pre>
<h1>µVision Build Log</h1>
<h2>Tool Versions:</h2>
IDE-Version: µVision V5.16.0.0
Copyright (C) 2015 ARM Ltd and ARM Germany GmbH. All rights reserved.
License Information: Veronica Microsoft, Microsoft, LIC=----
 
Tool Versions:
Toolchain:       MDK-Lite  Version: 5.16.0.0
Toolchain Path:  C:\Keil_v5\ARM\ARMCC\Bin
C Compiler:      Armcc.exe V5.06 (build 20)
Assembler:       Armasm.exe V5.06 (build 20)
Linker/Locator:  ArmLink.exe V5.06 (build 20)
Library Manager: ArmAr.exe V5.06 (build 20)
Hex Converter:   FromElf.exe V5.06 (build 20)
CPU DLL:         SARMCM3.DLL V5.16.0.0
Dialog DLL:      DCM.DLL V1.13.2.0
Target DLL:      CMSIS_AGDI.dll V1.21.20.0
Dialog DLL:      TCM.DLL V1.14.5.0
 
<h2>Project:</h2>
C:\Users\vlupei\aducm360_test_all\ADuCM360_demo_blink\ADuCM360_demo_blink.uvprojx
Project File Date:  01/27/2016

<h2>Output:</h2>
*** Using Compiler 'V5.06 (build 20)', folder: 'C:\Keil_v5\ARM\ARMCC\Bin'
Rebuild target 'Target 1'
compiling WdtLib.c...
compiling ClkLib.c...
compiling Timer.c...
compiling GptLib.c...
compiling DioLib.c...
compiling main.c...
compiling blink.c...
assembling startup_ADuCM360.s...
compiling system_ADuCM360.c...
linking...
Program Size: Code=600 RO-data=256 RW-data=4 ZI-data=1636  
".\Objects\ADuCM360_demo_blink.axf" - 0 Error(s), 0 Warning(s).

<h2>Software Packages used:</h2>

Package Vendor: AnalogDevices
                http://www.analog.com/media/en/engineering-tools/design-tools/AnalogDevices.ADuCM36x_DFP.1.0.1.pack
                AnalogDevices::Device:Startup:1.0.0
                Analog Devices ADuCM36x Device Support and Examples
   * Component: Startup Version: 1.0.0

Package Vendor: ARM
                http://www.keil.com/pack/ARM.CMSIS.4.5.0.pack
                ARM::CMSIS:CORE:4.3.0
                CMSIS (Cortex Microcontroller Software Interface Standard)
   * Component: CORE Version: 4.3.0

<h2>Collection of Component include folders:</h2>
  C:\Users\vlupei\aducm360_test_all\ADuCM360_demo_blink\RTE
  C:\Keil_v5\ARM\PACK\ARM\CMSIS\4.5.0\CMSIS\Include
  C:\Keil_v5\ARM\PACK\AnalogDevices\ADuCM36x_DFP\1.0.1\Device\Include

<h2>Collection of Component Files used:</h2>

   * Component: AnalogDevices::Device:Startup:1.0.0
      Source file:   Device\Source\startup_ADuCM360.s
      Source file:   Device\Source\system_ADuCM360.c

   * Component: ARM::CMSIS:CORE:4.3.0
Build Time Elapsed:  00:00:05
</pre>
</body>
</html>
