Archive member included because of file (symbol)

c:/program files (x86)/gnu tools arm embedded/4.9 2015q2/bin/../lib/gcc/arm-none-eabi/4.9.3/../../../../arm-none-eabi/lib/armv7-m\libm.a(lib_a-w_sqrt.o)
                              ./src/CN0398.o (sqrt)
c:/program files (x86)/gnu tools arm embedded/4.9 2015q2/bin/../lib/gcc/arm-none-eabi/4.9.3/../../../../arm-none-eabi/lib/armv7-m\libm.a(lib_a-e_sqrt.o)
                              c:/program files (x86)/gnu tools arm embedded/4.9 2015q2/bin/../lib/gcc/arm-none-eabi/4.9.3/../../../../arm-none-eabi/lib/armv7-m\libm.a(lib_a-w_sqrt.o) (__ieee754_sqrt)
c:/program files (x86)/gnu tools arm embedded/4.9 2015q2/bin/../lib/gcc/arm-none-eabi/4.9.3/../../../../arm-none-eabi/lib/armv7-m\libm.a(lib_a-s_fpclassify.o)
                              c:/program files (x86)/gnu tools arm embedded/4.9 2015q2/bin/../lib/gcc/arm-none-eabi/4.9.3/../../../../arm-none-eabi/lib/armv7-m\libm.a(lib_a-w_sqrt.o) (__fpclassifyd)
c:/program files (x86)/gnu tools arm embedded/4.9 2015q2/bin/../lib/gcc/arm-none-eabi/4.9.3/../../../../arm-none-eabi/lib/armv7-m\libm.a(lib_a-s_lib_ver.o)
                              c:/program files (x86)/gnu tools arm embedded/4.9 2015q2/bin/../lib/gcc/arm-none-eabi/4.9.3/../../../../arm-none-eabi/lib/armv7-m\libm.a(lib_a-w_sqrt.o) (__fdlib_version)
c:/program files (x86)/gnu tools arm embedded/4.9 2015q2/bin/../lib/gcc/arm-none-eabi/4.9.3/../../../../arm-none-eabi/lib/armv7-m\libm.a(lib_a-s_matherr.o)
                              c:/program files (x86)/gnu tools arm embedded/4.9 2015q2/bin/../lib/gcc/arm-none-eabi/4.9.3/../../../../arm-none-eabi/lib/armv7-m\libm.a(lib_a-w_sqrt.o) (matherr)
c:/program files (x86)/gnu tools arm embedded/4.9 2015q2/bin/../lib/gcc/arm-none-eabi/4.9.3/armv7-m\libgcc.a(_arm_addsubdf3.o)
                              ./src/CN0398.o (__aeabi_dsub)
c:/program files (x86)/gnu tools arm embedded/4.9 2015q2/bin/../lib/gcc/arm-none-eabi/4.9.3/armv7-m\libgcc.a(_arm_muldivdf3.o)
                              ./src/CN0397.o (__aeabi_dmul)
c:/program files (x86)/gnu tools arm embedded/4.9 2015q2/bin/../lib/gcc/arm-none-eabi/4.9.3/armv7-m\libgcc.a(_arm_cmpdf2.o)
                              c:/program files (x86)/gnu tools arm embedded/4.9 2015q2/bin/../lib/gcc/arm-none-eabi/4.9.3/../../../../arm-none-eabi/lib/armv7-m\libm.a(lib_a-w_sqrt.o) (__aeabi_dcmplt)
c:/program files (x86)/gnu tools arm embedded/4.9 2015q2/bin/../lib/gcc/arm-none-eabi/4.9.3/armv7-m\libgcc.a(_arm_fixunsdfsi.o)
                              ./src/Command.o (__aeabi_d2uiz)
c:/program files (x86)/gnu tools arm embedded/4.9 2015q2/bin/../lib/gcc/arm-none-eabi/4.9.3/armv7-m\libgcc.a(_arm_truncdfsf2.o)
                              ./src/CN0397.o (__aeabi_d2f)
c:/program files (x86)/gnu tools arm embedded/4.9 2015q2/bin/../lib/gcc/arm-none-eabi/4.9.3/armv7-m\libgcc.a(_arm_addsubsf3.o)
                              ./src/CN0398.o (__aeabi_fsub)
c:/program files (x86)/gnu tools arm embedded/4.9 2015q2/bin/../lib/gcc/arm-none-eabi/4.9.3/armv7-m\libgcc.a(_arm_muldivsf3.o)
                              ./src/CN0397.o (__aeabi_fmul)
c:/program files (x86)/gnu tools arm embedded/4.9 2015q2/bin/../lib/gcc/arm-none-eabi/4.9.3/armv7-m\libgcc.a(_arm_cmpsf2.o)
                              ./src/CN0398.o (__aeabi_fcmplt)
c:/program files (x86)/gnu tools arm embedded/4.9 2015q2/bin/../lib/gcc/arm-none-eabi/4.9.3/armv7-m\libgcc.a(_arm_fixunssfsi.o)
                              ./src/Command.o (__aeabi_f2uiz)
c:/program files (x86)/gnu tools arm embedded/4.9 2015q2/bin/../lib/gcc/arm-none-eabi/4.9.3/../../../../arm-none-eabi/lib/armv7-m\libg_nano.a(lib_a-atof.o)
                              ./src/Command.o (atof)
c:/program files (x86)/gnu tools arm embedded/4.9 2015q2/bin/../lib/gcc/arm-none-eabi/4.9.3/../../../../arm-none-eabi/lib/armv7-m\libg_nano.a(lib_a-atoi.o)
                              ./src/Command.o (atoi)
c:/program files (x86)/gnu tools arm embedded/4.9 2015q2/bin/../lib/gcc/arm-none-eabi/4.9.3/../../../../arm-none-eabi/lib/armv7-m\libg_nano.a(lib_a-errno.o)
                              ./system/src/newlib/_sbrk.o (__errno)
c:/program files (x86)/gnu tools arm embedded/4.9 2015q2/bin/../lib/gcc/arm-none-eabi/4.9.3/../../../../arm-none-eabi/lib/armv7-m\libg_nano.a(lib_a-impure.o)
                              c:/program files (x86)/gnu tools arm embedded/4.9 2015q2/bin/../lib/gcc/arm-none-eabi/4.9.3/../../../../arm-none-eabi/lib/armv7-m\libg_nano.a(lib_a-errno.o) (_impure_ptr)
c:/program files (x86)/gnu tools arm embedded/4.9 2015q2/bin/../lib/gcc/arm-none-eabi/4.9.3/../../../../arm-none-eabi/lib/armv7-m\libg_nano.a(lib_a-malloc.o)
                              ./src/AD7798.o (malloc)
c:/program files (x86)/gnu tools arm embedded/4.9 2015q2/bin/../lib/gcc/arm-none-eabi/4.9.3/../../../../arm-none-eabi/lib/armv7-m\libg_nano.a(lib_a-memset.o)
                              ./system/src/aducm360/DmaLib.o (memset)
[...]
Memory Configuration

Name             Origin             Length             Attributes
FLASH            0x00000000         0x00020000         xr
RAM              0x20000000         0x00002000         xrw
CCMRAM           0x10000000         0x00000000         xrw
FLASHB1          0x00000000         0x00000000         xr
EXTMEMB0         0x00000000         0x00000000         xr
EXTMEMB1         0x00000000         0x00000000         xr
EXTMEMB2         0x00000000         0x00000000         xr
EXTMEMB3         0x00000000         0x00000000         xr
*default*        0x00000000         0xffffffff

Linker script and memory map

LOAD ./system/src/newlib/_cxx.o
LOAD ./system/src/newlib/_exit.o
LOAD ./system/src/newlib/_sbrk.o
LOAD ./system/src/newlib/_startup.o
LOAD ./system/src/newlib/_syscalls.o
LOAD ./system/src/newlib/assert.o
LOAD ./system/src/diag/Trace.o
LOAD ./system/src/diag/trace_impl.o
LOAD ./system/src/cortexm/_initialize_hardware.o
LOAD ./system/src/cortexm/_reset_hardware.o
LOAD ./system/src/cortexm/exception_handlers.o
LOAD ./system/src/cmsis/system_ADuCM360.o
LOAD ./system/src/cmsis/vectors_ADuCM360.o
LOAD ./system/src/aducm360/AdcLib.o
LOAD ./system/src/aducm360/ClkLib.o
LOAD ./system/src/aducm360/DacLib.o
LOAD ./system/src/aducm360/DioLib.o
LOAD ./system/src/aducm360/DmaLib.o
LOAD ./system/src/aducm360/FeeLib.o
LOAD ./system/src/aducm360/GptLib.o
LOAD ./system/src/aducm360/I2cLib.o
LOAD ./system/src/aducm360/IexcLib.o
LOAD ./system/src/aducm360/IntLib.o
LOAD ./system/src/aducm360/PwmLib.o
LOAD ./system/src/aducm360/PwrLib.o
LOAD ./system/src/aducm360/RstLib.o
LOAD ./system/src/aducm360/SpiLib.o
LOAD ./system/src/aducm360/UrtLib.o
LOAD ./system/src/aducm360/WdtLib.o
LOAD ./system/src/aducm360/WutLib.o
LOAD ./src/AD7124.o
LOAD ./src/AD7798.o
LOAD ./src/CN0370.o
LOAD ./src/CN0397.o
LOAD ./src/CN0398.o
LOAD ./src/Command.o
LOAD ./src/Communication.o
LOAD ./src/Timer.o
LOAD ./src/lcd.o
LOAD ./src/main.o
LOAD c:/program files (x86)/gnu tools arm embedded/4.9 2015q2/bin/../lib/gcc/arm-none-eabi/4.9.3/../../../../arm-none-eabi/lib/armv7-m\libstdc++_nano.a
LOAD c:/program files (x86)/gnu tools arm embedded/4.9 2015q2/bin/../lib/gcc/arm-none-eabi/4.9.3/../../../../arm-none-eabi/lib/armv7-m\libm.a
START GROUP
LOAD c:/program files (x86)/gnu tools arm embedded/4.9 2015q2/bin/../lib/gcc/arm-none-eabi/4.9.3/armv7-m\libgcc.a
LOAD c:/program files (x86)/gnu tools arm embedded/4.9 2015q2/bin/../lib/gcc/arm-none-eabi/4.9.3/../../../../arm-none-eabi/lib/armv7-m\libg_nano.a
LOAD c:/program files (x86)/gnu tools arm embedded/4.9 2015q2/bin/../lib/gcc/arm-none-eabi/4.9.3/../../../../arm-none-eabi/lib/armv7-m\libc_nano.a
END GROUP
START GROUP
LOAD c:/program files (x86)/gnu tools arm embedded/4.9 2015q2/bin/../lib/gcc/arm-none-eabi/4.9.3/armv7-m\libgcc.a
LOAD c:/program files (x86)/gnu tools arm embedded/4.9 2015q2/bin/../lib/gcc/arm-none-eabi/4.9.3/../../../../arm-none-eabi/lib/armv7-m\libc_nano.a
END GROUP
                0x20002000                __stack = (ORIGIN (RAM) + 0x2000)
                0x20002000                _estack = __stack
                0x00000400                __Main_Stack_Size = 0x400
                0x00000400                PROVIDE (_Main_Stack_Size, __Main_Stack_Size)
                0x20001c00                __Main_Stack_Limit = (__stack - __Main_Stack_Size)
                0x20001c00                PROVIDE (_Main_Stack_Limit, __Main_Stack_Limit)
                0x00000100                _Minimum_Stack_Size = 0x100
                0x20000748                PROVIDE (_Heap_Begin, _end_noinit)
                0x20001c00                PROVIDE (_Heap_Limit, (__stack - __Main_Stack_Size))

.isr_vector     0x00000000      0x2fc
 FILL mask 0xff
                0x00000000                __vectors_start = ABSOLUTE (.)
                0x00000000                __vectors_start__ = ABSOLUTE (.)
 *(.isr_vector)
 .isr_vector    0x00000000       0xe0 ./system/src/cmsis/vectors_ADuCM360.o
                0x00000000                __isr_vectors
 *(.cfmconfig)
 *(.after_vectors .after_vectors.*)
 .after_vectors
                0x000000e0      0x114 ./system/src/newlib/_startup.o
                0x000000e0                _start
 .after_vectors
                0x000001f4      0x104 ./system/src/cortexm/exception_handlers.o
                0x000001f4                Reset_Handler
                0x000001fc                NMI_Handler
                0x00000200                HardFault_Handler
                0x00000214                HardFault_Handler_C
                0x00000248                MemManage_Handler
                0x0000024c                BusFault_Handler
                0x00000260                BusFault_Handler_C
                0x00000294                UsageFault_Handler
                0x000002a8                UsageFault_Handler_C
                0x000002dc                SVC_Handler
                0x000002e0                DebugMon_Handler
                0x000002e4                PendSV_Handler
 .after_vectors
                0x000002f8        0x4 ./system/src/cmsis/vectors_ADuCM360.o
                0x000002f8                I2C0_Slave_Int_Handler
                0x000002f8                DMA_I2C0_SRX_Int_Handler
                0x000002f8                DMA_SPI1_RX_Int_Handler
                0x000002f8                GP_Tmr0_Int_Handler
                0x000002f8                Ext_Int5_Handler
                0x000002f8                GP_Tmr1_Int_Handler
                0x000002f8                DMA_UART_RX_Int_Handler
                0x000002f8                DMA_Err_Int_Handler
                0x000002f8                Ext_Int7_Handler
                0x000002f8                DMA_ADC1_Int_Handler
                0x000002f8                PWM1_Int_Handler
                0x000002f8                WDog_Tmr_Int_Handler
                0x000002f8                Ext_Int2_Handler
                0x000002f8                ADC0_Int_Handler
                0x000002f8                DMA_I2C0_STX_Int_Handler
                0x000002f8                DMA_I2C0_MTX_Int_Handler
                0x000002f8                Default_Handler
                0x000002f8                DMA_I2C0_MRX_Int_Handler
                0x000002f8                Ext_Int0_Handler
                0x000002f8                DMA_UART_TX_Int_Handler
                0x000002f8                PWM0_Int_Handler
                0x000002f8                Ext_Int4_Handler
                0x000002f8                SINC2_Int_Handler
                0x000002f8                Ext_Int3_Handler
                0x000002f8                DMA_SINC2_Int_Handler
                0x000002f8                PWMTRIP_Int_Handler
                0x000002f8                ADC1_Int_Handler
                0x000002f8                DMA_SPI1_TX_Int_Handler
                0x000002f8                Ext_Int1_Handler
                0x000002f8                DMA_ADC0_Int_Handler
                0x000002f8                Ext_Int6_Handler
                0x000002f8                DMA_DAC_Out_Int_Handler
                0x000002f8                WakeUp_Int_Handler
                0x000002f8                PWM2_Int_Handler
                0x000002f8                Flsh_Int_Handler

.inits          0x000002fc       0x28
                0x000002fc                __data_regions_array_start = .
                0x000002fc        0x4 LONG 0xa368 LOADADDR (.data)
                0x00000300        0x4 LONG 0x20000000 ADDR (.data)
                0x00000304        0x4 LONG 0x200004c0 (ADDR (.data) + SIZEOF (.data))
                0x00000308        0x4 LONG 0xa368 LOADADDR (.data_CCMRAM)
                0x0000030c        0x4 LONG 0x10000000 ADDR (.data_CCMRAM)
                0x00000310        0x4 LONG 0x10000000 (ADDR (.data_CCMRAM) + SIZEOF (.data_CCMRAM))
                0x00000314                __data_regions_array_end = .
                0x00000314                __bss_regions_array_start = .
                0x00000314        0x4 LONG 0x200004c0 ADDR (.bss)
                0x00000318        0x4 LONG 0x20000748 (ADDR (.bss) + SIZEOF (.bss))
                0x0000031c        0x4 LONG 0x10000000 ADDR (.bss_CCMRAM)
                0x00000320        0x4 LONG 0x10000000 (ADDR (.bss_CCMRAM) + SIZEOF (.bss_CCMRAM))
                0x00000324                __bss_regions_array_end = .
 *(.init)
 *(.fini)
                0x00000324                . = ALIGN (0x4)
                0x00000324                PROVIDE (__preinit_array_start, .)
 *(.preinit_array_sysinit .preinit_array_sysinit.*)
 *(.preinit_array_platform .preinit_array_platform.*)
 *(.preinit_array .preinit_array.*)
                0x00000324                PROVIDE (__preinit_array_end, .)
                0x00000324                . = ALIGN (0x4)
                0x00000324                PROVIDE (__init_array_start, .)
 *(SORT(.init_array.*))
 *(.init_array)
                0x00000324                PROVIDE (__init_array_end, .)
                0x00000324                . = ALIGN (0x4)
                0x00000324                PROVIDE (__fini_array_start, .)
 *(SORT(.fini_array.*))
 *(.fini_array)
                0x00000324                PROVIDE (__fini_array_end, .)

.flashtext
 *(.flashtext .flashtext.*)

.text           0x00000328     0xa040
 *(.text .text.*)
 .text._exit    0x00000328        0x4 ./system/src/newlib/_exit.o
                0x00000328                _exit
 .text._sbrk    0x0000032c       0x44 ./system/src/newlib/_sbrk.o
                0x0000032c                _sbrk
 .text.__initialize_args
                0x00000370       0x10 ./system/src/newlib/_syscalls.o
                0x00000370                __initialize_args
 .text._close   0x00000380       0x10 ./system/src/newlib/_syscalls.o
                0x00000380                _close
 .text._fstat   0x00000390       0x10 ./system/src/newlib/_syscalls.o
                0x00000390                _fstat
 .text._isatty  0x000003a0       0x10 ./system/src/newlib/_syscalls.o
                0x000003a0                _isatty
 .text._lseek   0x000003b0       0x10 ./system/src/newlib/_syscalls.o
                0x000003b0                _lseek
 .text.trace_printf
                0x000003c0       0x34 ./system/src/diag/Trace.o
                0x000003c0                trace_printf
 .text.trace_write
                0x000003f4        0x8 ./system/src/diag/trace_impl.o
                0x000003f4                trace_write
 .text.__initialize_hardware_early
                0x000003fc       0x18 ./system/src/cortexm/_initialize_hardware.o
                0x000003fc                __initialize_hardware_early
 .text.__initialize_hardware
                0x00000414        0x8 ./system/src/cortexm/_initialize_hardware.o
                0x00000414                __initialize_hardware
 .text.dumpExceptionStack
                0x0000041c       0xf0 ./system/src/cortexm/exception_handlers.o
                0x0000041c                dumpExceptionStack
 .text.SystemCoreClockUpdate
                0x0000050c       0x78 ./system/src/cmsis/system_ADuCM360.o
                0x0000050c                SystemCoreClockUpdate
 .text.SystemInit
                0x00000584       0x20 ./system/src/cmsis/system_ADuCM360.o
                0x00000584                SystemInit
 .text.DioCfgPin
                0x000005a4       0x20 ./system/src/aducm360/DioLib.o
                0x000005a4                DioCfgPin
 .text.DioOenPin
                0x000005c4       0x20 ./system/src/aducm360/DioLib.o
                0x000005c4                DioOenPin
 .text.DioPulPin
                0x000005e4       0x20 ./system/src/aducm360/DioLib.o
                0x000005e4                DioPulPin
 .text.DioSet   0x00000604        0x8 ./system/src/aducm360/DioLib.o
                0x00000604                DioSet
 .text.DioClr   0x0000060c        0xc ./system/src/aducm360/DioLib.o
                0x0000060c                DioClr
 .text.I2cRx    0x00000618       0x18 ./system/src/aducm360/I2cLib.o
                0x00000618                I2cRx
 .text.I2cSta   0x00000630       0x18 ./system/src/aducm360/I2cLib.o
                0x00000630                I2cSta
 .text.SpiCfg   0x00000648        0xc ./system/src/aducm360/SpiLib.o
                0x00000648                SpiCfg
 .text.SpiBaud  0x00000654        0xc ./system/src/aducm360/SpiLib.o
                0x00000654                SpiBaud
 .text.SpiRx    0x00000660        0x4 ./system/src/aducm360/SpiLib.o
                0x00000660                SpiRx
 .text.SpiTx    0x00000664        0x8 ./system/src/aducm360/SpiLib.o
                0x00000664                SpiTx
 .text.SpiSta   0x0000066c        0x8 ./system/src/aducm360/SpiLib.o
                0x0000066c                SpiSta
 .text.SpiFifoFlush
                0x00000674       0x3c ./system/src/aducm360/SpiLib.o
                0x00000674                SpiFifoFlush
 .text.UrtCfg   0x000006b0       0x94 ./system/src/aducm360/UrtLib.o
                0x000006b0                UrtCfg
 .text.UrtTx    0x00000744       0x14 ./system/src/aducm360/UrtLib.o
                0x00000744                UrtTx
 .text.UrtRx    0x00000758        0x4 ./system/src/aducm360/UrtLib.o
                0x00000758                UrtRx
 .text.UrtMod   0x0000075c        0xc ./system/src/aducm360/UrtLib.o
                0x0000075c                UrtMod
 .text.UrtIntCfg
                0x00000768        0x8 ./system/src/aducm360/UrtLib.o
                0x00000768                UrtIntCfg
 .text.UrtIntSta
                0x00000770        0x4 ./system/src/aducm360/UrtLib.o
                0x00000770                UrtIntSta
 .text.AD7124_Init
                0x00000774       0x38 ./src/AD7124.o
                0x00000774                AD7124_Init
 .text.AD7124_Reset
                0x000007ac       0x2c ./src/AD7124.o
                0x000007ac                AD7124_Reset
 .text.AD7124_ReadData
                0x000007d8       0x84 ./src/AD7124.o
                0x000007d8                AD7124_ReadData
 .text.AD7124_ComputeCRC8
                0x0000085c       0x40 ./src/AD7124.o
                0x0000085c                AD7124_ComputeCRC8
 .text.AD7124_NoCheckReadRegister
                0x0000089c       0xf0 ./src/AD7124.o
                0x0000089c                AD7124_NoCheckReadRegister
 .text.AD7124_ReadRegister
                0x0000098c       0x2c ./src/AD7124.o
                0x0000098c                AD7124_ReadRegister
 .text.AD7124_ReadDeviceRegister
                0x000009b8       0x1c ./src/AD7124.o
                0x000009b8                AD7124_ReadDeviceRegister
 .text.AD7124_WaitForSpiReady
                0x000009d4       0x3c ./src/AD7124.o
                0x000009d4                AD7124_WaitForSpiReady
 .text.AD7124_WaitForConvReady
                0x00000a10       0x38 ./src/AD7124.o
                0x00000a10                AD7124_WaitForConvReady
 .text.AD7124_NoCheckWriteRegister
                0x00000a48       0x94 ./src/AD7124.o
                0x00000a48                AD7124_NoCheckWriteRegister
 .text.AD7124_WriteRegister
                0x00000adc       0x38 ./src/AD7124.o
                0x00000adc                AD7124_WriteRegister
 .text.AD7124_WriteDeviceRegister
                0x00000b14       0x18 ./src/AD7124.o
                0x00000b14                AD7124_WriteDeviceRegister
 .text.AD7124_UpdateDevSpiSettings
                0x00000b2c       0x1c ./src/AD7124.o
                0x00000b2c                AD7124_UpdateDevSpiSettings
 .text.AD7124_Setup
                0x00000b48       0x5c ./src/AD7124.o
                0x00000b48                AD7124_Setup
 .text.AD7798_Reset
                0x00000ba4       0x24 ./src/AD7798.o
                0x00000ba4                AD7798_Reset
 .text.AD7798_GetRegisterValue
                0x00000bc8       0x48 ./src/AD7798.o
                0x00000bc8                AD7798_GetRegisterValue
 .text.AD7798_Init
                0x00000c10       0x1c ./src/AD7798.o
                0x00000c10                AD7798_Init
 .text.AD7798_SetRegisterValue
                0x00000c2c       0x60 ./src/AD7798.o
                0x00000c2c                AD7798_SetRegisterValue
 .text.AD7798_SetMode
                0x00000c8c       0x20 ./src/AD7798.o
                0x00000c8c                AD7798_SetMode
 .text.AD7798_SetChannel
                0x00000cac       0x24 ./src/AD7798.o
                0x00000cac                AD7798_SetChannel
 .text.AD7798_SetGain
                0x00000cd0       0x24 ./src/AD7798.o
                0x00000cd0                AD7798_SetGain
 .text.AD7798_SetFilter
                0x00000cf4       0x24 ./src/AD7798.o
                0x00000cf4                AD7798_SetFilter
 .text.AD7798_SetReference
                0x00000d18       0x24 ./src/AD7798.o
                0x00000d18                AD7798_SetReference
 .text.AD7798_SetCodingMode
                0x00000d3c       0x2c ./src/AD7798.o
                0x00000d3c                AD7798_SetCodingMode
 .text.CN0370_SetRedLux
                0x00000d68        0xc ./src/CN0370.o
                0x00000d68                CN0370_SetRedLux
 .text.CN0370_SetGrnLux
                0x00000d74        0xc ./src/CN0370.o
                0x00000d74                CN0370_SetGrnLux
 .text.CN0370_SetBleLux
                0x00000d80        0xc ./src/CN0370.o
                0x00000d80                CN0370_SetBleLux
 .text.CN0370_SetControlMode
                0x00000d8c       0x30 ./src/CN0370.o
                0x00000d8c                CN0370_SetControlMode
 .text.CN0370_SetRED
                0x00000dbc       0x2c ./src/CN0370.o
                0x00000dbc                CN0370_SetRED
 .text.CN0370_SetGRN
                0x00000de8       0x2c ./src/CN0370.o
                0x00000de8                CN0370_SetGRN
 .text.CN0370_SetBLE
                0x00000e14       0x2c ./src/CN0370.o
                0x00000e14                CN0370_SetBLE
 .text.CN0370_Zero
                0x00000e40       0x1c ./src/CN0370.o
                0x00000e40                CN0370_Zero
 .text.CN0397_Init
                0x00000e5c       0x38 ./src/CN0397.o
                0x00000e5c                CN0397_Init
 .text.CN0397_ReadADCData
                0x00000e94       0x58 ./src/CN0397.o
                0x00000e94                CN0397_ReadADCData
 .text.CN0397_Calibration
                0x00000eec       0x4c ./src/CN0397.o
                0x00000eec                CN0397_Calibration
 .text.CN0397_StartCal
                0x00000f38       0x88 ./src/CN0397.o
                0x00000f38                CN0397_StartCal
 .text.CN0397_ConvertToVoltage
                0x00000fc0       0x54 ./src/CN0397.o
                0x00000fc0                CN0397_ConvertToVoltage
 .text.CN0397_CalcLightIntensity
                0x00001014       0x20 ./src/CN0397.o
                0x00001014                CN0397_CalcLightIntensity
 .text.CN0397_CalcLightConcentration
                0x00001034       0x24 ./src/CN0397.o
                0x00001034                CN0397_CalcLightConcentration
 .text.CN0397_SetBar
                0x00001058       0x50 ./src/CN0397.o
                0x00001058                CN0397_SetBar
 .text.CN0397_SetAppData
                0x000010a8       0x7c ./src/CN0397.o
                0x000010a8                CN0397_SetAppData
 .text.CN0397_DisplayData
                0x00001124      0x100 ./src/CN0397.o
                0x00001124                CN0397_DisplayData
 .text.CN0398_Init
                0x00001224       0x48 ./src/CN0398.o
                0x00001224                CN0398_Init
 .text.CN0398_Setup
                0x0000126c       0xbc ./src/CN0398.o
                0x0000126c                CN0398_Setup
 .text.CN0398_start_single_conversion
                0x00001328       0x14 ./src/CN0398.o
                0x00001328                CN0398_start_single_conversion
 .text.CN0398_disable_channel
                0x0000133c       0x40 ./src/CN0398.o
                0x0000133c                CN0398_disable_channel
 .text.CN0398_enable_channel
                0x0000137c       0x40 ./src/CN0398.o
                0x0000137c                CN0398_enable_channel
 .text.CN0398_read_channel
                0x000013bc       0x68 ./src/CN0398.o
                0x000013bc                CN0398_read_channel
 *fill*         0x00001424        0x4 
 .text.CN0398_read_rtd
                0x00001428       0xf8 ./src/CN0398.o
                0x00001428                CN0398_read_rtd
 .text.CN0398_set_digital_output
                0x00001520       0x30 ./src/CN0398.o
                0x00001520                CN0398_set_digital_output
 .text.CN0398_data_to_voltage_bipolar
                0x00001550       0x3c ./src/CN0398.o
                0x00001550                CN0398_data_to_voltage_bipolar
 *fill*         0x0000158c        0x4 
 .text.CN0398_read_ph
                0x00001590      0x114 ./src/CN0398.o
                0x00001590                CN0398_read_ph
 *fill*         0x000016a4        0x4 
 .text.CN0398_read_moisture
                0x000016a8      0x188 ./src/CN0398.o
                0x000016a8                CN0398_read_moisture
 .text.CN0398_calibrate_ph_offset
                0x00001830       0x48 ./src/CN0398.o
                0x00001830                CN0398_calibrate_ph_offset
 .text.CN0398_print_calibration_solutions
                0x00001878       0x38 ./src/CN0398.o
                0x00001878                CN0398_print_calibration_solutions
 .text.CN0398_calibrate_ph_pt0
                0x000018b0       0xd0 ./src/CN0398.o
                0x000018b0                CN0398_calibrate_ph_pt0
 .text.CN0398_calibrate_ph_pt1
                0x00001980       0xd0 ./src/CN0398.o
                0x00001980                CN0398_calibrate_ph_pt1
 .text.CN0398_calibrate_ph
                0x00001a50      0x228 ./src/CN0398.o
                0x00001a50                CN0398_calibrate_ph
 .text.CN0398_calibrate
                0x00001c78       0x9c ./src/CN0398.o
                0x00001c78                CN0398_calibrate
 .text.CN0398_set_data
                0x00001d14       0x28 ./src/CN0398.o
                0x00001d14                CN0398_set_data
 .text.CN0398_display_data
                0x00001d3c       0x68 ./src/CN0398.o
                0x00001d3c                CN0398_display_data
 .text.Command_Display
                0x00001da4        0xc ./src/Command.o
                0x00001da4                Command_Display
 .text.Command_Acquire
                0x00001db0        0xc ./src/Command.o
                0x00001db0                Command_Acquire
 .text.Command_Stop_Ctrl
                0x00001dbc        0xc ./src/Command.o
                0x00001dbc                Command_Stop_Ctrl
 .text.Command_Rest
                0x00001dc8        0xc ./src/Command.o
                0x00001dc8                Command_Rest
 .text.Command_Help
                0x00001dd4       0xa4 ./src/Command.o
                0x00001dd4                Command_Help
 .text.Command_Cal_Light
                0x00001e78        0x8 ./src/Command.o
                0x00001e78                Command_Cal_Light
 .text.Command_Cal_pH
                0x00001e80        0x8 ./src/Command.o
                0x00001e80                Command_Cal_pH
 .text.Command_FindArgv
                0x00001e88       0x18 ./src/Command.o
                0x00001e88                Command_FindArgv
 .text.Command_GetArgv
                0x00001ea0       0x18 ./src/Command.o
                0x00001ea0                Command_GetArgv
 .text.Command_Test_Red
                0x00001eb8       0x2c ./src/Command.o
                0x00001eb8                Command_Test_Red
 .text.Command_Test_Green
                0x00001ee4       0x2c ./src/Command.o
                0x00001ee4                Command_Test_Green
 .text.Command_Test_Blue
                0x00001f10       0x2c ./src/Command.o
                0x00001f10                Command_Test_Blue
 .text.Command_Set_Red
                0x00001f3c       0x30 ./src/Command.o
                0x00001f3c                Command_Set_Red
 .text.Command_Set_Green
                0x00001f6c       0x30 ./src/Command.o
                0x00001f6c                Command_Set_Green
 .text.Command_Set_Blue
                0x00001f9c       0x30 ./src/Command.o
                0x00001f9c                Command_Set_Blue
 .text.Command_Start_Ctrl
                0x00001fcc       0x38 ./src/Command.o
                0x00001fcc                Command_Start_Ctrl
 .text.Command_ControlLux
                0x00002004       0x90 ./src/Command.o
                0x00002004                Command_ControlLux
 .text.Command_Prompt
                0x00002094       0x24 ./src/Command.o
                0x00002094                Command_Prompt
 .text.Command_FindCommand
                0x000020b8       0x30 ./src/Command.o
                0x000020b8                Command_FindCommand
 .text.Command_Process
                0x000020e8       0x4c ./src/Command.o
                0x000020e8                Command_Process
 .text.UART_Init
                0x00002134       0x44 ./src/Communication.o
                0x00002134                UART_Init
 .text.UART_WriteChar
                0x00002178       0x24 ./src/Communication.o
                0x00002178                UART_WriteChar
 .text.UART_ReadChar
                0x0000219c       0x10 ./src/Communication.o
                0x0000219c                UART_ReadChar
 .text._write   0x000021ac       0x28 ./src/Communication.o
                0x000021ac                _write
 .text._read    0x000021d4       0x30 ./src/Communication.o
                0x000021d4                _read
 .text.SPI_Init
                0x00002204      0x188 ./src/Communication.o
                0x00002204                SPI_Init
 .text.Comms_Init
                0x0000238c       0x20 ./src/Communication.o
                0x0000238c                Comms_Init
 .text.SPI1_Disable
                0x000023ac       0x18 ./src/Communication.o
                0x000023ac                SPI1_Disable
 .text.SPI1_Enable
                0x000023c4       0x38 ./src/Communication.o
                0x000023c4                SPI1_Enable
 .text.SPI0_Write
                0x000023fc       0x94 ./src/Communication.o
                0x000023fc                SPI0_Write
 .text.SPI_Write
                0x00002490       0x6c ./src/Communication.o
                0x00002490                SPI_Write
 .text.SPI_Read
                0x000024fc       0xc8 ./src/Communication.o
                0x000024fc                SPI_Read
 .text.SPI1_Write
                0x000025c4       0xb8 ./src/Communication.o
                0x000025c4                SPI1_Write
 .text.SPI1_Read
                0x0000267c       0xc0 ./src/Communication.o
                0x0000267c                SPI1_Read
 .text.timer_start
                0x0000273c       0x3c ./src/Timer.o
                0x0000273c                timer_start
 .text.timer_sleep
                0x00002778       0x14 ./src/Timer.o
                0x00002778                timer_sleep
 .text.timer_tick
                0x0000278c       0x14 ./src/Timer.o
                0x0000278c                timer_tick
 .text.SysTick_Handler
                0x000027a0        0x8 ./src/Timer.o
                0x000027a0                SysTick_Handler
 .text.main     0x000027a8       0xf4 ./src/main.o
                0x000027a8                main
 .text.UART_Int_Handler
                0x0000289c       0x80 ./src/main.o
                0x0000289c                UART_Int_Handler
 .text.SPI1_Int_Handler
                0x0000291c       0x30 ./src/main.o
                0x0000291c                SPI1_Int_Handler
 .text.SPI0_Int_Handler
                0x0000294c       0x1c ./src/main.o
                0x0000294c                SPI0_Int_Handler
 .text.I2C0_Master_Int_Handler
                0x00002968       0x80 ./src/main.o
                0x00002968                I2C0_Master_Int_Handler
 .text.sqrt     0x000029e8       0xac c:/program files (x86)/gnu tools arm embedded/4.9 2015q2/bin/../lib/gcc/arm-none-eabi/4.9.3/../../../../arm-none-eabi/lib/armv7-m\libm.a(lib_a-w_sqrt.o)
                0x000029e8                sqrt
 .text.__ieee754_sqrt
                0x00002a94      0x18c c:/program files (x86)/gnu tools arm embedded/4.9 2015q2/bin/../lib/gcc/arm-none-eabi/4.9.3/../../../../arm-none-eabi/lib/armv7-m\libm.a(lib_a-e_sqrt.o)
                0x00002a94                __ieee754_sqrt
 .text.__fpclassifyd
                0x00002c20       0x58 c:/program files (x86)/gnu tools arm embedded/4.9 2015q2/bin/../lib/gcc/arm-none-eabi/4.9.3/../../../../arm-none-eabi/lib/armv7-m\libm.a(lib_a-s_fpclassify.o)
                0x00002c20                __fpclassifyd
 .text.matherr  0x00002c78        0x4 c:/program files (x86)/gnu tools arm embedded/4.9 2015q2/bin/../lib/gcc/arm-none-eabi/4.9.3/../../../../arm-none-eabi/lib/armv7-m\libm.a(lib_a-s_matherr.o)
                0x00002c78                matherr
 .text          0x00002c7c      0x370 c:/program files (x86)/gnu tools arm embedded/4.9 2015q2/bin/../lib/gcc/arm-none-eabi/4.9.3/armv7-m\libgcc.a(_arm_addsubdf3.o)
                0x00002c7c                __aeabi_drsub
                0x00002c84                __aeabi_dsub
                0x00002c84                __subdf3
                0x00002c88                __aeabi_dadd
                0x00002c88                __adddf3
                0x00002f00                __floatunsidf
                0x00002f00                __aeabi_ui2d
                0x00002f20                __floatsidf
                0x00002f20                __aeabi_i2d
                0x00002f44                __aeabi_f2d
                0x00002f44                __extendsfdf2
                0x00002f80                __floatundidf
                0x00002f80                __aeabi_ul2d
                0x00002f90                __floatdidf
                0x00002f90                __aeabi_l2d
 .text          0x00002fec      0x424 c:/program files (x86)/gnu tools arm embedded/4.9 2015q2/bin/../lib/gcc/arm-none-eabi/4.9.3/armv7-m\libgcc.a(_arm_muldivdf3.o)
                0x00002fec                __aeabi_dmul
                0x00002fec                __muldf3
                0x00003240                __divdf3
                0x00003240                __aeabi_ddiv
 .text          0x00003410      0x110 c:/program files (x86)/gnu tools arm embedded/4.9 2015q2/bin/../lib/gcc/arm-none-eabi/4.9.3/armv7-m\libgcc.a(_arm_cmpdf2.o)
                0x00003410                __gtdf2
                0x00003410                __gedf2
                0x00003418                __ltdf2
                0x00003418                __ledf2
                0x00003420                __nedf2
                0x00003420                __eqdf2
                0x00003420                __cmpdf2
                0x0000349c                __aeabi_cdrcmple
                0x000034ac                __aeabi_cdcmpeq
                0x000034ac                __aeabi_cdcmple
                0x000034bc                __aeabi_dcmpeq
                0x000034d0                __aeabi_dcmplt
                0x000034e4                __aeabi_dcmple
                0x000034f8                __aeabi_dcmpge
                0x0000350c                __aeabi_dcmpgt
 .text          0x00003520       0x40 c:/program files (x86)/gnu tools arm embedded/4.9 2015q2/bin/../lib/gcc/arm-none-eabi/4.9.3/armv7-m\libgcc.a(_arm_fixunsdfsi.o)
                0x00003520                __aeabi_d2uiz
                0x00003520                __fixunsdfsi
 .text          0x00003560       0xa0 c:/program files (x86)/gnu tools arm embedded/4.9 2015q2/bin/../lib/gcc/arm-none-eabi/4.9.3/armv7-m\libgcc.a(_arm_truncdfsf2.o)
                0x00003560                __truncdfsf2
                0x00003560                __aeabi_d2f
 .text          0x00003600      0x21c c:/program files (x86)/gnu tools arm embedded/4.9 2015q2/bin/../lib/gcc/arm-none-eabi/4.9.3/armv7-m\libgcc.a(_arm_addsubsf3.o)
                0x00003600                __aeabi_frsub
                0x00003608                __subsf3
                0x00003608                __aeabi_fsub
                0x0000360c                __aeabi_fadd
                0x0000360c                __addsf3
                0x0000376c                __aeabi_ui2f
                0x0000376c                __floatunsisf
                0x00003774                __aeabi_i2f
                0x00003774                __floatsisf
                0x00003790                __aeabi_ul2f
                0x00003790                __floatundisf
                0x000037a0                __aeabi_l2f
                0x000037a0                __floatdisf
 .text          0x0000381c      0x2a0 c:/program files (x86)/gnu tools arm embedded/4.9 2015q2/bin/../lib/gcc/arm-none-eabi/4.9.3/armv7-m\libgcc.a(_arm_muldivsf3.o)
                0x0000381c                __mulsf3
                0x0000381c                __aeabi_fmul
                0x00003984                __aeabi_fdiv
                0x00003984                __divsf3
 .text          0x00003abc       0xec c:/program files (x86)/gnu tools arm embedded/4.9 2015q2/bin/../lib/gcc/arm-none-eabi/4.9.3/armv7-m\libgcc.a(_arm_cmpsf2.o)
                0x00003abc                __gesf2
                0x00003abc                __gtsf2
                0x00003ac4                __lesf2
                0x00003ac4                __ltsf2
                0x00003acc                __nesf2
                0x00003acc                __eqsf2
                0x00003acc                __cmpsf2
                0x00003b2c                __aeabi_cfrcmple
                0x00003b34                __aeabi_cfcmpeq
                0x00003b34                __aeabi_cfcmple
                0x00003b44                __aeabi_fcmpeq
                0x00003b58                __aeabi_fcmplt
                0x00003b6c                __aeabi_fcmple
                0x00003b80                __aeabi_fcmpge
                0x00003b94                __aeabi_fcmpgt
 .text          0x00003ba8       0x40 c:/program files (x86)/gnu tools arm embedded/4.9 2015q2/bin/../lib/gcc/arm-none-eabi/4.9.3/armv7-m\libgcc.a(_arm_fixunssfsi.o)
                0x00003ba8                __fixunssfsi
                0x00003ba8                __aeabi_f2uiz
 .text.atof     0x00003be8        0x6 c:/program files (x86)/gnu tools arm embedded/4.9 2015q2/bin/../lib/gcc/arm-none-eabi/4.9.3/../../../../arm-none-eabi/lib/armv7-m\libg_nano.a(lib_a-atof.o)
                0x00003be8                atof
 .text.atoi     0x00003bee        0x8 c:/program files (x86)/gnu tools arm embedded/4.9 2015q2/bin/../lib/gcc/arm-none-eabi/4.9.3/../../../../arm-none-eabi/lib/armv7-m\libg_nano.a(lib_a-atoi.o)
                0x00003bee                atoi
 *fill*         0x00003bf6        0x2 
 .text.__errno  0x00003bf8        0xc c:/program files (x86)/gnu tools arm embedded/4.9 2015q2/bin/../lib/gcc/arm-none-eabi/4.9.3/../../../../arm-none-eabi/lib/armv7-m\libg_nano.a(lib_a-errno.o)
                0x00003bf8                __errno
 .text.malloc   0x00003c04       0x10 c:/program files (x86)/gnu tools arm embedded/4.9 2015q2/bin/../lib/gcc/arm-none-eabi/4.9.3/../../../../arm-none-eabi/lib/armv7-m\libg_nano.a(lib_a-malloc.o)
                0x00003c04                malloc
 .text.free     0x00003c14       0x10 c:/program files (x86)/gnu tools arm embedded/4.9 2015q2/bin/../lib/gcc/arm-none-eabi/4.9.3/../../../../arm-none-eabi/lib/armv7-m\libg_nano.a(lib_a-malloc.o)
                0x00003c14                free
 .text.memset   0x00003c24       0x10 c:/program files (x86)/gnu tools arm embedded/4.9 2015q2/bin/../lib/gcc/arm-none-eabi/4.9.3/../../../../arm-none-eabi/lib/armv7-m\libg_nano.a(lib_a-memset.o)
                0x00003c24                memset
 .text._free_r  0x00003c34       0x88 c:/program files (x86)/gnu tools arm embedded/4.9 2015q2/bin/../lib/gcc/arm-none-eabi/4.9.3/../../../../arm-none-eabi/lib/armv7-m\libg_nano.a(lib_a-nano-freer.o)
                0x00003c34                _free_r
 .text._malloc_r
                0x00003cbc       0xac c:/program files (x86)/gnu tools arm embedded/4.9 2015q2/bin/../lib/gcc/arm-none-eabi/4.9.3/../../../../arm-none-eabi/lib/armv7-m\libg_nano.a(lib_a-nano-mallocr.o)
                0x00003cbc                _malloc_r
 .text.__cvt    0x00003d68       0xbc c:/program files (x86)/gnu tools arm embedded/4.9 2015q2/bin/../lib/gcc/arm-none-eabi/4.9.3/../../../../arm-none-eabi/lib/armv7-m\libg_nano.a(lib_a-nano-vfprintf_float.o)
                0x00003d68                __cvt
 .text.__exponent
                0x00003e24       0x62 c:/program files (x86)/gnu tools arm embedded/4.9 2015q2/bin/../lib/gcc/arm-none-eabi/4.9.3/../../../../arm-none-eabi/lib/armv7-m\libg_nano.a(lib_a-nano-vfprintf_float.o)
                0x00003e24                __exponent
 *fill*         0x00003e86        0x2 
 .text._printf_float
                0x00003e88      0x48c c:/program files (x86)/gnu tools arm embedded/4.9 2015q2/bin/../lib/gcc/arm-none-eabi/4.9.3/../../../../arm-none-eabi/lib/armv7-m\libg_nano.a(lib_a-nano-vfprintf_float.o)
                0x00003e88                _printf_float
 .text._printf_common
                0x00004314       0xea c:/program files (x86)/gnu tools arm embedded/4.9 2015q2/bin/../lib/gcc/arm-none-eabi/4.9.3/../../../../arm-none-eabi/lib/armv7-m\libg_nano.a(lib_a-nano-vfprintf_i.o)
                0x00004314                _printf_common
 *fill*         0x000043fe        0x2 
 .text._printf_i
                0x00004400      0x240 c:/program files (x86)/gnu tools arm embedded/4.9 2015q2/bin/../lib/gcc/arm-none-eabi/4.9.3/../../../../arm-none-eabi/lib/armv7-m\libg_nano.a(lib_a-nano-vfprintf_i.o)
                0x00004400                _printf_i
 .text._scanf_float
                0x00004640      0x3cc c:/program files (x86)/gnu tools arm embedded/4.9 2015q2/bin/../lib/gcc/arm-none-eabi/4.9.3/../../../../arm-none-eabi/lib/armv7-m\libg_nano.a(lib_a-nano-vfscanf_float.o)
                0x00004640                _scanf_float
 .text.printf   0x00004a0c       0x30 c:/program files (x86)/gnu tools arm embedded/4.9 2015q2/bin/../lib/gcc/arm-none-eabi/4.9.3/../../../../arm-none-eabi/lib/armv7-m\libg_nano.a(lib_a-printf.o)
                0x00004a0c                iprintf
                0x00004a0c                printf
 .text.putchar  0x00004a3c       0x28 c:/program files (x86)/gnu tools arm embedded/4.9 2015q2/bin/../lib/gcc/arm-none-eabi/4.9.3/../../../../arm-none-eabi/lib/armv7-m\libg_nano.a(lib_a-putchar.o)
                0x00004a3c                putchar
 .text._puts_r  0x00004a64       0xbc c:/program files (x86)/gnu tools arm embedded/4.9 2015q2/bin/../lib/gcc/arm-none-eabi/4.9.3/../../../../arm-none-eabi/lib/armv7-m\libg_nano.a(lib_a-puts.o)
                0x00004a64                _puts_r
 .text.puts     0x00004b20       0x10 c:/program files (x86)/gnu tools arm embedded/4.9 2015q2/bin/../lib/gcc/arm-none-eabi/4.9.3/../../../../arm-none-eabi/lib/armv7-m\libg_nano.a(lib_a-puts.o)
                0x00004b20                puts
 .text._sbrk_r  0x00004b30       0x20 c:/program files (x86)/gnu tools arm embedded/4.9 2015q2/bin/../lib/gcc/arm-none-eabi/4.9.3/../../../../arm-none-eabi/lib/armv7-m\libg_nano.a(lib_a-sbrkr.o)
                0x00004b30                _sbrk_r
 .text.scanf    0x00004b50       0x30 c:/program files (x86)/gnu tools arm embedded/4.9 2015q2/bin/../lib/gcc/arm-none-eabi/4.9.3/../../../../arm-none-eabi/lib/armv7-m\libg_nano.a(lib_a-scanf.o)
                0x00004b50                scanf
                0x00004b50                iscanf
 .text.nanf     0x00004b80        0x8 c:/program files (x86)/gnu tools arm embedded/4.9 2015q2/bin/../lib/gcc/arm-none-eabi/4.9.3/../../../../arm-none-eabi/lib/armv7-m\libg_nano.a(lib_a-sf_nan.o)
                0x00004b80                nanf
 .text.sprintf  0x00004b88       0x48 c:/program files (x86)/gnu tools arm embedded/4.9 2015q2/bin/../lib/gcc/arm-none-eabi/4.9.3/../../../../arm-none-eabi/lib/armv7-m\libg_nano.a(lib_a-sprintf.o)
                0x00004b88                siprintf
                0x00004b88                sprintf
 .text.strlen   0x00004bd0       0x10 c:/program files (x86)/gnu tools arm embedded/4.9 2015q2/bin/../lib/gcc/arm-none-eabi/4.9.3/../../../../arm-none-eabi/lib/armv7-m\libg_nano.a(lib_a-strlen.o)
                0x00004bd0                strlen
 .text.strncmp  0x00004be0       0x32 c:/program files (x86)/gnu tools arm embedded/4.9 2015q2/bin/../lib/gcc/arm-none-eabi/4.9.3/../../../../arm-none-eabi/lib/armv7-m\libg_nano.a(lib_a-strncmp.o)
                0x00004be0                strncmp
 .text.match    0x00004c12       0x26 c:/program files (x86)/gnu tools arm embedded/4.9 2015q2/bin/../lib/gcc/arm-none-eabi/4.9.3/../../../../arm-none-eabi/lib/armv7-m\libg_nano.a(lib_a-strtod.o)
 .text.sulp     0x00004c38       0x42 c:/program files (x86)/gnu tools arm embedded/4.9 2015q2/bin/../lib/gcc/arm-none-eabi/4.9.3/../../../../arm-none-eabi/lib/armv7-m\libg_nano.a(lib_a-strtod.o)
 *fill*         0x00004c7a        0x6 
 .text._strtod_r
                0x00004c80      0xc3c c:/program files (x86)/gnu tools arm embedded/4.9 2015q2/bin/../lib/gcc/arm-none-eabi/4.9.3/../../../../arm-none-eabi/lib/armv7-m\libg_nano.a(lib_a-strtod.o)
                0x00004c80                _strtod_r
 .text.strtod   0x000058bc       0x14 c:/program files (x86)/gnu tools arm embedded/4.9 2015q2/bin/../lib/gcc/arm-none-eabi/4.9.3/../../../../arm-none-eabi/lib/armv7-m\libg_nano.a(lib_a-strtod.o)
                0x000058bc                strtod
 .text._strtol_r
                0x000058d0      0x10c c:/program files (x86)/gnu tools arm embedded/4.9 2015q2/bin/../lib/gcc/arm-none-eabi/4.9.3/../../../../arm-none-eabi/lib/armv7-m\libg_nano.a(lib_a-strtol.o)
                0x000058d0                _strtol_r
 .text.strtol   0x000059dc       0x1c c:/program files (x86)/gnu tools arm embedded/4.9 2015q2/bin/../lib/gcc/arm-none-eabi/4.9.3/../../../../arm-none-eabi/lib/armv7-m\libg_nano.a(lib_a-strtol.o)
                0x000059dc                strtol
 .text._vsnprintf_r
                0x000059f8       0x52 c:/program files (x86)/gnu tools arm embedded/4.9 2015q2/bin/../lib/gcc/arm-none-eabi/4.9.3/../../../../arm-none-eabi/lib/armv7-m\libg_nano.a(lib_a-vsnprintf.o)
                0x000059f8                _vsniprintf_r
                0x000059f8                _vsnprintf_r
 *fill*         0x00005a4a        0x2 
 .text.vsnprintf
                0x00005a4c       0x20 c:/program files (x86)/gnu tools arm embedded/4.9 2015q2/bin/../lib/gcc/arm-none-eabi/4.9.3/../../../../arm-none-eabi/lib/armv7-m\libg_nano.a(lib_a-vsnprintf.o)
                0x00005a4c                vsniprintf
                0x00005a4c                vsnprintf
 .text.__swbuf_r
                0x00005a6c       0xa8 c:/program files (x86)/gnu tools arm embedded/4.9 2015q2/bin/../lib/gcc/arm-none-eabi/4.9.3/../../../../arm-none-eabi/lib/armv7-m\libg_nano.a(lib_a-wbuf.o)
                0x00005a6c                __swbuf_r
 .text.__swsetup_r
                0x00005b14       0xd8 c:/program files (x86)/gnu tools arm embedded/4.9 2015q2/bin/../lib/gcc/arm-none-eabi/4.9.3/../../../../arm-none-eabi/lib/armv7-m\libg_nano.a(lib_a-wsetup.o)
                0x00005b14                __swsetup_r
 .text.quorem   0x00005bec      0x114 c:/program files (x86)/gnu tools arm embedded/4.9 2015q2/bin/../lib/gcc/arm-none-eabi/4.9.3/../../../../arm-none-eabi/lib/armv7-m\libg_nano.a(lib_a-dtoa.o)
 .text._dtoa_r  0x00005d00      0xb74 c:/program files (x86)/gnu tools arm embedded/4.9 2015q2/bin/../lib/gcc/arm-none-eabi/4.9.3/../../../../arm-none-eabi/lib/armv7-m\libg_nano.a(lib_a-dtoa.o)
                0x00005d00                _dtoa_r
 .text.__sflush_r
                0x00006874      0x106 c:/program files (x86)/gnu tools arm embedded/4.9 2015q2/bin/../lib/gcc/arm-none-eabi/4.9.3/../../../../arm-none-eabi/lib/armv7-m\libg_nano.a(lib_a-fflush.o)
                0x00006874                __sflush_r
 *fill*         0x0000697a        0x2 
 .text._fflush_r
                0x0000697c       0x54 c:/program files (x86)/gnu tools arm embedded/4.9 2015q2/bin/../lib/gcc/arm-none-eabi/4.9.3/../../../../arm-none-eabi/lib/armv7-m\libg_nano.a(lib_a-fflush.o)
                0x0000697c                _fflush_r
 .text.fflush   0x000069d0       0x24 c:/program files (x86)/gnu tools arm embedded/4.9 2015q2/bin/../lib/gcc/arm-none-eabi/4.9.3/../../../../arm-none-eabi/lib/armv7-m\libg_nano.a(lib_a-fflush.o)
                0x000069d0                fflush
 .text._cleanup_r
                0x000069f4        0xc c:/program files (x86)/gnu tools arm embedded/4.9 2015q2/bin/../lib/gcc/arm-none-eabi/4.9.3/../../../../arm-none-eabi/lib/armv7-m\libg_nano.a(lib_a-findfp.o)
                0x000069f4                _cleanup_r
 .text.std.isra.0
                0x00006a00       0x48 c:/program files (x86)/gnu tools arm embedded/4.9 2015q2/bin/../lib/gcc/arm-none-eabi/4.9.3/../../../../arm-none-eabi/lib/armv7-m\libg_nano.a(lib_a-findfp.o)
 .text.__sfmoreglue
                0x00006a48       0x2c c:/program files (x86)/gnu tools arm embedded/4.9 2015q2/bin/../lib/gcc/arm-none-eabi/4.9.3/../../../../arm-none-eabi/lib/armv7-m\libg_nano.a(lib_a-findfp.o)
                0x00006a48                __sfmoreglue
 .text.__sinit  0x00006a74       0x60 c:/program files (x86)/gnu tools arm embedded/4.9 2015q2/bin/../lib/gcc/arm-none-eabi/4.9.3/../../../../arm-none-eabi/lib/armv7-m\libg_nano.a(lib_a-findfp.o)
                0x00006a74                __sinit
 .text.__sfp    0x00006ad4       0x74 c:/program files (x86)/gnu tools arm embedded/4.9 2015q2/bin/../lib/gcc/arm-none-eabi/4.9.3/../../../../arm-none-eabi/lib/armv7-m\libg_nano.a(lib_a-findfp.o)
                0x00006ad4                __sfp
 .text._fwalk   0x00006b48       0x38 c:/program files (x86)/gnu tools arm embedded/4.9 2015q2/bin/../lib/gcc/arm-none-eabi/4.9.3/../../../../arm-none-eabi/lib/armv7-m\libg_nano.a(lib_a-fwalk.o)
                0x00006b48                _fwalk
 .text._fwalk_reent
                0x00006b80       0x3c c:/program files (x86)/gnu tools arm embedded/4.9 2015q2/bin/../lib/gcc/arm-none-eabi/4.9.3/../../../../arm-none-eabi/lib/armv7-m\libg_nano.a(lib_a-fwalk.o)
                0x00006b80                _fwalk_reent
 .text.rshift   0x00006bbc       0x6c c:/program files (x86)/gnu tools arm embedded/4.9 2015q2/bin/../lib/gcc/arm-none-eabi/4.9.3/../../../../arm-none-eabi/lib/armv7-m\libg_nano.a(lib_a-gdtoa-gethex.o)
 .text.__hexdig_fun
                0x00006c28       0x2a c:/program files (x86)/gnu tools arm embedded/4.9 2015q2/bin/../lib/gcc/arm-none-eabi/4.9.3/../../../../arm-none-eabi/lib/armv7-m\libg_nano.a(lib_a-gdtoa-gethex.o)
                0x00006c28                __hexdig_fun
 .text.__gethex
                0x00006c52      0x44a c:/program files (x86)/gnu tools arm embedded/4.9 2015q2/bin/../lib/gcc/arm-none-eabi/4.9.3/../../../../arm-none-eabi/lib/armv7-m\libg_nano.a(lib_a-gdtoa-gethex.o)
                0x00006c52                __gethex
 .text.L_shift  0x0000709c       0x24 c:/program files (x86)/gnu tools arm embedded/4.9 2015q2/bin/../lib/gcc/arm-none-eabi/4.9.3/../../../../arm-none-eabi/lib/armv7-m\libg_nano.a(lib_a-gdtoa-hexnan.o)
 .text.__hexnan
                0x000070c0      0x114 c:/program files (x86)/gnu tools arm embedded/4.9 2015q2/bin/../lib/gcc/arm-none-eabi/4.9.3/../../../../arm-none-eabi/lib/armv7-m\libg_nano.a(lib_a-gdtoa-hexnan.o)
                0x000070c0                __hexnan
 .text._localeconv_r
                0x000071d4        0x8 c:/program files (x86)/gnu tools arm embedded/4.9 2015q2/bin/../lib/gcc/arm-none-eabi/4.9.3/../../../../arm-none-eabi/lib/armv7-m\libg_nano.a(lib_a-locale.o)
                0x000071d4                _localeconv_r
 .text.__smakebuf_r
                0x000071dc       0x98 c:/program files (x86)/gnu tools arm embedded/4.9 2015q2/bin/../lib/gcc/arm-none-eabi/4.9.3/../../../../arm-none-eabi/lib/armv7-m\libg_nano.a(lib_a-makebuf.o)
                0x000071dc                __smakebuf_r
 .text.memchr   0x00007274       0x1c c:/program files (x86)/gnu tools arm embedded/4.9 2015q2/bin/../lib/gcc/arm-none-eabi/4.9.3/../../../../arm-none-eabi/lib/armv7-m\libg_nano.a(lib_a-memchr.o)
                0x00007274                memchr
 .text.memcpy   0x00007290       0x16 c:/program files (x86)/gnu tools arm embedded/4.9 2015q2/bin/../lib/gcc/arm-none-eabi/4.9.3/../../../../arm-none-eabi/lib/armv7-m\libg_nano.a(lib_a-memcpy.o)
                0x00007290                memcpy
 .text._Balloc  0x000072a6       0x6a c:/program files (x86)/gnu tools arm embedded/4.9 2015q2/bin/../lib/gcc/arm-none-eabi/4.9.3/../../../../arm-none-eabi/lib/armv7-m\libg_nano.a(lib_a-mprec.o)
                0x000072a6                _Balloc
 .text._Bfree   0x00007310       0x2e c:/program files (x86)/gnu tools arm embedded/4.9 2015q2/bin/../lib/gcc/arm-none-eabi/4.9.3/../../../../arm-none-eabi/lib/armv7-m\libg_nano.a(lib_a-mprec.o)
                0x00007310                _Bfree
 .text.__multadd
                0x0000733e       0x7c c:/program files (x86)/gnu tools arm embedded/4.9 2015q2/bin/../lib/gcc/arm-none-eabi/4.9.3/../../../../arm-none-eabi/lib/armv7-m\libg_nano.a(lib_a-mprec.o)
                0x0000733e                __multadd
 .text.__s2b    0x000073ba       0x80 c:/program files (x86)/gnu tools arm embedded/4.9 2015q2/bin/../lib/gcc/arm-none-eabi/4.9.3/../../../../arm-none-eabi/lib/armv7-m\libg_nano.a(lib_a-mprec.o)
                0x000073ba                __s2b
 .text.__hi0bits
                0x0000743a       0x40 c:/program files (x86)/gnu tools arm embedded/4.9 2015q2/bin/../lib/gcc/arm-none-eabi/4.9.3/../../../../arm-none-eabi/lib/armv7-m\libg_nano.a(lib_a-mprec.o)
                0x0000743a                __hi0bits
 .text.__lo0bits
                0x0000747a       0x5a c:/program files (x86)/gnu tools arm embedded/4.9 2015q2/bin/../lib/gcc/arm-none-eabi/4.9.3/../../../../arm-none-eabi/lib/armv7-m\libg_nano.a(lib_a-mprec.o)
                0x0000747a                __lo0bits
 .text.__i2b    0x000074d4       0x12 c:/program files (x86)/gnu tools arm embedded/4.9 2015q2/bin/../lib/gcc/arm-none-eabi/4.9.3/../../../../arm-none-eabi/lib/armv7-m\libg_nano.a(lib_a-mprec.o)
                0x000074d4                __i2b
 .text.__multiply
                0x000074e6      0x120 c:/program files (x86)/gnu tools arm embedded/4.9 2015q2/bin/../lib/gcc/arm-none-eabi/4.9.3/../../../../arm-none-eabi/lib/armv7-m\libg_nano.a(lib_a-mprec.o)
                0x000074e6                __multiply
 *fill*         0x00007606        0x2 
 .text.__pow5mult
                0x00007608       0x9c c:/program files (x86)/gnu tools arm embedded/4.9 2015q2/bin/../lib/gcc/arm-none-eabi/4.9.3/../../../../arm-none-eabi/lib/armv7-m\libg_nano.a(lib_a-mprec.o)
                0x00007608                __pow5mult
 .text.__lshift
                0x000076a4       0xa6 c:/program files (x86)/gnu tools arm embedded/4.9 2015q2/bin/../lib/gcc/arm-none-eabi/4.9.3/../../../../arm-none-eabi/lib/armv7-m\libg_nano.a(lib_a-mprec.o)
                0x000076a4                __lshift
 .text.__mcmp   0x0000774a       0x38 c:/program files (x86)/gnu tools arm embedded/4.9 2015q2/bin/../lib/gcc/arm-none-eabi/4.9.3/../../../../arm-none-eabi/lib/armv7-m\libg_nano.a(lib_a-mprec.o)
                0x0000774a                __mcmp
 .text.__mdiff  0x00007782       0xbe c:/program files (x86)/gnu tools arm embedded/4.9 2015q2/bin/../lib/gcc/arm-none-eabi/4.9.3/../../../../arm-none-eabi/lib/armv7-m\libg_nano.a(lib_a-mprec.o)
                0x00007782                __mdiff
 .text.__ulp    0x00007840       0x48 c:/program files (x86)/gnu tools arm embedded/4.9 2015q2/bin/../lib/gcc/arm-none-eabi/4.9.3/../../../../arm-none-eabi/lib/armv7-m\libg_nano.a(lib_a-mprec.o)
                0x00007840                __ulp
 .text.__b2d    0x00007888       0x9e c:/program files (x86)/gnu tools arm embedded/4.9 2015q2/bin/../lib/gcc/arm-none-eabi/4.9.3/../../../../arm-none-eabi/lib/armv7-m\libg_nano.a(lib_a-mprec.o)
                0x00007888                __b2d
 .text.__d2b    0x00007926       0xa4 c:/program files (x86)/gnu tools arm embedded/4.9 2015q2/bin/../lib/gcc/arm-none-eabi/4.9.3/../../../../arm-none-eabi/lib/armv7-m\libg_nano.a(lib_a-mprec.o)
                0x00007926                __d2b
 .text.__ratio  0x000079ca       0x50 c:/program files (x86)/gnu tools arm embedded/4.9 2015q2/bin/../lib/gcc/arm-none-eabi/4.9.3/../../../../arm-none-eabi/lib/armv7-m\libg_nano.a(lib_a-mprec.o)
                0x000079ca                __ratio
 .text.__copybits
                0x00007a1a       0x34 c:/program files (x86)/gnu tools arm embedded/4.9 2015q2/bin/../lib/gcc/arm-none-eabi/4.9.3/../../../../arm-none-eabi/lib/armv7-m\libg_nano.a(lib_a-mprec.o)
                0x00007a1a                __copybits
 .text.__any_on
                0x00007a4e       0x44 c:/program files (x86)/gnu tools arm embedded/4.9 2015q2/bin/../lib/gcc/arm-none-eabi/4.9.3/../../../../arm-none-eabi/lib/armv7-m\libg_nano.a(lib_a-mprec.o)
                0x00007a4e                __any_on
 .text._calloc_r
                0x00007a92       0x1c c:/program files (x86)/gnu tools arm embedded/4.9 2015q2/bin/../lib/gcc/arm-none-eabi/4.9.3/../../../../arm-none-eabi/lib/armv7-m\libg_nano.a(lib_a-nano-callocr.o)
                0x00007a92                _calloc_r
 .text.__ssputs_r
                0x00007aae       0xb2 c:/program files (x86)/gnu tools arm embedded/4.9 2015q2/bin/../lib/gcc/arm-none-eabi/4.9.3/../../../../arm-none-eabi/lib/armv7-m\libg_nano.a(lib_a-nano-svfprintf.o)
                0x00007aae                __ssputs_r
 .text._svfprintf_r
                0x00007b60      0x1e4 c:/program files (x86)/gnu tools arm embedded/4.9 2015q2/bin/../lib/gcc/arm-none-eabi/4.9.3/../../../../arm-none-eabi/lib/armv7-m\libg_nano.a(lib_a-nano-svfprintf.o)
                0x00007b60                _svfiprintf_r
                0x00007b60                _svfprintf_r
 .text.__sfputc_r
                0x00007d44       0x2c c:/program files (x86)/gnu tools arm embedded/4.9 2015q2/bin/../lib/gcc/arm-none-eabi/4.9.3/../../../../arm-none-eabi/lib/armv7-m\libg_nano.a(lib_a-nano-vfprintf.o)
 .text.__sfputs_r
                0x00007d70       0x24 c:/program files (x86)/gnu tools arm embedded/4.9 2015q2/bin/../lib/gcc/arm-none-eabi/4.9.3/../../../../arm-none-eabi/lib/armv7-m\libg_nano.a(lib_a-nano-vfprintf.o)
                0x00007d70                __sfputs_r
 .text._vfprintf_r
                0x00007d94      0x210 c:/program files (x86)/gnu tools arm embedded/4.9 2015q2/bin/../lib/gcc/arm-none-eabi/4.9.3/../../../../arm-none-eabi/lib/armv7-m\libg_nano.a(lib_a-nano-vfprintf.o)
                0x00007d94                _vfprintf_r
                0x00007d94                _vfiprintf_r
 .text.__svfscanf_r
                0x00007fa4      0x29c c:/program files (x86)/gnu tools arm embedded/4.9 2015q2/bin/../lib/gcc/arm-none-eabi/4.9.3/../../../../arm-none-eabi/lib/armv7-m\libg_nano.a(lib_a-nano-vfscanf.o)
                0x00007fa4                __svfscanf_r
                0x00007fa4                __svfiscanf_r
 .text._vfscanf_r
                0x00008240       0x50 c:/program files (x86)/gnu tools arm embedded/4.9 2015q2/bin/../lib/gcc/arm-none-eabi/4.9.3/../../../../arm-none-eabi/lib/armv7-m\libg_nano.a(lib_a-nano-vfscanf.o)
                0x00008240                _vfscanf_r
                0x00008240                _vfiscanf_r
 .text._scanf_chars
                0x00008290       0xbc c:/program files (x86)/gnu tools arm embedded/4.9 2015q2/bin/../lib/gcc/arm-none-eabi/4.9.3/../../../../arm-none-eabi/lib/armv7-m\libg_nano.a(lib_a-nano-vfscanf_i.o)
                0x00008290                _scanf_chars
 .text._scanf_i
                0x0000834c      0x1e4 c:/program files (x86)/gnu tools arm embedded/4.9 2015q2/bin/../lib/gcc/arm-none-eabi/4.9.3/../../../../arm-none-eabi/lib/armv7-m\libg_nano.a(lib_a-nano-vfscanf_i.o)
                0x0000834c                _scanf_i
 .text._putc_r  0x00008530       0x78 c:/program files (x86)/gnu tools arm embedded/4.9 2015q2/bin/../lib/gcc/arm-none-eabi/4.9.3/../../../../arm-none-eabi/lib/armv7-m\libg_nano.a(lib_a-putc.o)
                0x00008530                _putc_r
 .text.lflush   0x000085a8       0x12 c:/program files (x86)/gnu tools arm embedded/4.9 2015q2/bin/../lib/gcc/arm-none-eabi/4.9.3/../../../../arm-none-eabi/lib/armv7-m\libg_nano.a(lib_a-refill.o)
 *fill*         0x000085ba        0x2 
 .text.__srefill_r
                0x000085bc      0x10c c:/program files (x86)/gnu tools arm embedded/4.9 2015q2/bin/../lib/gcc/arm-none-eabi/4.9.3/../../../../arm-none-eabi/lib/armv7-m\libg_nano.a(lib_a-refill.o)
                0x000085bc                __srefill_r
 .text.__sccl   0x000086c8       0x62 c:/program files (x86)/gnu tools arm embedded/4.9 2015q2/bin/../lib/gcc/arm-none-eabi/4.9.3/../../../../arm-none-eabi/lib/armv7-m\libg_nano.a(lib_a-sccl.o)
                0x000086c8                __sccl
 .text.__sread  0x0000872a       0x22 c:/program files (x86)/gnu tools arm embedded/4.9 2015q2/bin/../lib/gcc/arm-none-eabi/4.9.3/../../../../arm-none-eabi/lib/armv7-m\libg_nano.a(lib_a-stdio.o)
                0x0000872a                __sread
 .text.__swrite
                0x0000874c       0x38 c:/program files (x86)/gnu tools arm embedded/4.9 2015q2/bin/../lib/gcc/arm-none-eabi/4.9.3/../../../../arm-none-eabi/lib/armv7-m\libg_nano.a(lib_a-stdio.o)
                0x0000874c                __swrite
 .text.__sseek  0x00008784       0x24 c:/program files (x86)/gnu tools arm embedded/4.9 2015q2/bin/../lib/gcc/arm-none-eabi/4.9.3/../../../../arm-none-eabi/lib/armv7-m\libg_nano.a(lib_a-stdio.o)
                0x00008784                __sseek
 .text.__sclose
                0x000087a8        0x8 c:/program files (x86)/gnu tools arm embedded/4.9 2015q2/bin/../lib/gcc/arm-none-eabi/4.9.3/../../../../arm-none-eabi/lib/armv7-m\libg_nano.a(lib_a-stdio.o)
                0x000087a8                __sclose
 .text._strtoul_r
                0x000087b0       0xf8 c:/program files (x86)/gnu tools arm embedded/4.9 2015q2/bin/../lib/gcc/arm-none-eabi/4.9.3/../../../../arm-none-eabi/lib/armv7-m\libg_nano.a(lib_a-strtoul.o)
                0x000087b0                _strtoul_r
 .text.__submore
                0x000088a8       0x72 c:/program files (x86)/gnu tools arm embedded/4.9 2015q2/bin/../lib/gcc/arm-none-eabi/4.9.3/../../../../arm-none-eabi/lib/armv7-m\libg_nano.a(lib_a-ungetc.o)
                0x000088a8                __submore
 *fill*         0x0000891a        0x2 
 .text._ungetc_r
                0x0000891c       0xe4 c:/program files (x86)/gnu tools arm embedded/4.9 2015q2/bin/../lib/gcc/arm-none-eabi/4.9.3/../../../../arm-none-eabi/lib/armv7-m\libg_nano.a(lib_a-ungetc.o)
                0x0000891c                _ungetc_r
 .text._write_r
                0x00008a00       0x24 c:/program files (x86)/gnu tools arm embedded/4.9 2015q2/bin/../lib/gcc/arm-none-eabi/4.9.3/../../../../arm-none-eabi/lib/armv7-m\libg_nano.a(lib_a-writer.o)
                0x00008a00                _write_r
 .text._close_r
                0x00008a24       0x20 c:/program files (x86)/gnu tools arm embedded/4.9 2015q2/bin/../lib/gcc/arm-none-eabi/4.9.3/../../../../arm-none-eabi/lib/armv7-m\libg_nano.a(lib_a-closer.o)
                0x00008a24                _close_r
 .text._fstat_r
                0x00008a44       0x24 c:/program files (x86)/gnu tools arm embedded/4.9 2015q2/bin/../lib/gcc/arm-none-eabi/4.9.3/../../../../arm-none-eabi/lib/armv7-m\libg_nano.a(lib_a-fstatr.o)
                0x00008a44                _fstat_r
 .text._isatty_r
                0x00008a68       0x20 c:/program files (x86)/gnu tools arm embedded/4.9 2015q2/bin/../lib/gcc/arm-none-eabi/4.9.3/../../../../arm-none-eabi/lib/armv7-m\libg_nano.a(lib_a-isattyr.o)
                0x00008a68                _isatty_r
 .text._lseek_r
                0x00008a88       0x24 c:/program files (x86)/gnu tools arm embedded/4.9 2015q2/bin/../lib/gcc/arm-none-eabi/4.9.3/../../../../arm-none-eabi/lib/armv7-m\libg_nano.a(lib_a-lseekr.o)
                0x00008a88                _lseek_r
 .text.memmove  0x00008aac       0x36 c:/program files (x86)/gnu tools arm embedded/4.9 2015q2/bin/../lib/gcc/arm-none-eabi/4.9.3/../../../../arm-none-eabi/lib/armv7-m\libg_nano.a(lib_a-memmove.o)
                0x00008aac                memmove
 .text._realloc_r
                0x00008ae2       0x4c c:/program files (x86)/gnu tools arm embedded/4.9 2015q2/bin/../lib/gcc/arm-none-eabi/4.9.3/../../../../arm-none-eabi/lib/armv7-m\libg_nano.a(lib_a-nano-reallocr.o)
                0x00008ae2                _realloc_r
 *fill*         0x00008b2e        0x2 
 .text._read_r  0x00008b30       0x24 c:/program files (x86)/gnu tools arm embedded/4.9 2015q2/bin/../lib/gcc/arm-none-eabi/4.9.3/../../../../arm-none-eabi/lib/armv7-m\libg_nano.a(lib_a-readr.o)
                0x00008b30                _read_r
 .text._malloc_usable_size_r
                0x00008b54       0x14 c:/program files (x86)/gnu tools arm embedded/4.9 2015q2/bin/../lib/gcc/arm-none-eabi/4.9.3/../../../../arm-none-eabi/lib/armv7-m\libg_nano.a(lib_a-nano-msizer.o)
                0x00008b54                _malloc_usable_size_r
 .text          0x00008b68       0x50 c:/program files (x86)/gnu tools arm embedded/4.9 2015q2/bin/../lib/gcc/arm-none-eabi/4.9.3/armv7-m\libgcc.a(_arm_fixdfsi.o)
                0x00008b68                __aeabi_d2iz
                0x00008b68                __fixdfsi
 *(.rodata .rodata.* .constdata .constdata.*)
 .rodata.str1.4
                0x00008bb8      0x146 ./system/src/cortexm/exception_handlers.o
 *fill*         0x00008cfe        0x2 
 .rodata        0x00008d00        0x8 ./src/AD7124.o
 .rodata        0x00008d08        0x4 ./src/AD7798.o
 .rodata.str1.4
                0x00008d0c       0x49 ./src/CN0370.o
 *fill*         0x00008d55        0x3 
 .rodata.Channels
                0x00008d58        0x3 ./src/CN0397.o
                0x00008d58                Channels
 *fill*         0x00008d5b        0x1 
 .rodata.str1.4
                0x00008d5c      0x12d ./src/CN0397.o
 *fill*         0x00008e89        0x3 
 .rodata.Optimal_Levels
                0x00008e8c        0xc ./src/CN0397.o
                0x00008e8c                Optimal_Levels
 .rodata.colour
                0x00008e98        0xc ./src/CN0397.o
 .rodata.ColorPrint
                0x00008ea4        0x3 ./src/CN0397.o
                0x00008ea4                ColorPrint
 *fill*         0x00008ea7        0x1 
 .rodata.Lux_LSB
                0x00008ea8        0xc ./src/CN0397.o
                0x00008ea8                Lux_LSB
 .rodata.ph_temp_lut
                0x00008eb4      0x744 ./src/CN0398.o
                0x00008eb4                ph_temp_lut
 .rodata.solutions
                0x000095f8      0x12c ./src/CN0398.o
                0x000095f8                solutions
 .rodata.str1.4
                0x00009724      0x3e5 ./src/CN0398.o
 *fill*         0x00009b09        0x3 
 .rodata.ph_temperatures
                0x00009b0c       0x1f ./src/CN0398.o
                0x00009b0c                ph_temperatures
 *fill*         0x00009b2b        0x1 
 .rodata.str1.4
                0x00009b2c      0x491 ./src/Command.o
                                0x495 (size before relaxing)
 *fill*         0x00009fbd        0x3 
 .rodata.str1.4
                0x00009fc0       0x59 ./src/main.o
 *fill*         0x0000a019        0x3 
 .rodata.str1.4
                0x0000a01c        0x8 c:/program files (x86)/gnu tools arm embedded/4.9 2015q2/bin/../lib/gcc/arm-none-eabi/4.9.3/../../../../arm-none-eabi/lib/armv7-m\libm.a(lib_a-w_sqrt.o)
                                  0x5 (size before relaxing)
 .rodata.str1.1
                0x0000a024        0x2 c:/program files (x86)/gnu tools arm embedded/4.9 2015q2/bin/../lib/gcc/arm-none-eabi/4.9.3/../../../../arm-none-eabi/lib/armv7-m\libg_nano.a(lib_a-impure.o)
 *fill*         0x0000a026        0x2 
 .rodata._global_impure_ptr
                0x0000a028        0x4 c:/program files (x86)/gnu tools arm embedded/4.9 2015q2/bin/../lib/gcc/arm-none-eabi/4.9.3/../../../../arm-none-eabi/lib/armv7-m\libg_nano.a(lib_a-impure.o)
                0x0000a028                _global_impure_ptr
 .rodata.str1.1
                0x0000a02c       0x10 c:/program files (x86)/gnu tools arm embedded/4.9 2015q2/bin/../lib/gcc/arm-none-eabi/4.9.3/../../../../arm-none-eabi/lib/armv7-m\libg_nano.a(lib_a-nano-vfprintf_float.o)
                                 0x12 (size before relaxing)
 .rodata.str1.1
                0x0000a03c       0x22 c:/program files (x86)/gnu tools arm embedded/4.9 2015q2/bin/../lib/gcc/arm-none-eabi/4.9.3/../../../../arm-none-eabi/lib/armv7-m\libg_nano.a(lib_a-nano-vfprintf_i.o)
 .rodata.str1.1
                0x0000a05e        0x5 c:/program files (x86)/gnu tools arm embedded/4.9 2015q2/bin/../lib/gcc/arm-none-eabi/4.9.3/../../../../arm-none-eabi/lib/armv7-m\libg_nano.a(lib_a-nano-vfscanf_float.o)
 .rodata.str1.1
                0x00000000        0x5 c:/program files (x86)/gnu tools arm embedded/4.9 2015q2/bin/../lib/gcc/arm-none-eabi/4.9.3/../../../../arm-none-eabi/lib/armv7-m\libg_nano.a(lib_a-strtod.o)
                                  0xc (size before relaxing)
 *fill*         0x0000a063        0x1 
 .rodata.fpinan.5315
                0x0000a064       0x14 c:/program files (x86)/gnu tools arm embedded/4.9 2015q2/bin/../lib/gcc/arm-none-eabi/4.9.3/../../../../arm-none-eabi/lib/armv7-m\libg_nano.a(lib_a-strtod.o)
 .rodata.tinytens
                0x0000a078       0x28 c:/program files (x86)/gnu tools arm embedded/4.9 2015q2/bin/../lib/gcc/arm-none-eabi/4.9.3/../../../../arm-none-eabi/lib/armv7-m\libg_nano.a(lib_a-strtod.o)
 .rodata.fpi.5279
                0x0000a0a0       0x14 c:/program files (x86)/gnu tools arm embedded/4.9 2015q2/bin/../lib/gcc/arm-none-eabi/4.9.3/../../../../arm-none-eabi/lib/armv7-m\libg_nano.a(lib_a-strtod.o)
 .rodata._ctype_
                0x0000a0b4      0x101 c:/program files (x86)/gnu tools arm embedded/4.9 2015q2/bin/../lib/gcc/arm-none-eabi/4.9.3/../../../../arm-none-eabi/lib/armv7-m\libg_nano.a(lib_a-ctype_.o)
                0x0000a0b4                _ctype_
 .rodata.str1.1
                0x0000a1b5        0xd c:/program files (x86)/gnu tools arm embedded/4.9 2015q2/bin/../lib/gcc/arm-none-eabi/4.9.3/../../../../arm-none-eabi/lib/armv7-m\libg_nano.a(lib_a-dtoa.o)
                                  0xf (size before relaxing)
 *fill*         0x0000a1c2        0x2 
 .rodata.__sf_fake_stdin
                0x0000a1c4       0x20 c:/program files (x86)/gnu tools arm embedded/4.9 2015q2/bin/../lib/gcc/arm-none-eabi/4.9.3/../../../../arm-none-eabi/lib/armv7-m\libg_nano.a(lib_a-findfp.o)
                0x0000a1c4                __sf_fake_stdin
 .rodata.__sf_fake_stdout
                0x0000a1e4       0x20 c:/program files (x86)/gnu tools arm embedded/4.9 2015q2/bin/../lib/gcc/arm-none-eabi/4.9.3/../../../../arm-none-eabi/lib/armv7-m\libg_nano.a(lib_a-findfp.o)
                0x0000a1e4                __sf_fake_stdout
 .rodata.__sf_fake_stderr
                0x0000a204       0x20 c:/program files (x86)/gnu tools arm embedded/4.9 2015q2/bin/../lib/gcc/arm-none-eabi/4.9.3/../../../../arm-none-eabi/lib/armv7-m\libg_nano.a(lib_a-findfp.o)
                0x0000a204                __sf_fake_stderr
 .rodata.str1.1
                0x0000a224        0x8 c:/program files (x86)/gnu tools arm embedded/4.9 2015q2/bin/../lib/gcc/arm-none-eabi/4.9.3/../../../../arm-none-eabi/lib/armv7-m\libg_nano.a(lib_a-locale.o)
                                  0xb (size before relaxing)
 *fill*         0x0000a22c        0x4 
 .rodata.__mprec_tens
                0x0000a230       0xc8 c:/program files (x86)/gnu tools arm embedded/4.9 2015q2/bin/../lib/gcc/arm-none-eabi/4.9.3/../../../../arm-none-eabi/lib/armv7-m\libg_nano.a(lib_a-mprec.o)
                0x0000a230                __mprec_tens
 .rodata.__mprec_bigtens
                0x0000a2f8       0x28 c:/program files (x86)/gnu tools arm embedded/4.9 2015q2/bin/../lib/gcc/arm-none-eabi/4.9.3/../../../../arm-none-eabi/lib/armv7-m\libg_nano.a(lib_a-mprec.o)
                0x0000a2f8                __mprec_bigtens
 .rodata.p05.5314
                0x0000a320        0xc c:/program files (x86)/gnu tools arm embedded/4.9 2015q2/bin/../lib/gcc/arm-none-eabi/4.9.3/../../../../arm-none-eabi/lib/armv7-m\libg_nano.a(lib_a-mprec.o)
 .rodata.str1.1
                0x0000a32c       0x11 c:/program files (x86)/gnu tools arm embedded/4.9 2015q2/bin/../lib/gcc/arm-none-eabi/4.9.3/../../../../arm-none-eabi/lib/armv7-m\libg_nano.a(lib_a-nano-svfprintf.o)
 .rodata.str1.1
                0x00000000       0x11 c:/program files (x86)/gnu tools arm embedded/4.9 2015q2/bin/../lib/gcc/arm-none-eabi/4.9.3/../../../../arm-none-eabi/lib/armv7-m\libg_nano.a(lib_a-nano-vfprintf.o)
 .rodata.str1.1
                0x00000000        0x4 c:/program files (x86)/gnu tools arm embedded/4.9 2015q2/bin/../lib/gcc/arm-none-eabi/4.9.3/../../../../arm-none-eabi/lib/armv7-m\libg_nano.a(lib_a-nano-vfscanf.o)
 *fill*         0x0000a33d        0x3 
 .rodata        0x0000a340        0xc c:/program files (x86)/gnu tools arm embedded/4.9 2015q2/bin/../lib/gcc/arm-none-eabi/4.9.3/../../../../arm-none-eabi/lib/armv7-m\libg_nano.a(lib_a-nano-vfscanf_i.o)
 .rodata.str1.1
                0x0000a34c       0x1b c:/program files (x86)/gnu tools arm embedded/4.9 2015q2/bin/../lib/gcc/arm-none-eabi/4.9.3/../../../../arm-none-eabi/lib/armv7-m\libg_nano.a(lib_a-nano-vfscanf_i.o)
 *(vtable)
 *(.eh_frame*)
 *fill*         0x0000a367        0x1 
 .eh_frame      0x0000a368        0x0 c:/program files (x86)/gnu tools arm embedded/4.9 2015q2/bin/../lib/gcc/arm-none-eabi/4.9.3/../../../../arm-none-eabi/lib/armv7-m\libg_nano.a(lib_a-strcmp.o)
                                 0x28 (size before relaxing)
 *(.glue_7)
 .glue_7        0x00000000        0x0 linker stubs
 *(.glue_7t)
 .glue_7t       0x00000000        0x0 linker stubs

.vfp11_veneer   0x0000a368        0x0
 .vfp11_veneer  0x00000000        0x0 linker stubs

.v4_bx          0x0000a368        0x0
 .v4_bx         0x00000000        0x0 linker stubs

.iplt           0x0000a368        0x0
 .iplt          0x00000000        0x0 ./system/src/newlib/_cxx.o

.rel.dyn        0x0000a368        0x0
 .rel.iplt      0x00000000        0x0 ./system/src/newlib/_cxx.o

.ARM.extab
 *(.ARM.extab* .gnu.linkonce.armextab.*)
                0x0000a368                . = ALIGN (0x4)
                0x0000a368                __exidx_start = .

.ARM.exidx
 *(.ARM.exidx* .gnu.linkonce.armexidx.*)
                0x0000a368                __exidx_end = .
                0x0000a368                . = ALIGN (0x4)
                0x0000a368                _etext = .
                0x0000a368                __etext = .

.data_CCMRAM    0x10000000        0x0 load address 0x0000a368
 FILL mask 0xff
 *(.data.CCMRAM .data.CCMRAM.*)
                0x10000000                . = ALIGN (0x4)
                0x0000a368                _sidata = LOADADDR (.data)

.data           0x20000000      0x4c0 load address 0x0000a368
 FILL mask 0xff
                0x20000000                _sdata = .
                0x20000000                __data_start__ = .
 *(.data_begin .data_begin.*)
 .data_begin    0x20000000        0x4 ./system/src/newlib/_startup.o
 *(.data .data.*)
 .data.argv.4606
                0x20000004        0x8 ./system/src/newlib/_syscalls.o
 .data.ad7124_regs
                0x2000000c      0x390 ./src/AD7124.o
                0x2000000c                ad7124_regs
 .data.use_nernst
                0x2000039c        0x1 ./src/CN0398.o
                0x2000039c                use_nernst
 *fill*         0x2000039d        0x3 
 .data.CmdFun   0x200003a0       0x3c ./src/Command.o
                0x200003a0                CmdFun
 .data.CmdCommands
                0x200003dc       0x3c ./src/Command.o
                0x200003dc                CmdCommands
 .data.__fdlib_version
                0x20000418        0x1 c:/program files (x86)/gnu tools arm embedded/4.9 2015q2/bin/../lib/gcc/arm-none-eabi/4.9.3/../../../../arm-none-eabi/lib/armv7-m\libm.a(lib_a-s_lib_ver.o)
                0x20000418                __fdlib_version
 *fill*         0x20000419        0x3 
 .data.impure_data
                0x2000041c       0x60 c:/program files (x86)/gnu tools arm embedded/4.9 2015q2/bin/../lib/gcc/arm-none-eabi/4.9.3/../../../../arm-none-eabi/lib/armv7-m\libg_nano.a(lib_a-impure.o)
 .data._impure_ptr
                0x2000047c        0x4 c:/program files (x86)/gnu tools arm embedded/4.9 2015q2/bin/../lib/gcc/arm-none-eabi/4.9.3/../../../../arm-none-eabi/lib/armv7-m\libg_nano.a(lib_a-impure.o)
                0x2000047c                _impure_ptr
 .data.__ctype_ptr__
                0x20000480        0x4 c:/program files (x86)/gnu tools arm embedded/4.9 2015q2/bin/../lib/gcc/arm-none-eabi/4.9.3/../../../../arm-none-eabi/lib/armv7-m\libg_nano.a(lib_a-ctype_.o)
                0x20000480                __ctype_ptr__
 .data.lconv    0x20000484       0x38 c:/program files (x86)/gnu tools arm embedded/4.9 2015q2/bin/../lib/gcc/arm-none-eabi/4.9.3/../../../../arm-none-eabi/lib/armv7-m\libg_nano.a(lib_a-locale.o)
 *(.data_end .data_end.*)
 .data_end      0x200004bc        0x4 ./system/src/newlib/_startup.o
                0x200004c0                . = ALIGN (0x4)
                0x200004c0                _edata = .
                0x200004c0                __data_end__ = .

.igot.plt       0x200004c0        0x0 load address 0x0000a828
 .igot.plt      0x00000000        0x0 ./system/src/newlib/_cxx.o

.bss_CCMRAM     0x10000000        0x0
 *(.bss.CCMRAM .bss.CCMRAM.*)

.bss            0x200004c0      0x288
                0x200004c0                __bss_start__ = .
                0x200004c0                _sbss = .
 *(.bss_begin .bss_begin.*)
 .bss_begin     0x200004c0        0x4 ./system/src/newlib/_startup.o
 *(.bss .bss.*)
 .bss.current_heap_end.4310
                0x200004c4        0x4 ./system/src/newlib/_sbrk.o
 .bss.name.4605
                0x200004c8        0x1 ./system/src/newlib/_syscalls.o
 *fill*         0x200004c9        0x3 
 .bss.buf.5446  0x200004cc       0x80 ./system/src/diag/Trace.o
 .bss.set_grn   0x2000054c        0x4 ./src/CN0370.o
                0x2000054c                set_grn
 .bss.set_red   0x20000550        0x4 ./src/CN0370.o
                0x20000550                set_red
 .bss.desired_lux
                0x20000554        0xc ./src/CN0370.o
                0x20000554                desired_lux
 .bss.set_ble   0x20000560        0x4 ./src/CN0370.o
                0x20000560                set_ble
 .bss.control_system
                0x20000564        0x1 ./src/CN0370.o
                0x20000564                control_system
 *fill*         0x20000565        0x3 
 .bss.code_led  0x20000568        0x6 ./src/CN0370.o
                0x20000568                code_led
 *fill*         0x2000056e        0x2 
 .bss.lightConcentration
                0x20000570        0xc ./src/CN0397.o
                0x20000570                lightConcentration
 .bss.intensityValue
                0x2000057c        0xc ./src/CN0397.o
                0x2000057c                intensityValue
 .bss.voltageValue
                0x20000588        0xc ./src/CN0397.o
                0x20000588                voltageValue
 .bss.temperature
                0x20000594        0x4 ./src/CN0398.o
                0x20000594                temperature
 .bss.voltage   0x20000598        0x8 ./src/CN0398.o
                0x20000598                voltage
 .bss.pH        0x200005a0        0x4 ./src/CN0398.o
                0x200005a0                pH
 .bss.moisture  0x200005a4        0x4 ./src/CN0398.o
                0x200005a4                moisture
 .bss.start_acquire
                0x200005a8        0x1 ./src/Command.o
                0x200005a8                start_acquire
 .bss.display_enable
                0x200005a9        0x1 ./src/Command.o
                0x200005a9                display_enable
 .bss.rxI2C     0x200005aa        0x1 ./src/Communication.o
                0x200005aa                rxI2C
 .bss.spi1RxComplete
                0x200005ab        0x1 ./src/Communication.o
                0x200005ab                spi1RxComplete
 .bss.spi0TxComplete
                0x200005ac        0x1 ./src/Communication.o
                0x200005ac                spi0TxComplete
 .bss.rxI2Csize
                0x200005ad        0x1 ./src/Communication.o
                0x200005ad                rxI2Csize
 .bss.uart_rdy  0x200005ae        0x1 ./src/Communication.o
                0x200005ae                uart_rdy
 .bss.txI2Ccomplete
                0x200005af        0x1 ./src/Communication.o
                0x200005af                txI2Ccomplete
 .bss.convFlag  0x200005b0        0x1 ./src/Communication.o
                0x200005b0                convFlag
 .bss.rxI2Ccomplete
                0x200005b1        0x1 ./src/Communication.o
                0x200005b1                rxI2Ccomplete
 .bss.spi1TxComplete
                0x200005b2        0x1 ./src/Communication.o
                0x200005b2                spi1TxComplete
 *fill*         0x200005b3        0x1 
 .bss.__malloc_sbrk_start
                0x200005b4        0x4 c:/program files (x86)/gnu tools arm embedded/4.9 2015q2/bin/../lib/gcc/arm-none-eabi/4.9.3/../../../../arm-none-eabi/lib/armv7-m\libg_nano.a(lib_a-nano-mallocr.o)
                0x200005b4                __malloc_sbrk_start
 .bss.__malloc_free_list
                0x200005b8        0x4 c:/program files (x86)/gnu tools arm embedded/4.9 2015q2/bin/../lib/gcc/arm-none-eabi/4.9.3/../../../../arm-none-eabi/lib/armv7-m\libg_nano.a(lib_a-nano-mallocr.o)
                0x200005b8                __malloc_free_list
 *(COMMON)
 COMMON         0x200005bc        0x4 ./system/src/newlib/_syscalls.o
                0x200005bc                errno
 COMMON         0x200005c0        0xc ./system/src/cmsis/system_ADuCM360.o
                0x200005c0                SystemCoreClock
                0x200005c4                uClk
                0x200005c8                SystemExtClock
 COMMON         0x200005cc       0x14 ./src/AD7124.o
                0x200005cc                useCRC
                0x200005d0                check_ready
                0x200005d4                reg_access
                0x200005d8                spi_rdy_poll_cnt
                0x200005dc                regs
 COMMON         0x200005e0       0x25 ./src/CN0397.o
                0x200005e0                dataReg
                0x200005e4                barLine
                0x200005f0                gainAdc
                0x200005f1                statusReg
                0x200005f4                cn0397_adcValue
                0x200005fa                modeReg
                0x200005fc                configReg
                0x200005fe                ioReg
                0x20000600                offsetReg
                0x20000602                fullscaleReg
                0x20000604                idReg
 *fill*         0x20000605        0x3 
 COMMON         0x20000608       0x28 ./src/CN0398.o
                0x20000608                solution1
                0x2000060c                offset_voltage
                0x20000610                solution0
                0x20000614                adcValue
                0x20000620                calibration_ph
 COMMON         0x20000630      0x10d ./src/Communication.o
                0x20000630                txI2Cbuf
                0x20000634                rxI2Cbuf
                0x20000638                uart_rx_char
                0x20000639                uart_rcnt
                0x2000063a                uart_cmd
                0x2000063c                uart_rx_buffer
                0x2000073c                uart_read_ch
 *fill*         0x2000073d        0x3 
 COMMON         0x20000740        0x4 ./src/Timer.o
                0x20000740                timer_delayCount
 *(.bss_end .bss_end.*)
 .bss_end       0x20000744        0x4 ./system/src/newlib/_startup.o
                0x20000748                . = ALIGN (0x4)
                0x20000748                __bss_end__ = .
                0x20000748                _ebss = .

.noinit_CCMRAM
 *(.noinit.CCMRAM .noinit.CCMRAM.*)

.noinit         0x20000748        0x0
                0x20000748                _noinit = .
 *(.noinit .noinit.*)
                0x20000748                . = ALIGN (0x4)
                0x20000748                _end_noinit = .
                0x20000748                PROVIDE (end, _end_noinit)
                0x20000748                PROVIDE (_end, _end_noinit)
                0x20000748                PROVIDE (__end, _end_noinit)
                0x20000748                PROVIDE (__end__, _end_noinit)

._check_stack   0x20000748      0x100
                0x20000848                . = (. + _Minimum_Stack_Size)
 *fill*         0x20000748      0x100 

.b1text
 *(.b1text)
 *(.b1rodata)
 *(.b1rodata.*)

.eb0text
 *(.eb0text)
 *(.eb0rodata)
 *(.eb0rodata.*)

.eb1text
 *(.eb1text)
 *(.eb1rodata)
 *(.eb1rodata.*)

.eb2text
 *(.eb2text)
 *(.eb2rodata)
 *(.eb2rodata.*)

.eb3text
 *(.eb3text)
 *(.eb3rodata)
 *(.eb3rodata.*)

.stab
 *(.stab)

.stabstr
 *(.stabstr)

.stab.excl
 *(.stab.excl)

.stab.exclstr
 *(.stab.exclstr)

.stab.index
 *(.stab.index)

.stab.indexstr
 *(.stab.indexstr)

.comment        0x00000000       0x70
 *(.comment)
 .comment       0x00000000       0x70 ./system/src/newlib/_exit.o
                                 0x71 (size before relaxing)
 .comment       0x00000000       0x71 ./system/src/newlib/_sbrk.o
 .comment       0x00000000       0x71 ./system/src/newlib/_startup.o
 .comment       0x00000000       0x71 ./system/src/newlib/_syscalls.o
 .comment       0x00000000       0x71 ./system/src/diag/Trace.o
 .comment       0x00000000       0x71 ./system/src/diag/trace_impl.o
 .comment       0x00000000       0x71 ./system/src/cortexm/_initialize_hardware.o
 .comment       0x00000000       0x71 ./system/src/cortexm/exception_handlers.o
 .comment       0x00000000       0x71 ./system/src/cmsis/system_ADuCM360.o
 .comment       0x00000000       0x71 ./system/src/cmsis/vectors_ADuCM360.o
 .comment       0x00000000       0x71 ./system/src/aducm360/DioLib.o
 .comment       0x00000000       0x71 ./system/src/aducm360/I2cLib.o
 .comment       0x00000000       0x71 ./system/src/aducm360/SpiLib.o
 .comment       0x00000000       0x71 ./system/src/aducm360/UrtLib.o
 .comment       0x00000000       0x71 ./src/AD7124.o
 .comment       0x00000000       0x71 ./src/AD7798.o
 .comment       0x00000000       0x71 ./src/CN0370.o
 .comment       0x00000000       0x71 ./src/CN0397.o
 .comment       0x00000000       0x71 ./src/CN0398.o
 .comment       0x00000000       0x71 ./src/Command.o
 .comment       0x00000000       0x71 ./src/Communication.o
 .comment       0x00000000       0x71 ./src/Timer.o
 .comment       0x00000000       0x71 ./src/main.o

.ARM.attributes
                0x00000000       0x31
 .ARM.attributes
                0x00000000       0x33 ./system/src/newlib/_exit.o
 .ARM.attributes
                0x00000033       0x33 ./system/src/newlib/_sbrk.o
 .ARM.attributes
                0x00000066       0x33 ./system/src/newlib/_startup.o
 .ARM.attributes
                0x00000099       0x33 ./system/src/newlib/_syscalls.o
 .ARM.attributes
                0x000000cc       0x33 ./system/src/diag/Trace.o
 .ARM.attributes
                0x000000ff       0x33 ./system/src/diag/trace_impl.o
 .ARM.attributes
                0x00000132       0x33 ./system/src/cortexm/_initialize_hardware.o
 .ARM.attributes
                0x00000165       0x33 ./system/src/cortexm/exception_handlers.o
 .ARM.attributes
                0x00000198       0x33 ./system/src/cmsis/system_ADuCM360.o
 .ARM.attributes
                0x000001cb       0x33 ./system/src/cmsis/vectors_ADuCM360.o
 .ARM.attributes
                0x000001fe       0x33 ./system/src/aducm360/DioLib.o
 .ARM.attributes
                0x00000231       0x33 ./system/src/aducm360/I2cLib.o
 .ARM.attributes
                0x00000264       0x33 ./system/src/aducm360/SpiLib.o
 .ARM.attributes
                0x00000297       0x33 ./system/src/aducm360/UrtLib.o
 .ARM.attributes
                0x000002ca       0x33 ./src/AD7124.o
 .ARM.attributes
                0x000002fd       0x33 ./src/AD7798.o
 .ARM.attributes
                0x00000330       0x33 ./src/CN0370.o
 .ARM.attributes
                0x00000363       0x33 ./src/CN0397.o
 .ARM.attributes
                0x00000396       0x33 ./src/CN0398.o
 .ARM.attributes
                0x000003c9       0x33 ./src/Command.o
 .ARM.attributes
                0x000003fc       0x33 ./src/Communication.o
 .ARM.attributes
                0x0000042f       0x33 ./src/Timer.o
 .ARM.attributes
                0x00000462       0x33 ./src/main.o
 .ARM.attributes
                0x00000495       0x2d c:/program files (x86)/gnu tools arm embedded/4.9 2015q2/bin/../lib/gcc/arm-none-eabi/4.9.3/../../../../arm-none-eabi/lib/armv7-m\libm.a(lib_a-w_sqrt.o)
 .ARM.attributes
                0x000004c2       0x2d c:/program files (x86)/gnu tools arm embedded/4.9 2015q2/bin/../lib/gcc/arm-none-eabi/4.9.3/../../../../arm-none-eabi/lib/armv7-m\libm.a(lib_a-e_sqrt.o)
 .ARM.attributes
                0x000004ef       0x2d c:/program files (x86)/gnu tools arm embedded/4.9 2015q2/bin/../lib/gcc/arm-none-eabi/4.9.3/../../../../arm-none-eabi/lib/armv7-m\libm.a(lib_a-s_fpclassify.o)
 .ARM.attributes
                0x0000051c       0x2d c:/program files (x86)/gnu tools arm embedded/4.9 2015q2/bin/../lib/gcc/arm-none-eabi/4.9.3/../../../../arm-none-eabi/lib/armv7-m\libm.a(lib_a-s_lib_ver.o)
 .ARM.attributes
                0x00000549       0x2d c:/program files (x86)/gnu tools arm embedded/4.9 2015q2/bin/../lib/gcc/arm-none-eabi/4.9.3/../../../../arm-none-eabi/lib/armv7-m\libm.a(lib_a-s_matherr.o)
 .ARM.attributes
                0x00000576       0x1d c:/program files (x86)/gnu tools arm embedded/4.9 2015q2/bin/../lib/gcc/arm-none-eabi/4.9.3/armv7-m\libgcc.a(_arm_addsubdf3.o)
 .ARM.attributes
                0x00000593       0x1d c:/program files (x86)/gnu tools arm embedded/4.9 2015q2/bin/../lib/gcc/arm-none-eabi/4.9.3/armv7-m\libgcc.a(_arm_muldivdf3.o)
 .ARM.attributes
                0x000005b0       0x1d c:/program files (x86)/gnu tools arm embedded/4.9 2015q2/bin/../lib/gcc/arm-none-eabi/4.9.3/armv7-m\libgcc.a(_arm_cmpdf2.o)
 .ARM.attributes
                0x000005cd       0x1d c:/program files (x86)/gnu tools arm embedded/4.9 2015q2/bin/../lib/gcc/arm-none-eabi/4.9.3/armv7-m\libgcc.a(_arm_fixunsdfsi.o)
 .ARM.attributes
                0x000005ea       0x1d c:/program files (x86)/gnu tools arm embedded/4.9 2015q2/bin/../lib/gcc/arm-none-eabi/4.9.3/armv7-m\libgcc.a(_arm_truncdfsf2.o)
 .ARM.attributes
                0x00000607       0x1d c:/program files (x86)/gnu tools arm embedded/4.9 2015q2/bin/../lib/gcc/arm-none-eabi/4.9.3/armv7-m\libgcc.a(_arm_addsubsf3.o)
 .ARM.attributes
                0x00000624       0x1d c:/program files (x86)/gnu tools arm embedded/4.9 2015q2/bin/../lib/gcc/arm-none-eabi/4.9.3/armv7-m\libgcc.a(_arm_muldivsf3.o)
 .ARM.attributes
                0x00000641       0x1d c:/program files (x86)/gnu tools arm embedded/4.9 2015q2/bin/../lib/gcc/arm-none-eabi/4.9.3/armv7-m\libgcc.a(_arm_cmpsf2.o)
 .ARM.attributes
                0x0000065e       0x1d c:/program files (x86)/gnu tools arm embedded/4.9 2015q2/bin/../lib/gcc/arm-none-eabi/4.9.3/armv7-m\libgcc.a(_arm_fixunssfsi.o)
 .ARM.attributes
                0x0000067b       0x2d c:/program files (x86)/gnu tools arm embedded/4.9 2015q2/bin/../lib/gcc/arm-none-eabi/4.9.3/../../../../arm-none-eabi/lib/armv7-m\libg_nano.a(lib_a-atof.o)
 .ARM.attributes
                0x000006a8       0x2d c:/program files (x86)/gnu tools arm embedded/4.9 2015q2/bin/../lib/gcc/arm-none-eabi/4.9.3/../../../../arm-none-eabi/lib/armv7-m\libg_nano.a(lib_a-atoi.o)
 .ARM.attributes
                0x000006d5       0x2d c:/program files (x86)/gnu tools arm embedded/4.9 2015q2/bin/../lib/gcc/arm-none-eabi/4.9.3/../../../../arm-none-eabi/lib/armv7-m\libg_nano.a(lib_a-errno.o)
 .ARM.attributes
                0x00000702       0x2d c:/program files (x86)/gnu tools arm embedded/4.9 2015q2/bin/../lib/gcc/arm-none-eabi/4.9.3/../../../../arm-none-eabi/lib/armv7-m\libg_nano.a(lib_a-impure.o)
 .ARM.attributes
                0x0000072f       0x2d c:/program files (x86)/gnu tools arm embedded/4.9 2015q2/bin/../lib/gcc/arm-none-eabi/4.9.3/../../../../arm-none-eabi/lib/armv7-m\libg_nano.a(lib_a-malloc.o)
 .ARM.attributes
                0x0000075c       0x2d c:/program files (x86)/gnu tools arm embedded/4.9 2015q2/bin/../lib/gcc/arm-none-eabi/4.9.3/../../../../arm-none-eabi/lib/armv7-m\libg_nano.a(lib_a-memset.o)
 .ARM.attributes
                0x00000789       0x2d c:/program files (x86)/gnu tools arm embedded/4.9 2015q2/bin/../lib/gcc/arm-none-eabi/4.9.3/../../../../arm-none-eabi/lib/armv7-m\libg_nano.a(lib_a-nano-freer.o)
 .ARM.attributes
                0x000007b6       0x2d c:/program files (x86)/gnu tools arm embedded/4.9 2015q2/bin/../lib/gcc/arm-none-eabi/4.9.3/../../../../arm-none-eabi/lib/armv7-m\libg_nano.a(lib_a-nano-mallocr.o)
 .ARM.attributes
                0x000007e3       0x2d c:/program files (x86)/gnu tools arm embedded/4.9 2015q2/bin/../lib/gcc/arm-none-eabi/4.9.3/../../../../arm-none-eabi/lib/armv7-m\libg_nano.a(lib_a-nano-vfprintf_float.o)
 .ARM.attributes
                0x00000810       0x2d c:/program files (x86)/gnu tools arm embedded/4.9 2015q2/bin/../lib/gcc/arm-none-eabi/4.9.3/../../../../arm-none-eabi/lib/armv7-m\libg_nano.a(lib_a-nano-vfprintf_i.o)
 .ARM.attributes
                0x0000083d       0x2d c:/program files (x86)/gnu tools arm embedded/4.9 2015q2/bin/../lib/gcc/arm-none-eabi/4.9.3/../../../../arm-none-eabi/lib/armv7-m\libg_nano.a(lib_a-nano-vfscanf_float.o)
 .ARM.attributes
                0x0000086a       0x2d c:/program files (x86)/gnu tools arm embedded/4.9 2015q2/bin/../lib/gcc/arm-none-eabi/4.9.3/../../../../arm-none-eabi/lib/armv7-m\libg_nano.a(lib_a-printf.o)
 .ARM.attributes
                0x00000897       0x2d c:/program files (x86)/gnu tools arm embedded/4.9 2015q2/bin/../lib/gcc/arm-none-eabi/4.9.3/../../../../arm-none-eabi/lib/armv7-m\libg_nano.a(lib_a-putchar.o)
 .ARM.attributes
                0x000008c4       0x2d c:/program files (x86)/gnu tools arm embedded/4.9 2015q2/bin/../lib/gcc/arm-none-eabi/4.9.3/../../../../arm-none-eabi/lib/armv7-m\libg_nano.a(lib_a-puts.o)
 .ARM.attributes
                0x000008f1       0x2d c:/program files (x86)/gnu tools arm embedded/4.9 2015q2/bin/../lib/gcc/arm-none-eabi/4.9.3/../../../../arm-none-eabi/lib/armv7-m\libg_nano.a(lib_a-sbrkr.o)
 .ARM.attributes
                0x0000091e       0x2d c:/program files (x86)/gnu tools arm embedded/4.9 2015q2/bin/../lib/gcc/arm-none-eabi/4.9.3/../../../../arm-none-eabi/lib/armv7-m\libg_nano.a(lib_a-scanf.o)
 .ARM.attributes
                0x0000094b       0x2d c:/program files (x86)/gnu tools arm embedded/4.9 2015q2/bin/../lib/gcc/arm-none-eabi/4.9.3/../../../../arm-none-eabi/lib/armv7-m\libg_nano.a(lib_a-sf_nan.o)
 .ARM.attributes
                0x00000978       0x2d c:/program files (x86)/gnu tools arm embedded/4.9 2015q2/bin/../lib/gcc/arm-none-eabi/4.9.3/../../../../arm-none-eabi/lib/armv7-m\libg_nano.a(lib_a-sprintf.o)
 .ARM.attributes
                0x000009a5       0x2d c:/program files (x86)/gnu tools arm embedded/4.9 2015q2/bin/../lib/gcc/arm-none-eabi/4.9.3/../../../../arm-none-eabi/lib/armv7-m\libg_nano.a(lib_a-strlen.o)
 .ARM.attributes
                0x000009d2       0x2d c:/program files (x86)/gnu tools arm embedded/4.9 2015q2/bin/../lib/gcc/arm-none-eabi/4.9.3/../../../../arm-none-eabi/lib/armv7-m\libg_nano.a(lib_a-strncmp.o)
 .ARM.attributes
                0x000009ff       0x2d c:/program files (x86)/gnu tools arm embedded/4.9 2015q2/bin/../lib/gcc/arm-none-eabi/4.9.3/../../../../arm-none-eabi/lib/armv7-m\libg_nano.a(lib_a-strtod.o)
 .ARM.attributes
                0x00000a2c       0x2d c:/program files (x86)/gnu tools arm embedded/4.9 2015q2/bin/../lib/gcc/arm-none-eabi/4.9.3/../../../../arm-none-eabi/lib/armv7-m\libg_nano.a(lib_a-strtol.o)
 .ARM.attributes
                0x00000a59       0x2d c:/program files (x86)/gnu tools arm embedded/4.9 2015q2/bin/../lib/gcc/arm-none-eabi/4.9.3/../../../../arm-none-eabi/lib/armv7-m\libg_nano.a(lib_a-vsnprintf.o)
 .ARM.attributes
                0x00000a86       0x2d c:/program files (x86)/gnu tools arm embedded/4.9 2015q2/bin/../lib/gcc/arm-none-eabi/4.9.3/../../../../arm-none-eabi/lib/armv7-m\libg_nano.a(lib_a-wbuf.o)
 .ARM.attributes
                0x00000ab3       0x2d c:/program files (x86)/gnu tools arm embedded/4.9 2015q2/bin/../lib/gcc/arm-none-eabi/4.9.3/../../../../arm-none-eabi/lib/armv7-m\libg_nano.a(lib_a-wsetup.o)
 .ARM.attributes
                0x00000ae0       0x2d c:/program files (x86)/gnu tools arm embedded/4.9 2015q2/bin/../lib/gcc/arm-none-eabi/4.9.3/../../../../arm-none-eabi/lib/armv7-m\libg_nano.a(lib_a-ctype_.o)
 .ARM.attributes
                0x00000b0d       0x2d c:/program files (x86)/gnu tools arm embedded/4.9 2015q2/bin/../lib/gcc/arm-none-eabi/4.9.3/../../../../arm-none-eabi/lib/armv7-m\libg_nano.a(lib_a-dtoa.o)
 .ARM.attributes
                0x00000b3a       0x2d c:/program files (x86)/gnu tools arm embedded/4.9 2015q2/bin/../lib/gcc/arm-none-eabi/4.9.3/../../../../arm-none-eabi/lib/armv7-m\libg_nano.a(lib_a-fflush.o)
 .ARM.attributes
                0x00000b67       0x2d c:/program files (x86)/gnu tools arm embedded/4.9 2015q2/bin/../lib/gcc/arm-none-eabi/4.9.3/../../../../arm-none-eabi/lib/armv7-m\libg_nano.a(lib_a-findfp.o)
 .ARM.attributes
                0x00000b94       0x2d c:/program files (x86)/gnu tools arm embedded/4.9 2015q2/bin/../lib/gcc/arm-none-eabi/4.9.3/../../../../arm-none-eabi/lib/armv7-m\libg_nano.a(lib_a-fwalk.o)
 .ARM.attributes
                0x00000bc1       0x2d c:/program files (x86)/gnu tools arm embedded/4.9 2015q2/bin/../lib/gcc/arm-none-eabi/4.9.3/../../../../arm-none-eabi/lib/armv7-m\libg_nano.a(lib_a-gdtoa-gethex.o)
 .ARM.attributes
                0x00000bee       0x2d c:/program files (x86)/gnu tools arm embedded/4.9 2015q2/bin/../lib/gcc/arm-none-eabi/4.9.3/../../../../arm-none-eabi/lib/armv7-m\libg_nano.a(lib_a-gdtoa-hexnan.o)
 .ARM.attributes