Archive member included because of file (symbol)

c:/program files (x86)/gnu tools arm embedded/4.9 2015q2/bin/../lib/gcc/arm-none-eabi/4.9.3/../../../../arm-none-eabi/lib/armv7-m\libm.a(lib_a-w_pow.o)
                              ./src/CN0398.o (pow)
c:/program files (x86)/gnu tools arm embedded/4.9 2015q2/bin/../lib/gcc/arm-none-eabi/4.9.3/../../../../arm-none-eabi/lib/armv7-m\libm.a(lib_a-w_sqrt.o)
                              ./src/CN0398.o (sqrt)
c:/program files (x86)/gnu tools arm embedded/4.9 2015q2/bin/../lib/gcc/arm-none-eabi/4.9.3/../../../../arm-none-eabi/lib/armv7-m\libm.a(lib_a-e_pow.o)
                              c:/program files (x86)/gnu tools arm embedded/4.9 2015q2/bin/../lib/gcc/arm-none-eabi/4.9.3/../../../../arm-none-eabi/lib/armv7-m\libm.a(lib_a-w_pow.o) (__ieee754_pow)
c:/program files (x86)/gnu tools arm embedded/4.9 2015q2/bin/../lib/gcc/arm-none-eabi/4.9.3/../../../../arm-none-eabi/lib/armv7-m\libm.a(lib_a-e_sqrt.o)
                              c:/program files (x86)/gnu tools arm embedded/4.9 2015q2/bin/../lib/gcc/arm-none-eabi/4.9.3/../../../../arm-none-eabi/lib/armv7-m\libm.a(lib_a-w_sqrt.o) (__ieee754_sqrt)
c:/program files (x86)/gnu tools arm embedded/4.9 2015q2/bin/../lib/gcc/arm-none-eabi/4.9.3/../../../../arm-none-eabi/lib/armv7-m\libm.a(lib_a-s_fabs.o)
                              c:/program files (x86)/gnu tools arm embedded/4.9 2015q2/bin/../lib/gcc/arm-none-eabi/4.9.3/../../../../arm-none-eabi/lib/armv7-m\libm.a(lib_a-e_pow.o) (fabs)
c:/program files (x86)/gnu tools arm embedded/4.9 2015q2/bin/../lib/gcc/arm-none-eabi/4.9.3/../../../../arm-none-eabi/lib/armv7-m\libm.a(lib_a-s_finite.o)
                              c:/program files (x86)/gnu tools arm embedded/4.9 2015q2/bin/../lib/gcc/arm-none-eabi/4.9.3/../../../../arm-none-eabi/lib/armv7-m\libm.a(lib_a-w_pow.o) (finite)
c:/program files (x86)/gnu tools arm embedded/4.9 2015q2/bin/../lib/gcc/arm-none-eabi/4.9.3/../../../../arm-none-eabi/lib/armv7-m\libm.a(lib_a-s_fpclassify.o)
                              c:/program files (x86)/gnu tools arm embedded/4.9 2015q2/bin/../lib/gcc/arm-none-eabi/4.9.3/../../../../arm-none-eabi/lib/armv7-m\libm.a(lib_a-w_pow.o) (__fpclassifyd)
c:/program files (x86)/gnu tools arm embedded/4.9 2015q2/bin/../lib/gcc/arm-none-eabi/4.9.3/../../../../arm-none-eabi/lib/armv7-m\libm.a(lib_a-s_lib_ver.o)
                              c:/program files (x86)/gnu tools arm embedded/4.9 2015q2/bin/../lib/gcc/arm-none-eabi/4.9.3/../../../../arm-none-eabi/lib/armv7-m\libm.a(lib_a-w_pow.o) (__fdlib_version)
c:/program files (x86)/gnu tools arm embedded/4.9 2015q2/bin/../lib/gcc/arm-none-eabi/4.9.3/../../../../arm-none-eabi/lib/armv7-m\libm.a(lib_a-s_matherr.o)
                              c:/program files (x86)/gnu tools arm embedded/4.9 2015q2/bin/../lib/gcc/arm-none-eabi/4.9.3/../../../../arm-none-eabi/lib/armv7-m\libm.a(lib_a-w_pow.o) (matherr)
c:/program files (x86)/gnu tools arm embedded/4.9 2015q2/bin/../lib/gcc/arm-none-eabi/4.9.3/../../../../arm-none-eabi/lib/armv7-m\libm.a(lib_a-s_nan.o)
                              c:/program files (x86)/gnu tools arm embedded/4.9 2015q2/bin/../lib/gcc/arm-none-eabi/4.9.3/../../../../arm-none-eabi/lib/armv7-m\libm.a(lib_a-e_pow.o) (nan)
c:/program files (x86)/gnu tools arm embedded/4.9 2015q2/bin/../lib/gcc/arm-none-eabi/4.9.3/../../../../arm-none-eabi/lib/armv7-m\libm.a(lib_a-s_rint.o)
                              c:/program files (x86)/gnu tools arm embedded/4.9 2015q2/bin/../lib/gcc/arm-none-eabi/4.9.3/../../../../arm-none-eabi/lib/armv7-m\libm.a(lib_a-w_pow.o) (rint)
c:/program files (x86)/gnu tools arm embedded/4.9 2015q2/bin/../lib/gcc/arm-none-eabi/4.9.3/../../../../arm-none-eabi/lib/armv7-m\libm.a(lib_a-s_scalbn.o)
                              c:/program files (x86)/gnu tools arm embedded/4.9 2015q2/bin/../lib/gcc/arm-none-eabi/4.9.3/../../../../arm-none-eabi/lib/armv7-m\libm.a(lib_a-e_pow.o) (scalbn)
c:/program files (x86)/gnu tools arm embedded/4.9 2015q2/bin/../lib/gcc/arm-none-eabi/4.9.3/../../../../arm-none-eabi/lib/armv7-m\libm.a(lib_a-s_copysign.o)
                              c:/program files (x86)/gnu tools arm embedded/4.9 2015q2/bin/../lib/gcc/arm-none-eabi/4.9.3/../../../../arm-none-eabi/lib/armv7-m\libm.a(lib_a-s_scalbn.o) (copysign)
c:/program files (x86)/gnu tools arm embedded/4.9 2015q2/bin/../lib/gcc/arm-none-eabi/4.9.3/armv7-m\libgcc.a(_arm_addsubdf3.o)
                              ./src/CN0398.o (__aeabi_dsub)
c:/program files (x86)/gnu tools arm embedded/4.9 2015q2/bin/../lib/gcc/arm-none-eabi/4.9.3/armv7-m\libgcc.a(_arm_muldivdf3.o)
                              ./src/CN0398.o (__aeabi_dmul)
c:/program files (x86)/gnu tools arm embedded/4.9 2015q2/bin/../lib/gcc/arm-none-eabi/4.9.3/armv7-m\libgcc.a(_arm_cmpdf2.o)
                              c:/program files (x86)/gnu tools arm embedded/4.9 2015q2/bin/../lib/gcc/arm-none-eabi/4.9.3/../../../../arm-none-eabi/lib/armv7-m\libm.a(lib_a-w_pow.o) (__aeabi_dcmpeq)
[...]
Memory Configuration

Name             Origin             Length             Attributes
FLASH            0x00000000         0x00020000         xr
RAM              0x20000000         0x00002000         xrw
CCMRAM           0x10000000         0x00000000         xrw
FLASHB1          0x00000000         0x00000000         xr
EXTMEMB0         0x00000000         0x00000000         xr
EXTMEMB1         0x00000000         0x00000000         xr
EXTMEMB2         0x00000000         0x00000000         xr
EXTMEMB3         0x00000000         0x00000000         xr
*default*        0x00000000         0xffffffff

Linker script and memory map

LOAD ./system/src/newlib/_cxx.o
LOAD ./system/src/newlib/_exit.o
LOAD ./system/src/newlib/_sbrk.o
LOAD ./system/src/newlib/_startup.o
LOAD ./system/src/newlib/_syscalls.o
LOAD ./system/src/newlib/assert.o
LOAD ./system/src/diag/Trace.o
LOAD ./system/src/diag/trace_impl.o
LOAD ./system/src/cortexm/_initialize_hardware.o
LOAD ./system/src/cortexm/_reset_hardware.o
LOAD ./system/src/cortexm/exception_handlers.o
LOAD ./system/src/cmsis/system_ADuCM360.o
LOAD ./system/src/cmsis/vectors_ADuCM360.o
LOAD ./system/src/aducm360/AdcLib.o
LOAD ./system/src/aducm360/ClkLib.o
LOAD ./system/src/aducm360/DacLib.o
LOAD ./system/src/aducm360/DioLib.o
LOAD ./system/src/aducm360/DmaLib.o
LOAD ./system/src/aducm360/FeeLib.o
LOAD ./system/src/aducm360/GptLib.o
LOAD ./system/src/aducm360/I2cLib.o
LOAD ./system/src/aducm360/IexcLib.o
LOAD ./system/src/aducm360/IntLib.o
LOAD ./system/src/aducm360/PwmLib.o
LOAD ./system/src/aducm360/PwrLib.o
LOAD ./system/src/aducm360/RstLib.o
LOAD ./system/src/aducm360/SpiLib.o
LOAD ./system/src/aducm360/UrtLib.o
LOAD ./system/src/aducm360/WdtLib.o
LOAD ./system/src/aducm360/WutLib.o
LOAD ./src/AD7124.o
LOAD ./src/CN0398.o
LOAD ./src/Communication.o
LOAD ./src/Timer.o
LOAD ./src/main.o
LOAD c:/program files (x86)/gnu tools arm embedded/4.9 2015q2/bin/../lib/gcc/arm-none-eabi/4.9.3/../../../../arm-none-eabi/lib/armv7-m\libstdc++_nano.a
LOAD c:/program files (x86)/gnu tools arm embedded/4.9 2015q2/bin/../lib/gcc/arm-none-eabi/4.9.3/../../../../arm-none-eabi/lib/armv7-m\libm.a
START GROUP
LOAD c:/program files (x86)/gnu tools arm embedded/4.9 2015q2/bin/../lib/gcc/arm-none-eabi/4.9.3/armv7-m\libgcc.a
LOAD c:/program files (x86)/gnu tools arm embedded/4.9 2015q2/bin/../lib/gcc/arm-none-eabi/4.9.3/../../../../arm-none-eabi/lib/armv7-m\libg_nano.a
LOAD c:/program files (x86)/gnu tools arm embedded/4.9 2015q2/bin/../lib/gcc/arm-none-eabi/4.9.3/../../../../arm-none-eabi/lib/armv7-m\libc_nano.a
END GROUP
START GROUP
LOAD c:/program files (x86)/gnu tools arm embedded/4.9 2015q2/bin/../lib/gcc/arm-none-eabi/4.9.3/armv7-m\libgcc.a
LOAD c:/program files (x86)/gnu tools arm embedded/4.9 2015q2/bin/../lib/gcc/arm-none-eabi/4.9.3/../../../../arm-none-eabi/lib/armv7-m\libc_nano.a
END GROUP
                0x20002000                __stack = (ORIGIN (RAM) + 0x2000)
                0x20002000                _estack = __stack
                0x00000400                __Main_Stack_Size = 0x400
                0x00000400                PROVIDE (_Main_Stack_Size, __Main_Stack_Size)
                0x20001c00                __Main_Stack_Limit = (__stack - __Main_Stack_Size)
                0x20001c00                PROVIDE (_Main_Stack_Limit, __Main_Stack_Limit)
                0x00000100                _Minimum_Stack_Size = 0x100
                0x20000558                PROVIDE (_Heap_Begin, _end_noinit)
                0x20001c00                PROVIDE (_Heap_Limit, (__stack - __Main_Stack_Size))

.isr_vector     0x00000000      0x2fc
 FILL mask 0xff
                0x00000000                __vectors_start = ABSOLUTE (.)
                0x00000000                __vectors_start__ = ABSOLUTE (.)
 *(.isr_vector)
 .isr_vector    0x00000000       0xe0 ./system/src/cmsis/vectors_ADuCM360.o
                0x00000000                __isr_vectors
 *(.cfmconfig)
 *(.after_vectors .after_vectors.*)
 .after_vectors
                0x000000e0      0x114 ./system/src/newlib/_startup.o
                0x000000e0                _start
 .after_vectors
                0x000001f4      0x104 ./system/src/cortexm/exception_handlers.o
                0x000001f4                Reset_Handler
                0x000001fc                NMI_Handler
                0x00000200                HardFault_Handler
                0x00000214                HardFault_Handler_C
                0x00000248                MemManage_Handler
                0x0000024c                BusFault_Handler
                0x00000260                BusFault_Handler_C
                0x00000294                UsageFault_Handler
                0x000002a8                UsageFault_Handler_C
                0x000002dc                SVC_Handler
                0x000002e0                DebugMon_Handler
                0x000002e4                PendSV_Handler
 .after_vectors
                0x000002f8        0x4 ./system/src/cmsis/vectors_ADuCM360.o
                0x000002f8                I2C0_Slave_Int_Handler
                0x000002f8                DMA_I2C0_SRX_Int_Handler
                0x000002f8                DMA_SPI1_RX_Int_Handler
                0x000002f8                GP_Tmr0_Int_Handler
                0x000002f8                Ext_Int5_Handler
                0x000002f8                GP_Tmr1_Int_Handler
                0x000002f8                DMA_UART_RX_Int_Handler
                0x000002f8                DMA_Err_Int_Handler
                0x000002f8                Ext_Int7_Handler
                0x000002f8                DMA_ADC1_Int_Handler
                0x000002f8                PWM1_Int_Handler
                0x000002f8                WDog_Tmr_Int_Handler
                0x000002f8                Ext_Int2_Handler
                0x000002f8                ADC0_Int_Handler
                0x000002f8                DMA_I2C0_STX_Int_Handler
                0x000002f8                DMA_I2C0_MTX_Int_Handler
                0x000002f8                Default_Handler
                0x000002f8                DMA_I2C0_MRX_Int_Handler
                0x000002f8                SPI1_Int_Handler
                0x000002f8                Ext_Int0_Handler
                0x000002f8                DMA_UART_TX_Int_Handler
                0x000002f8                I2C0_Master_Int_Handler
                0x000002f8                PWM0_Int_Handler
                0x000002f8                Ext_Int4_Handler
                0x000002f8                SINC2_Int_Handler
                0x000002f8                Ext_Int3_Handler
                0x000002f8                DMA_SINC2_Int_Handler
                0x000002f8                PWMTRIP_Int_Handler
                0x000002f8                ADC1_Int_Handler
                0x000002f8                DMA_SPI1_TX_Int_Handler
                0x000002f8                Ext_Int1_Handler
                0x000002f8                DMA_ADC0_Int_Handler
                0x000002f8                Ext_Int6_Handler
                0x000002f8                SPI0_Int_Handler
                0x000002f8                DMA_DAC_Out_Int_Handler
                0x000002f8                WakeUp_Int_Handler
                0x000002f8                PWM2_Int_Handler
                0x000002f8                Flsh_Int_Handler

.inits          0x000002fc       0x2c
                0x000002fc                __data_regions_array_start = .
                0x000002fc        0x4 LONG 0x91a8 LOADADDR (.data)
                0x00000300        0x4 LONG 0x20000000 ADDR (.data)
                0x00000304        0x4 LONG 0x200000b4 (ADDR (.data) + SIZEOF (.data))
                0x00000308        0x4 LONG 0x91a8 LOADADDR (.data_CCMRAM)
                0x0000030c        0x4 LONG 0x10000000 ADDR (.data_CCMRAM)
                0x00000310        0x4 LONG 0x10000000 (ADDR (.data_CCMRAM) + SIZEOF (.data_CCMRAM))
                0x00000314                __data_regions_array_end = .
                0x00000314                __bss_regions_array_start = .
                0x00000314        0x4 LONG 0x200000b4 ADDR (.bss)
                0x00000318        0x4 LONG 0x20000558 (ADDR (.bss) + SIZEOF (.bss))
                0x0000031c        0x4 LONG 0x10000000 ADDR (.bss_CCMRAM)
                0x00000320        0x4 LONG 0x10000000 (ADDR (.bss_CCMRAM) + SIZEOF (.bss_CCMRAM))
                0x00000324                __bss_regions_array_end = .
 *(.init)
 *(.fini)
                0x00000324                . = ALIGN (0x4)
                0x00000324                PROVIDE (__preinit_array_start, .)
 *(.preinit_array_sysinit .preinit_array_sysinit.*)
 *(.preinit_array_platform .preinit_array_platform.*)
 *(.preinit_array .preinit_array.*)
                0x00000324                PROVIDE (__preinit_array_end, .)
                0x00000324                . = ALIGN (0x4)
                0x00000324                PROVIDE (__init_array_start, .)
 *(SORT(.init_array.*))
 *(.init_array)
 .init_array    0x00000324        0x4 ./src/main.o
                0x00000328                PROVIDE (__init_array_end, .)
                0x00000328                . = ALIGN (0x4)
                0x00000328                PROVIDE (__fini_array_start, .)
 *(SORT(.fini_array.*))
 *(.fini_array)
                0x00000328                PROVIDE (__fini_array_end, .)

.flashtext
 *(.flashtext .flashtext.*)

.text           0x00000328     0x8e80
 *(.text .text.*)
 .text._exit    0x00000328        0x4 ./system/src/newlib/_exit.o
                0x00000328                _exit
 .text._sbrk    0x0000032c       0x44 ./system/src/newlib/_sbrk.o
                0x0000032c                _sbrk
 .text.__initialize_args
                0x00000370       0x10 ./system/src/newlib/_syscalls.o
                0x00000370                __initialize_args
 .text._close   0x00000380       0x10 ./system/src/newlib/_syscalls.o
                0x00000380                _close
 .text._fstat   0x00000390       0x10 ./system/src/newlib/_syscalls.o
                0x00000390                _fstat
 .text._isatty  0x000003a0       0x10 ./system/src/newlib/_syscalls.o
                0x000003a0                _isatty
 .text._lseek   0x000003b0       0x10 ./system/src/newlib/_syscalls.o
                0x000003b0                _lseek
 .text._read    0x000003c0       0x10 ./system/src/newlib/_syscalls.o
                0x000003c0                _read
 .text.trace_printf
                0x000003d0       0x34 ./system/src/diag/Trace.o
                0x000003d0                trace_printf
 .text.trace_write
                0x00000404        0x8 ./system/src/diag/trace_impl.o
                0x00000404                trace_write
 .text.__initialize_hardware_early
                0x0000040c       0x18 ./system/src/cortexm/_initialize_hardware.o
                0x0000040c                __initialize_hardware_early
 .text.__initialize_hardware
                0x00000424        0x8 ./system/src/cortexm/_initialize_hardware.o
                0x00000424                __initialize_hardware
 .text.dumpExceptionStack
                0x0000042c       0xf0 ./system/src/cortexm/exception_handlers.o
                0x0000042c                dumpExceptionStack
 .text.SystemCoreClockUpdate
                0x0000051c       0x78 ./system/src/cmsis/system_ADuCM360.o
                0x0000051c                SystemCoreClockUpdate
 .text.SystemInit
                0x00000594       0x20 ./system/src/cmsis/system_ADuCM360.o
                0x00000594                SystemInit
 .text.DioCfgPin
                0x000005b4       0x20 ./system/src/aducm360/DioLib.o
                0x000005b4                DioCfgPin
 .text.DioOenPin
                0x000005d4       0x20 ./system/src/aducm360/DioLib.o
                0x000005d4                DioOenPin
 .text.DioPulPin
                0x000005f4       0x20 ./system/src/aducm360/DioLib.o
                0x000005f4                DioPulPin
 .text.DioSet   0x00000614        0x8 ./system/src/aducm360/DioLib.o
                0x00000614                DioSet
 .text.DioClr   0x0000061c        0xc ./system/src/aducm360/DioLib.o
                0x0000061c                DioClr
 .text.SpiCfg   0x00000628        0xc ./system/src/aducm360/SpiLib.o
                0x00000628                SpiCfg
 .text.SpiBaud  0x00000634        0xc ./system/src/aducm360/SpiLib.o
                0x00000634                SpiBaud
 .text.SpiRx    0x00000640        0x4 ./system/src/aducm360/SpiLib.o
                0x00000640                SpiRx
 .text.SpiTx    0x00000644        0x8 ./system/src/aducm360/SpiLib.o
                0x00000644                SpiTx
 .text.SpiSta   0x0000064c        0x8 ./system/src/aducm360/SpiLib.o
                0x0000064c                SpiSta
 .text.SpiFifoFlush
                0x00000654       0x3c ./system/src/aducm360/SpiLib.o
                0x00000654                SpiFifoFlush
 .text.UrtCfg   0x00000690       0x94 ./system/src/aducm360/UrtLib.o
                0x00000690                UrtCfg
 .text.UrtTx    0x00000724       0x14 ./system/src/aducm360/UrtLib.o
                0x00000724                UrtTx
 .text.UrtRx    0x00000738        0x4 ./system/src/aducm360/UrtLib.o
                0x00000738                UrtRx
 .text.UrtMod   0x0000073c        0xc ./system/src/aducm360/UrtLib.o
                0x0000073c                UrtMod
 .text.UrtIntCfg
                0x00000748        0x8 ./system/src/aducm360/UrtLib.o
                0x00000748                UrtIntCfg
 .text.UrtIntSta
                0x00000750        0x4 ./system/src/aducm360/UrtLib.o
                0x00000750                UrtIntSta
 .text._ZN6AD7124C2Ev
                0x00000754       0x34 ./src/AD7124.o
                0x00000754                AD7124::AD7124()
                0x00000754                AD7124::AD7124()
 .text._ZN6AD71248ReadDataEPl
                0x00000788       0x7c ./src/AD7124.o
                0x00000788                AD7124::ReadData(long*)
 .text._ZN6AD712411ComputeCRC8EPhh
                0x00000804       0x40 ./src/AD7124.o
                0x00000804                AD7124::ComputeCRC8(unsigned char*, unsigned char)
 .text._ZN6AD712420UpdateDevSpiSettingsEv
                0x00000844       0x14 ./src/AD7124.o
                0x00000844                AD7124::UpdateDevSpiSettings()
 .text._ZN6AD71248SPI_ReadEPhh
                0x00000858       0x20 ./src/AD7124.o
                0x00000858                AD7124::SPI_Read(unsigned char*, unsigned char)
 .text._ZN6AD712419NoCheckReadRegisterEPNS_14_ad7124_st_regE
                0x00000878       0xe0 ./src/AD7124.o
                0x00000878                AD7124::NoCheckReadRegister(AD7124::_ad7124_st_reg*)
 .text._ZN6AD712412ReadRegisterEPNS_14_ad7124_st_regE
                0x00000958       0x28 ./src/AD7124.o
                0x00000958                AD7124::ReadRegister(AD7124::_ad7124_st_reg*)
 .text._ZN6AD712418ReadDeviceRegisterENS_16ad7124_registersE
                0x00000980       0x1c ./src/AD7124.o
                0x00000980                AD7124::ReadDeviceRegister(AD7124::ad7124_registers)
 .text._ZN6AD712415WaitForSpiReadyEm
                0x0000099c       0x48 ./src/AD7124.o
                0x0000099c                AD7124::WaitForSpiReady(unsigned long)
 .text._ZN6AD712416WaitForConvReadyEm
                0x000009e4       0x48 ./src/AD7124.o
                0x000009e4                AD7124::WaitForConvReady(unsigned long)
 .text._ZN6AD71249SPI_WriteEPhh
                0x00000a2c       0x20 ./src/AD7124.o
                0x00000a2c                AD7124::SPI_Write(unsigned char*, unsigned char)
 .text._ZN6AD712420NoCheckWriteRegisterENS_14_ad7124_st_regE
                0x00000a4c       0x88 ./src/AD7124.o
                0x00000a4c                AD7124::NoCheckWriteRegister(AD7124::_ad7124_st_reg)
 .text._ZN6AD712413WriteRegisterENS_14_ad7124_st_regE
                0x00000ad4       0x3c ./src/AD7124.o
                0x00000ad4                AD7124::WriteRegister(AD7124::_ad7124_st_reg)
 .text._ZN6AD712419WriteDeviceRegisterENS_16ad7124_registersEm
                0x00000b10       0x24 ./src/AD7124.o
                0x00000b10                AD7124::WriteDeviceRegister(AD7124::ad7124_registers, unsigned long)
 .text._ZN6AD71245ResetEv
                0x00000b34       0x2c ./src/AD7124.o
                0x00000b34                AD7124::Reset()
 .text._ZN6AD71245SetupEv
                0x00000b60       0x5c ./src/AD7124.o
                0x00000b60                AD7124::Setup()
 .text._ZN6CN0398C2Ev
                0x00000bbc       0x54 ./src/CN0398.o
                0x00000bbc                CN0398::CN0398()
                0x00000bbc                CN0398::CN0398()
 .text._ZN6CN039823data_to_voltage_bipolarEmhf
                0x00000c10       0x3c ./src/CN0398.o
                0x00000c10                CN0398::data_to_voltage_bipolar(unsigned long, unsigned char, float)
 .text._ZN6CN039814enable_channelEi
                0x00000c4c       0x24 ./src/CN0398.o
                0x00000c4c                CN0398::enable_channel(int)
 .text._ZN6CN039815disable_channelEi
                0x00000c70       0x24 ./src/CN0398.o
                0x00000c70                CN0398::disable_channel(int)
 .text._ZN6CN039818set_digital_outputEhb
                0x00000c94       0x34 ./src/CN0398.o
                0x00000c94                CN0398::set_digital_output(unsigned char, bool)
 .text._ZN6CN039823start_single_conversionEv
                0x00000cc8       0x10 ./src/CN0398.o
                0x00000cc8                CN0398::start_single_conversion()
 .text._ZN6CN039812read_channelEh
                0x00000cd8       0x6c ./src/CN0398.o
                0x00000cd8                CN0398::read_channel(unsigned char)
 .text._ZN6CN039816calibrate_ph_pt0Ef
                0x00000d44       0xbc ./src/CN0398.o
                0x00000d44                CN0398::calibrate_ph_pt0(float)
 .text._ZN6CN039816calibrate_ph_pt1Ef
                0x00000e00       0xc0 ./src/CN0398.o
                0x00000e00                CN0398::calibrate_ph_pt1(float)
 .text._ZN6CN039819calibrate_ph_offsetEv
                0x00000ec0       0x48 ./src/CN0398.o
                0x00000ec0                CN0398::calibrate_ph_offset()
 .text._ZN6CN03988read_rtdEv
                0x00000f08      0x1cc ./src/CN0398.o
                0x00000f08                CN0398::read_rtd()
 .text._ZN6CN03987read_phEf
                0x000010d4       0x90 ./src/CN0398.o
                0x000010d4                CN0398::read_ph(float)
 *fill*         0x00001164        0x4 
 .text._ZN6CN039813read_moistureEv
                0x00001168      0x198 ./src/CN0398.o
                0x00001168                CN0398::read_moisture()
 .text._ZN6CN03985setupEv
                0x00001300        0x8 ./src/CN0398.o
                0x00001300                CN0398::setup()
 .text._ZN6CN03984initEv
                0x00001308       0x98 ./src/CN0398.o
                0x00001308                CN0398::init()
 .text._ZN6CN03988set_dataEv
                0x000013a0       0x30 ./src/CN0398.o
                0x000013a0                CN0398::set_data()
 .text._ZN6CN039812display_dataEv
                0x000013d0       0xe4 ./src/CN0398.o
                0x000013d0                CN0398::display_data()
 .text._ZN6CN039812calibrate_phEv
                0x000014b4       0x98 ./src/CN0398.o
                0x000014b4                CN0398::calibrate_ph()
 .text._ZN8SPIClass4InitEv
                0x0000154c       0x80 ./src/Communication.o
                0x0000154c                SPIClass::Init()
 .text._ZN8SPIClass5WriteEhPhh
                0x000015cc       0xa8 ./src/Communication.o
                0x000015cc                SPIClass::Write(unsigned char, unsigned char*, unsigned char)
 .text._ZN8SPIClass4ReadEhPhh
                0x00001674       0xb4 ./src/Communication.o
                0x00001674                SPIClass::Read(unsigned char, unsigned char*, unsigned char)
 .text._ZN9UARTClass4InitEv
                0x00001728       0x50 ./src/Communication.o
                0x00001728                UARTClass::Init()
 .text._ZN9UARTClass9WriteCharEc
                0x00001778       0x24 ./src/Communication.o
                0x00001778                UARTClass::WriteChar(char)
 .text._ZN9UARTClass8ReadCharEv
                0x0000179c       0x10 ./src/Communication.o
                0x0000179c                UARTClass::ReadChar()
 .text._write   0x000017ac       0x3c ./src/Communication.o
                0x000017ac                _write
 .text._ZN5Timer5sleepEm
                0x000017e8       0x14 ./src/Timer.o
                0x000017e8                Timer::sleep(unsigned long)
 .text.SysTick_Handler
                0x000017fc       0x14 ./src/Timer.o
                0x000017fc                SysTick_Handler
 .text._Z41__static_initialization_and_destruction_0ii
                0x00001810       0x1c ./src/main.o
 .text.UART_Int_Handler
                0x0000182c       0x58 ./src/main.o
                0x0000182c                UART_Int_Handler
 .text.main     0x00001884       0x6c ./src/main.o
                0x00001884                main
 .text._GLOBAL__sub_I_cn0398
                0x000018f0       0x10 ./src/main.o
 .text.pow      0x00001900      0x2f0 c:/program files (x86)/gnu tools arm embedded/4.9 2015q2/bin/../lib/gcc/arm-none-eabi/4.9.3/../../../../arm-none-eabi/lib/armv7-m\libm.a(lib_a-w_pow.o)
                0x00001900                pow
 .text.sqrt     0x00001bf0       0xac c:/program files (x86)/gnu tools arm embedded/4.9 2015q2/bin/../lib/gcc/arm-none-eabi/4.9.3/../../../../arm-none-eabi/lib/armv7-m\libm.a(lib_a-w_sqrt.o)
                0x00001bf0                sqrt
 *fill*         0x00001c9c        0x4 
 .text.__ieee754_pow
                0x00001ca0      0xaa0 c:/program files (x86)/gnu tools arm embedded/4.9 2015q2/bin/../lib/gcc/arm-none-eabi/4.9.3/../../../../arm-none-eabi/lib/armv7-m\libm.a(lib_a-e_pow.o)
                0x00001ca0                __ieee754_pow
 .text.__ieee754_sqrt
                0x00002740      0x18c c:/program files (x86)/gnu tools arm embedded/4.9 2015q2/bin/../lib/gcc/arm-none-eabi/4.9.3/../../../../arm-none-eabi/lib/armv7-m\libm.a(lib_a-e_sqrt.o)
                0x00002740                __ieee754_sqrt
 .text.fabs     0x000028cc        0x8 c:/program files (x86)/gnu tools arm embedded/4.9 2015q2/bin/../lib/gcc/arm-none-eabi/4.9.3/../../../../arm-none-eabi/lib/armv7-m\libm.a(lib_a-s_fabs.o)
                0x000028cc                fabs
 .text.finite   0x000028d4        0xc c:/program files (x86)/gnu tools arm embedded/4.9 2015q2/bin/../lib/gcc/arm-none-eabi/4.9.3/../../../../arm-none-eabi/lib/armv7-m\libm.a(lib_a-s_finite.o)
                0x000028d4                finite
 .text.__fpclassifyd
                0x000028e0       0x58 c:/program files (x86)/gnu tools arm embedded/4.9 2015q2/bin/../lib/gcc/arm-none-eabi/4.9.3/../../../../arm-none-eabi/lib/armv7-m\libm.a(lib_a-s_fpclassify.o)
                0x000028e0                __fpclassifyd
 .text.matherr  0x00002938        0x4 c:/program files (x86)/gnu tools arm embedded/4.9 2015q2/bin/../lib/gcc/arm-none-eabi/4.9.3/../../../../arm-none-eabi/lib/armv7-m\libm.a(lib_a-s_matherr.o)
                0x00002938                matherr
 .text.nan      0x0000293c        0xc c:/program files (x86)/gnu tools arm embedded/4.9 2015q2/bin/../lib/gcc/arm-none-eabi/4.9.3/../../../../arm-none-eabi/lib/armv7-m\libm.a(lib_a-s_nan.o)
                0x0000293c                nan
 .text.rint     0x00002948      0x11c c:/program files (x86)/gnu tools arm embedded/4.9 2015q2/bin/../lib/gcc/arm-none-eabi/4.9.3/../../../../arm-none-eabi/lib/armv7-m\libm.a(lib_a-s_rint.o)
                0x00002948                rint
 *fill*         0x00002a64        0x4 
 .text.scalbn   0x00002a68       0xec c:/program files (x86)/gnu tools arm embedded/4.9 2015q2/bin/../lib/gcc/arm-none-eabi/4.9.3/../../../../arm-none-eabi/lib/armv7-m\libm.a(lib_a-s_scalbn.o)
                0x00002a68                scalbn
 .text.copysign
                0x00002b54       0x10 c:/program files (x86)/gnu tools arm embedded/4.9 2015q2/bin/../lib/gcc/arm-none-eabi/4.9.3/../../../../arm-none-eabi/lib/armv7-m\libm.a(lib_a-s_copysign.o)
                0x00002b54                copysign
 .text          0x00002b64      0x370 c:/program files (x86)/gnu tools arm embedded/4.9 2015q2/bin/../lib/gcc/arm-none-eabi/4.9.3/armv7-m\libgcc.a(_arm_addsubdf3.o)
                0x00002b64                __aeabi_drsub
                0x00002b6c                __aeabi_dsub
                0x00002b6c                __subdf3
                0x00002b70                __aeabi_dadd
                0x00002b70                __adddf3
                0x00002de8                __floatunsidf
                0x00002de8                __aeabi_ui2d
                0x00002e08                __floatsidf
                0x00002e08                __aeabi_i2d
                0x00002e2c                __aeabi_f2d
                0x00002e2c                __extendsfdf2
                0x00002e68                __floatundidf
                0x00002e68                __aeabi_ul2d
                0x00002e78                __floatdidf
                0x00002e78                __aeabi_l2d
 .text          0x00002ed4      0x424 c:/program files (x86)/gnu tools arm embedded/4.9 2015q2/bin/../lib/gcc/arm-none-eabi/4.9.3/armv7-m\libgcc.a(_arm_muldivdf3.o)
                0x00002ed4                __aeabi_dmul
                0x00002ed4                __muldf3
                0x00003128                __divdf3
                0x00003128                __aeabi_ddiv
 .text          0x000032f8      0x110 c:/program files (x86)/gnu tools arm embedded/4.9 2015q2/bin/../lib/gcc/arm-none-eabi/4.9.3/armv7-m\libgcc.a(_arm_cmpdf2.o)
                0x000032f8                __gtdf2
                0x000032f8                __gedf2
                0x00003300                __ltdf2
                0x00003300                __ledf2
                0x00003308                __nedf2
                0x00003308                __eqdf2
                0x00003308                __cmpdf2
                0x00003384                __aeabi_cdrcmple
                0x00003394                __aeabi_cdcmpeq
                0x00003394                __aeabi_cdcmple
                0x000033a4                __aeabi_dcmpeq
                0x000033b8                __aeabi_dcmplt
                0x000033cc                __aeabi_dcmple
                0x000033e0                __aeabi_dcmpge
                0x000033f4                __aeabi_dcmpgt
 .text          0x00003408       0xa0 c:/program files (x86)/gnu tools arm embedded/4.9 2015q2/bin/../lib/gcc/arm-none-eabi/4.9.3/armv7-m\libgcc.a(_arm_truncdfsf2.o)
                0x00003408                __truncdfsf2
                0x00003408                __aeabi_d2f
 .text          0x000034a8      0x21c c:/program files (x86)/gnu tools arm embedded/4.9 2015q2/bin/../lib/gcc/arm-none-eabi/4.9.3/armv7-m\libgcc.a(_arm_addsubsf3.o)
                0x000034a8                __aeabi_frsub
                0x000034b0                __subsf3
                0x000034b0                __aeabi_fsub
                0x000034b4                __aeabi_fadd
                0x000034b4                __addsf3
                0x00003614                __aeabi_ui2f
                0x00003614                __floatunsisf
                0x0000361c                __aeabi_i2f
                0x0000361c                __floatsisf
                0x00003638                __aeabi_ul2f
                0x00003638                __floatundisf
                0x00003648                __aeabi_l2f
                0x00003648                __floatdisf
 .text          0x000036c4      0x2a0 c:/program files (x86)/gnu tools arm embedded/4.9 2015q2/bin/../lib/gcc/arm-none-eabi/4.9.3/armv7-m\libgcc.a(_arm_muldivsf3.o)
                0x000036c4                __mulsf3
                0x000036c4                __aeabi_fmul
                0x0000382c                __aeabi_fdiv
                0x0000382c                __divsf3
 .text          0x00003964       0xec c:/program files (x86)/gnu tools arm embedded/4.9 2015q2/bin/../lib/gcc/arm-none-eabi/4.9.3/armv7-m\libgcc.a(_arm_cmpsf2.o)
                0x00003964                __gesf2
                0x00003964                __gtsf2
                0x0000396c                __lesf2
                0x0000396c                __ltsf2
                0x00003974                __nesf2
                0x00003974                __eqsf2
                0x00003974                __cmpsf2
                0x000039d4                __aeabi_cfrcmple
                0x000039dc                __aeabi_cfcmpeq
                0x000039dc                __aeabi_cfcmple
                0x000039ec                __aeabi_fcmpeq
                0x00003a00                __aeabi_fcmplt
                0x00003a14                __aeabi_fcmple
                0x00003a28                __aeabi_fcmpge
                0x00003a3c                __aeabi_fcmpgt
 .text.__errno  0x00003a50        0xc c:/program files (x86)/gnu tools arm embedded/4.9 2015q2/bin/../lib/gcc/arm-none-eabi/4.9.3/../../../../arm-none-eabi/lib/armv7-m\libg_nano.a(lib_a-errno.o)
                0x00003a50                __errno
 .text.memcpy   0x00003a5c       0x16 c:/program files (x86)/gnu tools arm embedded/4.9 2015q2/bin/../lib/gcc/arm-none-eabi/4.9.3/../../../../arm-none-eabi/lib/armv7-m\libg_nano.a(lib_a-memcpy.o)
                0x00003a5c                memcpy
 .text.memset   0x00003a72       0x10 c:/program files (x86)/gnu tools arm embedded/4.9 2015q2/bin/../lib/gcc/arm-none-eabi/4.9.3/../../../../arm-none-eabi/lib/armv7-m\libg_nano.a(lib_a-memset.o)
                0x00003a72                memset
 .text.__cvt    0x00003a82       0xbc c:/program files (x86)/gnu tools arm embedded/4.9 2015q2/bin/../lib/gcc/arm-none-eabi/4.9.3/../../../../arm-none-eabi/lib/armv7-m\libg_nano.a(lib_a-nano-vfprintf_float.o)
                0x00003a82                __cvt
 .text.__exponent
                0x00003b3e       0x62 c:/program files (x86)/gnu tools arm embedded/4.9 2015q2/bin/../lib/gcc/arm-none-eabi/4.9.3/../../../../arm-none-eabi/lib/armv7-m\libg_nano.a(lib_a-nano-vfprintf_float.o)
                0x00003b3e                __exponent
 .text._printf_float
                0x00003ba0      0x48c c:/program files (x86)/gnu tools arm embedded/4.9 2015q2/bin/../lib/gcc/arm-none-eabi/4.9.3/../../../../arm-none-eabi/lib/armv7-m\libg_nano.a(lib_a-nano-vfprintf_float.o)
                0x00003ba0                _printf_float
 .text._printf_common
                0x0000402c       0xea c:/program files (x86)/gnu tools arm embedded/4.9 2015q2/bin/../lib/gcc/arm-none-eabi/4.9.3/../../../../arm-none-eabi/lib/armv7-m\libg_nano.a(lib_a-nano-vfprintf_i.o)
                0x0000402c                _printf_common
 *fill*         0x00004116        0x2 
 .text._printf_i
                0x00004118      0x240 c:/program files (x86)/gnu tools arm embedded/4.9 2015q2/bin/../lib/gcc/arm-none-eabi/4.9.3/../../../../arm-none-eabi/lib/armv7-m\libg_nano.a(lib_a-nano-vfprintf_i.o)
                0x00004118                _printf_i
 .text._scanf_float
                0x00004358      0x3cc c:/program files (x86)/gnu tools arm embedded/4.9 2015q2/bin/../lib/gcc/arm-none-eabi/4.9.3/../../../../arm-none-eabi/lib/armv7-m\libg_nano.a(lib_a-nano-vfscanf_float.o)
                0x00004358                _scanf_float
 .text.printf   0x00004724       0x30 c:/program files (x86)/gnu tools arm embedded/4.9 2015q2/bin/../lib/gcc/arm-none-eabi/4.9.3/../../../../arm-none-eabi/lib/armv7-m\libg_nano.a(lib_a-printf.o)
                0x00004724                iprintf
                0x00004724                printf
 .text.putchar  0x00004754       0x28 c:/program files (x86)/gnu tools arm embedded/4.9 2015q2/bin/../lib/gcc/arm-none-eabi/4.9.3/../../../../arm-none-eabi/lib/armv7-m\libg_nano.a(lib_a-putchar.o)
                0x00004754                putchar
 .text._puts_r  0x0000477c       0xbc c:/program files (x86)/gnu tools arm embedded/4.9 2015q2/bin/../lib/gcc/arm-none-eabi/4.9.3/../../../../arm-none-eabi/lib/armv7-m\libg_nano.a(lib_a-puts.o)
                0x0000477c                _puts_r
 .text.puts     0x00004838       0x10 c:/program files (x86)/gnu tools arm embedded/4.9 2015q2/bin/../lib/gcc/arm-none-eabi/4.9.3/../../../../arm-none-eabi/lib/armv7-m\libg_nano.a(lib_a-puts.o)
                0x00004838                puts
 .text.nanf     0x00004848        0x8 c:/program files (x86)/gnu tools arm embedded/4.9 2015q2/bin/../lib/gcc/arm-none-eabi/4.9.3/../../../../arm-none-eabi/lib/armv7-m\libg_nano.a(lib_a-sf_nan.o)
                0x00004848                nanf
 .text.sprintf  0x00004850       0x48 c:/program files (x86)/gnu tools arm embedded/4.9 2015q2/bin/../lib/gcc/arm-none-eabi/4.9.3/../../../../arm-none-eabi/lib/armv7-m\libg_nano.a(lib_a-sprintf.o)
                0x00004850                siprintf
                0x00004850                sprintf
 .text.strlen   0x00004898       0x10 c:/program files (x86)/gnu tools arm embedded/4.9 2015q2/bin/../lib/gcc/arm-none-eabi/4.9.3/../../../../arm-none-eabi/lib/armv7-m\libg_nano.a(lib_a-strlen.o)
                0x00004898                strlen
 .text.match    0x000048a8       0x26 c:/program files (x86)/gnu tools arm embedded/4.9 2015q2/bin/../lib/gcc/arm-none-eabi/4.9.3/../../../../arm-none-eabi/lib/armv7-m\libg_nano.a(lib_a-strtod.o)
 .text.sulp     0x000048ce       0x42 c:/program files (x86)/gnu tools arm embedded/4.9 2015q2/bin/../lib/gcc/arm-none-eabi/4.9.3/../../../../arm-none-eabi/lib/armv7-m\libg_nano.a(lib_a-strtod.o)
 .text._strtod_r
                0x00004910      0xc3c c:/program files (x86)/gnu tools arm embedded/4.9 2015q2/bin/../lib/gcc/arm-none-eabi/4.9.3/../../../../arm-none-eabi/lib/armv7-m\libg_nano.a(lib_a-strtod.o)
                0x00004910                _strtod_r
 .text._strtol_r
                0x0000554c      0x10c c:/program files (x86)/gnu tools arm embedded/4.9 2015q2/bin/../lib/gcc/arm-none-eabi/4.9.3/../../../../arm-none-eabi/lib/armv7-m\libg_nano.a(lib_a-strtol.o)
                0x0000554c                _strtol_r
 .text._vsnprintf_r
                0x00005658       0x52 c:/program files (x86)/gnu tools arm embedded/4.9 2015q2/bin/../lib/gcc/arm-none-eabi/4.9.3/../../../../arm-none-eabi/lib/armv7-m\libg_nano.a(lib_a-vsnprintf.o)
                0x00005658                _vsniprintf_r
                0x00005658                _vsnprintf_r
 *fill*         0x000056aa        0x2 
 .text.vsnprintf
                0x000056ac       0x20 c:/program files (x86)/gnu tools arm embedded/4.9 2015q2/bin/../lib/gcc/arm-none-eabi/4.9.3/../../../../arm-none-eabi/lib/armv7-m\libg_nano.a(lib_a-vsnprintf.o)
                0x000056ac                vsniprintf
                0x000056ac                vsnprintf
 .text.__swbuf_r
                0x000056cc       0xa8 c:/program files (x86)/gnu tools arm embedded/4.9 2015q2/bin/../lib/gcc/arm-none-eabi/4.9.3/../../../../arm-none-eabi/lib/armv7-m\libg_nano.a(lib_a-wbuf.o)
                0x000056cc                __swbuf_r
 .text.__swsetup_r
                0x00005774       0xd8 c:/program files (x86)/gnu tools arm embedded/4.9 2015q2/bin/../lib/gcc/arm-none-eabi/4.9.3/../../../../arm-none-eabi/lib/armv7-m\libg_nano.a(lib_a-wsetup.o)
                0x00005774                __swsetup_r
 .text.quorem   0x0000584c      0x114 c:/program files (x86)/gnu tools arm embedded/4.9 2015q2/bin/../lib/gcc/arm-none-eabi/4.9.3/../../../../arm-none-eabi/lib/armv7-m\libg_nano.a(lib_a-dtoa.o)
 .text._dtoa_r  0x00005960      0xb74 c:/program files (x86)/gnu tools arm embedded/4.9 2015q2/bin/../lib/gcc/arm-none-eabi/4.9.3/../../../../arm-none-eabi/lib/armv7-m\libg_nano.a(lib_a-dtoa.o)
                0x00005960                _dtoa_r
 .text.__sflush_r
                0x000064d4      0x106 c:/program files (x86)/gnu tools arm embedded/4.9 2015q2/bin/../lib/gcc/arm-none-eabi/4.9.3/../../../../arm-none-eabi/lib/armv7-m\libg_nano.a(lib_a-fflush.o)
                0x000064d4                __sflush_r
 *fill*         0x000065da        0x2 
 .text._fflush_r
                0x000065dc       0x54 c:/program files (x86)/gnu tools arm embedded/4.9 2015q2/bin/../lib/gcc/arm-none-eabi/4.9.3/../../../../arm-none-eabi/lib/armv7-m\libg_nano.a(lib_a-fflush.o)
                0x000065dc                _fflush_r
 .text._cleanup_r
                0x00006630        0xc c:/program files (x86)/gnu tools arm embedded/4.9 2015q2/bin/../lib/gcc/arm-none-eabi/4.9.3/../../../../arm-none-eabi/lib/armv7-m\libg_nano.a(lib_a-findfp.o)
                0x00006630                _cleanup_r
 .text.std.isra.0
                0x0000663c       0x48 c:/program files (x86)/gnu tools arm embedded/4.9 2015q2/bin/../lib/gcc/arm-none-eabi/4.9.3/../../../../arm-none-eabi/lib/armv7-m\libg_nano.a(lib_a-findfp.o)
 .text.__sfmoreglue
                0x00006684       0x2c c:/program files (x86)/gnu tools arm embedded/4.9 2015q2/bin/../lib/gcc/arm-none-eabi/4.9.3/../../../../arm-none-eabi/lib/armv7-m\libg_nano.a(lib_a-findfp.o)
                0x00006684                __sfmoreglue
 .text.__sinit  0x000066b0       0x60 c:/program files (x86)/gnu tools arm embedded/4.9 2015q2/bin/../lib/gcc/arm-none-eabi/4.9.3/../../../../arm-none-eabi/lib/armv7-m\libg_nano.a(lib_a-findfp.o)
                0x000066b0                __sinit
 .text.__sfp    0x00006710       0x74 c:/program files (x86)/gnu tools arm embedded/4.9 2015q2/bin/../lib/gcc/arm-none-eabi/4.9.3/../../../../arm-none-eabi/lib/armv7-m\libg_nano.a(lib_a-findfp.o)
                0x00006710                __sfp
 .text._fwalk_reent
                0x00006784       0x3c c:/program files (x86)/gnu tools arm embedded/4.9 2015q2/bin/../lib/gcc/arm-none-eabi/4.9.3/../../../../arm-none-eabi/lib/armv7-m\libg_nano.a(lib_a-fwalk.o)
                0x00006784                _fwalk_reent
 .text.rshift   0x000067c0       0x6c c:/program files (x86)/gnu tools arm embedded/4.9 2015q2/bin/../lib/gcc/arm-none-eabi/4.9.3/../../../../arm-none-eabi/lib/armv7-m\libg_nano.a(lib_a-gdtoa-gethex.o)
 .text.__hexdig_fun
                0x0000682c       0x2a c:/program files (x86)/gnu tools arm embedded/4.9 2015q2/bin/../lib/gcc/arm-none-eabi/4.9.3/../../../../arm-none-eabi/lib/armv7-m\libg_nano.a(lib_a-gdtoa-gethex.o)
                0x0000682c                __hexdig_fun
 .text.__gethex
                0x00006856      0x44a c:/program files (x86)/gnu tools arm embedded/4.9 2015q2/bin/../lib/gcc/arm-none-eabi/4.9.3/../../../../arm-none-eabi/lib/armv7-m\libg_nano.a(lib_a-gdtoa-gethex.o)
                0x00006856                __gethex
 .text.L_shift  0x00006ca0       0x24 c:/program files (x86)/gnu tools arm embedded/4.9 2015q2/bin/../lib/gcc/arm-none-eabi/4.9.3/../../../../arm-none-eabi/lib/armv7-m\libg_nano.a(lib_a-gdtoa-hexnan.o)
 .text.__hexnan
                0x00006cc4      0x114 c:/program files (x86)/gnu tools arm embedded/4.9 2015q2/bin/../lib/gcc/arm-none-eabi/4.9.3/../../../../arm-none-eabi/lib/armv7-m\libg_nano.a(lib_a-gdtoa-hexnan.o)
                0x00006cc4                __hexnan
 .text._localeconv_r
                0x00006dd8        0x8 c:/program files (x86)/gnu tools arm embedded/4.9 2015q2/bin/../lib/gcc/arm-none-eabi/4.9.3/../../../../arm-none-eabi/lib/armv7-m\libg_nano.a(lib_a-locale.o)
                0x00006dd8                _localeconv_r
 .text.__smakebuf_r
                0x00006de0       0x98 c:/program files (x86)/gnu tools arm embedded/4.9 2015q2/bin/../lib/gcc/arm-none-eabi/4.9.3/../../../../arm-none-eabi/lib/armv7-m\libg_nano.a(lib_a-makebuf.o)
                0x00006de0                __smakebuf_r
 .text.malloc   0x00006e78       0x10 c:/program files (x86)/gnu tools arm embedded/4.9 2015q2/bin/../lib/gcc/arm-none-eabi/4.9.3/../../../../arm-none-eabi/lib/armv7-m\libg_nano.a(lib_a-malloc.o)
                0x00006e78                malloc
 .text.memchr   0x00006e88       0x1c c:/program files (x86)/gnu tools arm embedded/4.9 2015q2/bin/../lib/gcc/arm-none-eabi/4.9.3/../../../../arm-none-eabi/lib/armv7-m\libg_nano.a(lib_a-memchr.o)
                0x00006e88                memchr
 .text._Balloc  0x00006ea4       0x6a c:/program files (x86)/gnu tools arm embedded/4.9 2015q2/bin/../lib/gcc/arm-none-eabi/4.9.3/../../../../arm-none-eabi/lib/armv7-m\libg_nano.a(lib_a-mprec.o)
                0x00006ea4                _Balloc
 .text._Bfree   0x00006f0e       0x2e c:/program files (x86)/gnu tools arm embedded/4.9 2015q2/bin/../lib/gcc/arm-none-eabi/4.9.3/../../../../arm-none-eabi/lib/armv7-m\libg_nano.a(lib_a-mprec.o)
                0x00006f0e                _Bfree
 .text.__multadd
                0x00006f3c       0x7c c:/program files (x86)/gnu tools arm embedded/4.9 2015q2/bin/../lib/gcc/arm-none-eabi/4.9.3/../../../../arm-none-eabi/lib/armv7-m\libg_nano.a(lib_a-mprec.o)
                0x00006f3c                __multadd
 .text.__s2b    0x00006fb8       0x80 c:/program files (x86)/gnu tools arm embedded/4.9 2015q2/bin/../lib/gcc/arm-none-eabi/4.9.3/../../../../arm-none-eabi/lib/armv7-m\libg_nano.a(lib_a-mprec.o)
                0x00006fb8                __s2b
 .text.__hi0bits
                0x00007038       0x40 c:/program files (x86)/gnu tools arm embedded/4.9 2015q2/bin/../lib/gcc/arm-none-eabi/4.9.3/../../../../arm-none-eabi/lib/armv7-m\libg_nano.a(lib_a-mprec.o)
                0x00007038                __hi0bits
 .text.__lo0bits
                0x00007078       0x5a c:/program files (x86)/gnu tools arm embedded/4.9 2015q2/bin/../lib/gcc/arm-none-eabi/4.9.3/../../../../arm-none-eabi/lib/armv7-m\libg_nano.a(lib_a-mprec.o)
                0x00007078                __lo0bits
 .text.__i2b    0x000070d2       0x12 c:/program files (x86)/gnu tools arm embedded/4.9 2015q2/bin/../lib/gcc/arm-none-eabi/4.9.3/../../../../arm-none-eabi/lib/armv7-m\libg_nano.a(lib_a-mprec.o)
                0x000070d2                __i2b
 .text.__multiply
                0x000070e4      0x120 c:/program files (x86)/gnu tools arm embedded/4.9 2015q2/bin/../lib/gcc/arm-none-eabi/4.9.3/../../../../arm-none-eabi/lib/armv7-m\libg_nano.a(lib_a-mprec.o)
                0x000070e4                __multiply
 .text.__pow5mult
                0x00007204       0x9c c:/program files (x86)/gnu tools arm embedded/4.9 2015q2/bin/../lib/gcc/arm-none-eabi/4.9.3/../../../../arm-none-eabi/lib/armv7-m\libg_nano.a(lib_a-mprec.o)
                0x00007204                __pow5mult
 .text.__lshift
                0x000072a0       0xa6 c:/program files (x86)/gnu tools arm embedded/4.9 2015q2/bin/../lib/gcc/arm-none-eabi/4.9.3/../../../../arm-none-eabi/lib/armv7-m\libg_nano.a(lib_a-mprec.o)
                0x000072a0                __lshift
 .text.__mcmp   0x00007346       0x38 c:/program files (x86)/gnu tools arm embedded/4.9 2015q2/bin/../lib/gcc/arm-none-eabi/4.9.3/../../../../arm-none-eabi/lib/armv7-m\libg_nano.a(lib_a-mprec.o)
                0x00007346                __mcmp
 .text.__mdiff  0x0000737e       0xbe c:/program files (x86)/gnu tools arm embedded/4.9 2015q2/bin/../lib/gcc/arm-none-eabi/4.9.3/../../../../arm-none-eabi/lib/armv7-m\libg_nano.a(lib_a-mprec.o)
                0x0000737e                __mdiff
 .text.__ulp    0x0000743c       0x48 c:/program files (x86)/gnu tools arm embedded/4.9 2015q2/bin/../lib/gcc/arm-none-eabi/4.9.3/../../../../arm-none-eabi/lib/armv7-m\libg_nano.a(lib_a-mprec.o)
                0x0000743c                __ulp
 .text.__b2d    0x00007484       0x9e c:/program files (x86)/gnu tools arm embedded/4.9 2015q2/bin/../lib/gcc/arm-none-eabi/4.9.3/../../../../arm-none-eabi/lib/armv7-m\libg_nano.a(lib_a-mprec.o)
                0x00007484                __b2d
 .text.__d2b    0x00007522       0xa4 c:/program files (x86)/gnu tools arm embedded/4.9 2015q2/bin/../lib/gcc/arm-none-eabi/4.9.3/../../../../arm-none-eabi/lib/armv7-m\libg_nano.a(lib_a-mprec.o)
                0x00007522                __d2b
 .text.__ratio  0x000075c6       0x50 c:/program files (x86)/gnu tools arm embedded/4.9 2015q2/bin/../lib/gcc/arm-none-eabi/4.9.3/../../../../arm-none-eabi/lib/armv7-m\libg_nano.a(lib_a-mprec.o)
                0x000075c6                __ratio
 .text.__copybits
                0x00007616       0x34 c:/program files (x86)/gnu tools arm embedded/4.9 2015q2/bin/../lib/gcc/arm-none-eabi/4.9.3/../../../../arm-none-eabi/lib/armv7-m\libg_nano.a(lib_a-mprec.o)
                0x00007616                __copybits
 .text.__any_on
                0x0000764a       0x44 c:/program files (x86)/gnu tools arm embedded/4.9 2015q2/bin/../lib/gcc/arm-none-eabi/4.9.3/../../../../arm-none-eabi/lib/armv7-m\libg_nano.a(lib_a-mprec.o)
                0x0000764a                __any_on
 .text._calloc_r
                0x0000768e       0x1c c:/program files (x86)/gnu tools arm embedded/4.9 2015q2/bin/../lib/gcc/arm-none-eabi/4.9.3/../../../../arm-none-eabi/lib/armv7-m\libg_nano.a(lib_a-nano-callocr.o)
                0x0000768e                _calloc_r
 *fill*         0x000076aa        0x2 
 .text._free_r  0x000076ac       0x88 c:/program files (x86)/gnu tools arm embedded/4.9 2015q2/bin/../lib/gcc/arm-none-eabi/4.9.3/../../../../arm-none-eabi/lib/armv7-m\libg_nano.a(lib_a-nano-freer.o)
                0x000076ac                _free_r
 .text._malloc_r
                0x00007734       0xac c:/program files (x86)/gnu tools arm embedded/4.9 2015q2/bin/../lib/gcc/arm-none-eabi/4.9.3/../../../../arm-none-eabi/lib/armv7-m\libg_nano.a(lib_a-nano-mallocr.o)
                0x00007734                _malloc_r
 .text.__ssputs_r
                0x000077e0       0xb2 c:/program files (x86)/gnu tools arm embedded/4.9 2015q2/bin/../lib/gcc/arm-none-eabi/4.9.3/../../../../arm-none-eabi/lib/armv7-m\libg_nano.a(lib_a-nano-svfprintf.o)
                0x000077e0                __ssputs_r
 *fill*         0x00007892        0x2 
 .text._svfprintf_r
                0x00007894      0x1e4 c:/program files (x86)/gnu tools arm embedded/4.9 2015q2/bin/../lib/gcc/arm-none-eabi/4.9.3/../../../../arm-none-eabi/lib/armv7-m\libg_nano.a(lib_a-nano-svfprintf.o)
                0x00007894                _svfiprintf_r
                0x00007894                _svfprintf_r
 .text.__sfputc_r
                0x00007a78       0x2c c:/program files (x86)/gnu tools arm embedded/4.9 2015q2/bin/../lib/gcc/arm-none-eabi/4.9.3/../../../../arm-none-eabi/lib/armv7-m\libg_nano.a(lib_a-nano-vfprintf.o)
 .text.__sfputs_r
                0x00007aa4       0x24 c:/program files (x86)/gnu tools arm embedded/4.9 2015q2/bin/../lib/gcc/arm-none-eabi/4.9.3/../../../../arm-none-eabi/lib/armv7-m\libg_nano.a(lib_a-nano-vfprintf.o)
                0x00007aa4                __sfputs_r
 .text._vfprintf_r
                0x00007ac8      0x210 c:/program files (x86)/gnu tools arm embedded/4.9 2015q2/bin/../lib/gcc/arm-none-eabi/4.9.3/../../../../arm-none-eabi/lib/armv7-m\libg_nano.a(lib_a-nano-vfprintf.o)
                0x00007ac8                _vfprintf_r
                0x00007ac8                _vfiprintf_r
 .text._putc_r  0x00007cd8       0x78 c:/program files (x86)/gnu tools arm embedded/4.9 2015q2/bin/../lib/gcc/arm-none-eabi/4.9.3/../../../../arm-none-eabi/lib/armv7-m\libg_nano.a(lib_a-putc.o)
                0x00007cd8                _putc_r
 .text._sbrk_r  0x00007d50       0x20 c:/program files (x86)/gnu tools arm embedded/4.9 2015q2/bin/../lib/gcc/arm-none-eabi/4.9.3/../../../../arm-none-eabi/lib/armv7-m\libg_nano.a(lib_a-sbrkr.o)
                0x00007d50                _sbrk_r
 .text.__sread  0x00007d70       0x22 c:/program files (x86)/gnu tools arm embedded/4.9 2015q2/bin/../lib/gcc/arm-none-eabi/4.9.3/../../../../arm-none-eabi/lib/armv7-m\libg_nano.a(lib_a-stdio.o)
                0x00007d70                __sread
 .text.__swrite
                0x00007d92       0x38 c:/program files (x86)/gnu tools arm embedded/4.9 2015q2/bin/../lib/gcc/arm-none-eabi/4.9.3/../../../../arm-none-eabi/lib/armv7-m\libg_nano.a(lib_a-stdio.o)
                0x00007d92                __swrite
 .text.__sseek  0x00007dca       0x24 c:/program files (x86)/gnu tools arm embedded/4.9 2015q2/bin/../lib/gcc/arm-none-eabi/4.9.3/../../../../arm-none-eabi/lib/armv7-m\libg_nano.a(lib_a-stdio.o)
                0x00007dca                __sseek
 .text.__sclose
                0x00007dee        0x8 c:/program files (x86)/gnu tools arm embedded/4.9 2015q2/bin/../lib/gcc/arm-none-eabi/4.9.3/../../../../arm-none-eabi/lib/armv7-m\libg_nano.a(lib_a-stdio.o)
                0x00007dee                __sclose
 .text.strncmp  0x00007df6       0x32 c:/program files (x86)/gnu tools arm embedded/4.9 2015q2/bin/../lib/gcc/arm-none-eabi/4.9.3/../../../../arm-none-eabi/lib/armv7-m\libg_nano.a(lib_a-strncmp.o)
                0x00007df6                strncmp
 .text._write_r
                0x00007e28       0x24 c:/program files (x86)/gnu tools arm embedded/4.9 2015q2/bin/../lib/gcc/arm-none-eabi/4.9.3/../../../../arm-none-eabi/lib/armv7-m\libg_nano.a(lib_a-writer.o)
                0x00007e28                _write_r
 .text._close_r
                0x00007e4c       0x20 c:/program files (x86)/gnu tools arm embedded/4.9 2015q2/bin/../lib/gcc/arm-none-eabi/4.9.3/../../../../arm-none-eabi/lib/armv7-m\libg_nano.a(lib_a-closer.o)
                0x00007e4c                _close_r
 .text._fstat_r
                0x00007e6c       0x24 c:/program files (x86)/gnu tools arm embedded/4.9 2015q2/bin/../lib/gcc/arm-none-eabi/4.9.3/../../../../arm-none-eabi/lib/armv7-m\libg_nano.a(lib_a-fstatr.o)
                0x00007e6c                _fstat_r
 .text._isatty_r
                0x00007e90       0x20 c:/program files (x86)/gnu tools arm embedded/4.9 2015q2/bin/../lib/gcc/arm-none-eabi/4.9.3/../../../../arm-none-eabi/lib/armv7-m\libg_nano.a(lib_a-isattyr.o)
                0x00007e90                _isatty_r
 .text._lseek_r
                0x00007eb0       0x24 c:/program files (x86)/gnu tools arm embedded/4.9 2015q2/bin/../lib/gcc/arm-none-eabi/4.9.3/../../../../arm-none-eabi/lib/armv7-m\libg_nano.a(lib_a-lseekr.o)
                0x00007eb0                _lseek_r
 .text.memmove  0x00007ed4       0x36 c:/program files (x86)/gnu tools arm embedded/4.9 2015q2/bin/../lib/gcc/arm-none-eabi/4.9.3/../../../../arm-none-eabi/lib/armv7-m\libg_nano.a(lib_a-memmove.o)
                0x00007ed4                memmove
 .text._realloc_r
                0x00007f0a       0x4c c:/program files (x86)/gnu tools arm embedded/4.9 2015q2/bin/../lib/gcc/arm-none-eabi/4.9.3/../../../../arm-none-eabi/lib/armv7-m\libg_nano.a(lib_a-nano-reallocr.o)
                0x00007f0a                _realloc_r
 *fill*         0x00007f56        0x2 
 .text._read_r  0x00007f58       0x24 c:/program files (x86)/gnu tools arm embedded/4.9 2015q2/bin/../lib/gcc/arm-none-eabi/4.9.3/../../../../arm-none-eabi/lib/armv7-m\libg_nano.a(lib_a-readr.o)
                0x00007f58                _read_r
 .text._malloc_usable_size_r
                0x00007f7c       0x14 c:/program files (x86)/gnu tools arm embedded/4.9 2015q2/bin/../lib/gcc/arm-none-eabi/4.9.3/../../../../arm-none-eabi/lib/armv7-m\libg_nano.a(lib_a-nano-msizer.o)
                0x00007f7c                _malloc_usable_size_r
 .text          0x00007f90       0x50 c:/program files (x86)/gnu tools arm embedded/4.9 2015q2/bin/../lib/gcc/arm-none-eabi/4.9.3/armv7-m\libgcc.a(_arm_fixdfsi.o)
                0x00007f90                __aeabi_d2iz
                0x00007f90                __fixdfsi
 .text          0x00007fe0       0x40 c:/program files (x86)/gnu tools arm embedded/4.9 2015q2/bin/../lib/gcc/arm-none-eabi/4.9.3/armv7-m\libgcc.a(_arm_fixunsdfsi.o)
                0x00007fe0                __aeabi_d2uiz
                0x00007fe0                __fixunsdfsi
 *(.rodata .rodata.* .constdata .constdata.*)
 .rodata.str1.4
                0x00008020      0x146 ./system/src/cortexm/exception_handlers.o
 *fill*         0x00008166        0x2 
 .rodata        0x00008168      0x398 ./src/AD7124.o
 .rodata        0x00008500       0x10 ./src/CN0398.o
 .rodata.str1.4
                0x00008510      0x242 ./src/CN0398.o
 *fill*         0x00008752        0x2 
 .rodata._ZL15ph_temperatures
                0x00008754       0x1f ./src/CN0398.o
 *fill*         0x00008773        0x1 
 .rodata._ZL11ph_temp_lut
                0x00008774      0x6c8 ./src/CN0398.o
 .rodata.str1.4
                0x00008e3c        0x4 c:/program files (x86)/gnu tools arm embedded/4.9 2015q2/bin/../lib/gcc/arm-none-eabi/4.9.3/../../../../arm-none-eabi/lib/armv7-m\libm.a(lib_a-w_pow.o)
 .rodata.str1.4
                0x00008e40        0x5 c:/program files (x86)/gnu tools arm embedded/4.9 2015q2/bin/../lib/gcc/arm-none-eabi/4.9.3/../../../../arm-none-eabi/lib/armv7-m\libm.a(lib_a-w_sqrt.o)
 *fill*         0x00008e45        0x3 
 .rodata.dp_h   0x00008e48       0x10 c:/program files (x86)/gnu tools arm embedded/4.9 2015q2/bin/../lib/gcc/arm-none-eabi/4.9.3/../../../../arm-none-eabi/lib/armv7-m\libm.a(lib_a-e_pow.o)
 .rodata.dp_l   0x00008e58       0x10 c:/program files (x86)/gnu tools arm embedded/4.9 2015q2/bin/../lib/gcc/arm-none-eabi/4.9.3/../../../../arm-none-eabi/lib/armv7-m\libm.a(lib_a-e_pow.o)
 .rodata.bp     0x00008e68       0x10 c:/program files (x86)/gnu tools arm embedded/4.9 2015q2/bin/../lib/gcc/arm-none-eabi/4.9.3/../../../../arm-none-eabi/lib/armv7-m\libm.a(lib_a-e_pow.o)
 .rodata.str1.4
                0x00000000        0x8 c:/program files (x86)/gnu tools arm embedded/4.9 2015q2/bin/../lib/gcc/arm-none-eabi/4.9.3/../../../../arm-none-eabi/lib/armv7-m\libm.a(lib_a-e_pow.o)
                                  0x1 (size before relaxing)
 .rodata.TWO52  0x00008e78       0x10 c:/program files (x86)/gnu tools arm embedded/4.9 2015q2/bin/../lib/gcc/arm-none-eabi/4.9.3/../../../../arm-none-eabi/lib/armv7-m\libm.a(lib_a-s_rint.o)
 .rodata.str1.1
                0x00008e88        0x2 c:/program files (x86)/gnu tools arm embedded/4.9 2015q2/bin/../lib/gcc/arm-none-eabi/4.9.3/../../../../arm-none-eabi/lib/armv7-m\libg_nano.a(lib_a-impure.o)
 *fill*         0x00008e8a        0x2 
 .rodata._global_impure_ptr
                0x00008e8c        0x4 c:/program files (x86)/gnu tools arm embedded/4.9 2015q2/bin/../lib/gcc/arm-none-eabi/4.9.3/../../../../arm-none-eabi/lib/armv7-m\libg_nano.a(lib_a-impure.o)
                0x00008e8c                _global_impure_ptr
 .rodata.str1.1
                0x00008e90       0x12 c:/program files (x86)/gnu tools arm embedded/4.9 2015q2/bin/../lib/gcc/arm-none-eabi/4.9.3/../../../../arm-none-eabi/lib/armv7-m\libg_nano.a(lib_a-nano-vfprintf_float.o)
 .rodata.str1.1
                0x00008ea2       0x22 c:/program files (x86)/gnu tools arm embedded/4.9 2015q2/bin/../lib/gcc/arm-none-eabi/4.9.3/../../../../arm-none-eabi/lib/armv7-m\libg_nano.a(lib_a-nano-vfprintf_i.o)
 .rodata.str1.1
                0x00008ec4        0x5 c:/program files (x86)/gnu tools arm embedded/4.9 2015q2/bin/../lib/gcc/arm-none-eabi/4.9.3/../../../../arm-none-eabi/lib/armv7-m\libg_nano.a(lib_a-nano-vfscanf_float.o)
 .rodata.str1.1
                0x00000000        0x5 c:/program files (x86)/gnu tools arm embedded/4.9 2015q2/bin/../lib/gcc/arm-none-eabi/4.9.3/../../../../arm-none-eabi/lib/armv7-m\libg_nano.a(lib_a-strtod.o)
                                  0xc (size before relaxing)
 *fill*         0x00008ec9        0x3 
 .rodata.fpinan.5315
                0x00008ecc       0x14 c:/program files (x86)/gnu tools arm embedded/4.9 2015q2/bin/../lib/gcc/arm-none-eabi/4.9.3/../../../../arm-none-eabi/lib/armv7-m\libg_nano.a(lib_a-strtod.o)
 .rodata.tinytens
                0x00008ee0       0x28 c:/program files (x86)/gnu tools arm embedded/4.9 2015q2/bin/../lib/gcc/arm-none-eabi/4.9.3/../../../../arm-none-eabi/lib/armv7-m\libg_nano.a(lib_a-strtod.o)
 .rodata.fpi.5279
                0x00008f08       0x14 c:/program files (x86)/gnu tools arm embedded/4.9 2015q2/bin/../lib/gcc/arm-none-eabi/4.9.3/../../../../arm-none-eabi/lib/armv7-m\libg_nano.a(lib_a-strtod.o)
 .rodata._ctype_
                0x00008f1c      0x101 c:/program files (x86)/gnu tools arm embedded/4.9 2015q2/bin/../lib/gcc/arm-none-eabi/4.9.3/../../../../arm-none-eabi/lib/armv7-m\libg_nano.a(lib_a-ctype_.o)
                0x00008f1c                _ctype_
 .rodata.str1.1
                0x0000901d        0xd c:/program files (x86)/gnu tools arm embedded/4.9 2015q2/bin/../lib/gcc/arm-none-eabi/4.9.3/../../../../arm-none-eabi/lib/armv7-m\libg_nano.a(lib_a-dtoa.o)
                                  0xf (size before relaxing)
 *fill*         0x0000902a        0x2 
 .rodata.__sf_fake_stdin
                0x0000902c       0x20 c:/program files (x86)/gnu tools arm embedded/4.9 2015q2/bin/../lib/gcc/arm-none-eabi/4.9.3/../../../../arm-none-eabi/lib/armv7-m\libg_nano.a(lib_a-findfp.o)
                0x0000902c                __sf_fake_stdin
 .rodata.__sf_fake_stdout
                0x0000904c       0x20 c:/program files (x86)/gnu tools arm embedded/4.9 2015q2/bin/../lib/gcc/arm-none-eabi/4.9.3/../../../../arm-none-eabi/lib/armv7-m\libg_nano.a(lib_a-findfp.o)
                0x0000904c                __sf_fake_stdout
 .rodata.__sf_fake_stderr
                0x0000906c       0x20 c:/program files (x86)/gnu tools arm embedded/4.9 2015q2/bin/../lib/gcc/arm-none-eabi/4.9.3/../../../../arm-none-eabi/lib/armv7-m\libg_nano.a(lib_a-findfp.o)
                0x0000906c                __sf_fake_stderr
 .rodata.str1.1
                0x0000908c        0x8 c:/program files (x86)/gnu tools arm embedded/4.9 2015q2/bin/../lib/gcc/arm-none-eabi/4.9.3/../../../../arm-none-eabi/lib/armv7-m\libg_nano.a(lib_a-locale.o)
                                  0xb (size before relaxing)
 *fill*         0x00009094        0x4 
 .rodata.__mprec_tens
                0x00009098       0xc8 c:/program files (x86)/gnu tools arm embedded/4.9 2015q2/bin/../lib/gcc/arm-none-eabi/4.9.3/../../../../arm-none-eabi/lib/armv7-m\libg_nano.a(lib_a-mprec.o)
                0x00009098                __mprec_tens
 .rodata.__mprec_bigtens
                0x00009160       0x28 c:/program files (x86)/gnu tools arm embedded/4.9 2015q2/bin/../lib/gcc/arm-none-eabi/4.9.3/../../../../arm-none-eabi/lib/armv7-m\libg_nano.a(lib_a-mprec.o)
                0x00009160                __mprec_bigtens
 .rodata.p05.5314
                0x00009188        0xc c:/program files (x86)/gnu tools arm embedded/4.9 2015q2/bin/../lib/gcc/arm-none-eabi/4.9.3/../../../../arm-none-eabi/lib/armv7-m\libg_nano.a(lib_a-mprec.o)
 .rodata.str1.1
                0x00009194       0x11 c:/program files (x86)/gnu tools arm embedded/4.9 2015q2/bin/../lib/gcc/arm-none-eabi/4.9.3/../../../../arm-none-eabi/lib/armv7-m\libg_nano.a(lib_a-nano-svfprintf.o)
 .rodata.str1.1
                0x00000000       0x11 c:/program files (x86)/gnu tools arm embedded/4.9 2015q2/bin/../lib/gcc/arm-none-eabi/4.9.3/../../../../arm-none-eabi/lib/armv7-m\libg_nano.a(lib_a-nano-vfprintf.o)
 *(vtable)
 *(.eh_frame*)
 *fill*         0x000091a5        0x3 
 .eh_frame      0x000091a8        0x0 c:/program files (x86)/gnu tools arm embedded/4.9 2015q2/bin/../lib/gcc/arm-none-eabi/4.9.3/../../../../arm-none-eabi/lib/armv7-m\libg_nano.a(lib_a-strcmp.o)
                                 0x28 (size before relaxing)
 *(.glue_7)
 .glue_7        0x00000000        0x0 linker stubs
 *(.glue_7t)
 .glue_7t       0x00000000        0x0 linker stubs

.vfp11_veneer   0x000091a8        0x0
 .vfp11_veneer  0x00000000        0x0 linker stubs

.v4_bx          0x000091a8        0x0
 .v4_bx         0x00000000        0x0 linker stubs

.iplt           0x000091a8        0x0
 .iplt          0x00000000        0x0 ./system/src/newlib/_cxx.o

.rel.dyn        0x000091a8        0x0
 .rel.iplt      0x00000000        0x0 ./system/src/newlib/_cxx.o

.ARM.extab
 *(.ARM.extab* .gnu.linkonce.armextab.*)
                0x000091a8                . = ALIGN (0x4)
                0x000091a8                __exidx_start = .

.ARM.exidx
 *(.ARM.exidx* .gnu.linkonce.armexidx.*)
                0x000091a8                __exidx_end = .
                0x000091a8                . = ALIGN (0x4)
                0x000091a8                _etext = .
                0x000091a8                __etext = .

.data_CCMRAM    0x10000000        0x0 load address 0x000091a8
 FILL mask 0xff
 *(.data.CCMRAM .data.CCMRAM.*)
                0x10000000                . = ALIGN (0x4)
                0x000091a8                _sidata = LOADADDR (.data)

.data           0x20000000       0xb4 load address 0x000091a8
 FILL mask 0xff
                0x20000000                _sdata = .
                0x20000000                __data_start__ = .
 *(.data_begin .data_begin.*)
 .data_begin    0x20000000        0x4 ./system/src/newlib/_startup.o
 *(.data .data.*)
 .data.argv.4606
                0x20000004        0x8 ./system/src/newlib/_syscalls.o
 .data.__fdlib_version
                0x2000000c        0x1 c:/program files (x86)/gnu tools arm embedded/4.9 2015q2/bin/../lib/gcc/arm-none-eabi/4.9.3/../../../../arm-none-eabi/lib/armv7-m\libm.a(lib_a-s_lib_ver.o)
                0x2000000c                __fdlib_version
 *fill*         0x2000000d        0x3 
 .data.impure_data
                0x20000010       0x60 c:/program files (x86)/gnu tools arm embedded/4.9 2015q2/bin/../lib/gcc/arm-none-eabi/4.9.3/../../../../arm-none-eabi/lib/armv7-m\libg_nano.a(lib_a-impure.o)
 .data._impure_ptr
                0x20000070        0x4 c:/program files (x86)/gnu tools arm embedded/4.9 2015q2/bin/../lib/gcc/arm-none-eabi/4.9.3/../../../../arm-none-eabi/lib/armv7-m\libg_nano.a(lib_a-impure.o)
                0x20000070                _impure_ptr
 .data.__ctype_ptr__
                0x20000074        0x4 c:/program files (x86)/gnu tools arm embedded/4.9 2015q2/bin/../lib/gcc/arm-none-eabi/4.9.3/../../../../arm-none-eabi/lib/armv7-m\libg_nano.a(lib_a-ctype_.o)
                0x20000074                __ctype_ptr__
 .data.lconv    0x20000078       0x38 c:/program files (x86)/gnu tools arm embedded/4.9 2015q2/bin/../lib/gcc/arm-none-eabi/4.9.3/../../../../arm-none-eabi/lib/armv7-m\libg_nano.a(lib_a-locale.o)
 *(.data_end .data_end.*)
 .data_end      0x200000b0        0x4 ./system/src/newlib/_startup.o
                0x200000b4                . = ALIGN (0x4)
                0x200000b4                _edata = .
                0x200000b4                __data_end__ = .

.igot.plt       0x200000b4        0x0 load address 0x0000925c
 .igot.plt      0x00000000        0x0 ./system/src/newlib/_cxx.o

.bss_CCMRAM     0x10000000        0x0
 *(.bss.CCMRAM .bss.CCMRAM.*)

.bss            0x200000b4      0x4a4
                0x200000b4                __bss_start__ = .
                0x200000b4                _sbss = .
 *(.bss_begin .bss_begin.*)
 .bss_begin     0x200000b4        0x4 ./system/src/newlib/_startup.o
 *(.bss .bss.*)
 .bss.current_heap_end.4310
                0x200000b8        0x4 ./system/src/newlib/_sbrk.o
 .bss.name.4605
                0x200000bc        0x1 ./system/src/newlib/_syscalls.o
 *fill*         0x200000bd        0x3 
 .bss.buf.5446  0x200000c0       0x80 ./system/src/diag/Trace.o
 .bss._enter    0x20000140        0x1 ./src/CN0398.o
                0x20000140                _enter
 *fill*         0x20000141        0x3 
 .bss.temperature
                0x20000144        0x4 ./src/CN0398.o
                0x20000144                temperature
 .bss.voltage   0x20000148        0x8 ./src/CN0398.o
                0x20000148                voltage
 .bss.pH        0x20000150        0x4 ./src/CN0398.o
                0x20000150                pH
 .bss.adcValue  0x20000154        0xc ./src/CN0398.o
                0x20000154                adcValue
 .bss.moisture  0x20000160        0x4 ./src/CN0398.o
                0x20000160                moisture
 .bss.UART      0x20000164        0x1 ./src/Communication.o
                0x20000164                UART
 .bss.convFlag  0x20000165        0x1 ./src/Communication.o
                0x20000165                convFlag
 .bss.ucTxBufferEmpty
                0x20000166        0x1 ./src/Communication.o
                0x20000166                ucTxBufferEmpty
 *fill*         0x20000167        0x1 
 .bss._ZN5Timer13ms_delayCountE
                0x20000168        0x4 ./src/Timer.o
                0x20000168                Timer::ms_delayCount
 .bss.cn0398    0x2000016c      0x3d0 ./src/main.o
                0x2000016c                cn0398
 .bss.__malloc_sbrk_start
                0x2000053c        0x4 c:/program files (x86)/gnu tools arm embedded/4.9 2015q2/bin/../lib/gcc/arm-none-eabi/4.9.3/../../../../arm-none-eabi/lib/armv7-m\libg_nano.a(lib_a-nano-mallocr.o)
                0x2000053c                __malloc_sbrk_start
 .bss.__malloc_free_list
                0x20000540        0x4 c:/program files (x86)/gnu tools arm embedded/4.9 2015q2/bin/../lib/gcc/arm-none-eabi/4.9.3/../../../../arm-none-eabi/lib/armv7-m\libg_nano.a(lib_a-nano-mallocr.o)
                0x20000540                __malloc_free_list
 *(COMMON)
 COMMON         0x20000544        0x4 ./system/src/newlib/_syscalls.o
                0x20000544                errno
 COMMON         0x20000548        0xc ./system/src/cmsis/system_ADuCM360.o
                0x20000548                SystemCoreClock
                0x2000054c                uClk
                0x20000550                SystemExtClock
 *(.bss_end .bss_end.*)
 .bss_end       0x20000554        0x4 ./system/src/newlib/_startup.o
                0x20000558                . = ALIGN (0x4)
                0x20000558                __bss_end__ = .
                0x20000558                _ebss = .

.noinit_CCMRAM
 *(.noinit.CCMRAM .noinit.CCMRAM.*)

.noinit         0x20000558        0x0
                0x20000558                _noinit = .
 *(.noinit .noinit.*)
                0x20000558                . = ALIGN (0x4)
                0x20000558                _end_noinit = .
                0x20000558                PROVIDE (end, _end_noinit)
                0x20000558                PROVIDE (_end, _end_noinit)
                0x20000558                PROVIDE (__end, _end_noinit)
                0x20000558                PROVIDE (__end__, _end_noinit)

._check_stack   0x20000558      0x100
                0x20000658                . = (. + _Minimum_Stack_Size)
 *fill*         0x20000558      0x100 

.b1text
 *(.b1text)
 *(.b1rodata)
 *(.b1rodata.*)

.eb0text
 *(.eb0text)
 *(.eb0rodata)
 *(.eb0rodata.*)

.eb1text
 *(.eb1text)
 *(.eb1rodata)
 *(.eb1rodata.*)

.eb2text
 *(.eb2text)
 *(.eb2rodata)
 *(.eb2rodata.*)

.eb3text
 *(.eb3text)
 *(.eb3rodata)
 *(.eb3rodata.*)

.stab
 *(.stab)

.stabstr
 *(.stabstr)

.stab.excl
 *(.stab.excl)

.stab.exclstr
 *(.stab.exclstr)

.stab.index
 *(.stab.index)

.stab.indexstr
 *(.stab.indexstr)

.comment        0x00000000       0x70
 *(.comment)
 .comment       0x00000000       0x70 ./system/src/newlib/_exit.o
                                 0x71 (size before relaxing)
 .comment       0x00000000       0x71 ./system/src/newlib/_sbrk.o
 .comment       0x00000000       0x71 ./system/src/newlib/_startup.o
 .comment       0x00000000       0x71 ./system/src/newlib/_syscalls.o
 .comment       0x00000000       0x71 ./system/src/diag/Trace.o
 .comment       0x00000000       0x71 ./system/src/diag/trace_impl.o
 .comment       0x00000000       0x71 ./system/src/cortexm/_initialize_hardware.o
 .comment       0x00000000       0x71 ./system/src/cortexm/exception_handlers.o
 .comment       0x00000000       0x71 ./system/src/cmsis/system_ADuCM360.o
 .comment       0x00000000       0x71 ./system/src/cmsis/vectors_ADuCM360.o
 .comment       0x00000000       0x71 ./system/src/aducm360/DioLib.o
 .comment       0x00000000       0x71 ./system/src/aducm360/SpiLib.o
 .comment       0x00000000       0x71 ./system/src/aducm360/UrtLib.o
 .comment       0x00000000       0x71 ./src/AD7124.o
 .comment       0x00000000       0x71 ./src/CN0398.o
 .comment       0x00000000       0x71 ./src/Communication.o
 .comment       0x00000000       0x71 ./src/Timer.o
 .comment       0x00000000       0x71 ./src/main.o

.ARM.attributes
                0x00000000       0x31
 .ARM.attributes
                0x00000000       0x33 ./system/src/newlib/_exit.o
 .ARM.attributes
                0x00000033       0x33 ./system/src/newlib/_sbrk.o
 .ARM.attributes
                0x00000066       0x33 ./system/src/newlib/_startup.o
 .ARM.attributes
                0x00000099       0x33 ./system/src/newlib/_syscalls.o
 .ARM.attributes
                0x000000cc       0x33 ./system/src/diag/Trace.o
 .ARM.attributes
                0x000000ff       0x33 ./system/src/diag/trace_impl.o
 .ARM.attributes
                0x00000132       0x33 ./system/src/cortexm/_initialize_hardware.o
 .ARM.attributes
                0x00000165       0x33 ./system/src/cortexm/exception_handlers.o
 .ARM.attributes
                0x00000198       0x33 ./system/src/cmsis/system_ADuCM360.o
 .ARM.attributes
                0x000001cb       0x33 ./system/src/cmsis/vectors_ADuCM360.o
 .ARM.attributes
                0x000001fe       0x33 ./system/src/aducm360/DioLib.o
 .ARM.attributes
                0x00000231       0x33 ./system/src/aducm360/SpiLib.o
 .ARM.attributes
                0x00000264       0x33 ./system/src/aducm360/UrtLib.o
 .ARM.attributes
                0x00000297       0x33 ./src/AD7124.o
 .ARM.attributes
                0x000002ca       0x33 ./src/CN0398.o
 .ARM.attributes
                0x000002fd       0x33 ./src/Communication.o
 .ARM.attributes
                0x00000330       0x33 ./src/Timer.o
 .ARM.attributes
                0x00000363       0x33 ./src/main.o
 .ARM.attributes
                0x00000396       0x2d c:/program files (x86)/gnu tools arm embedded/4.9 2015q2/bin/../lib/gcc/arm-none-eabi/4.9.3/../../../../arm-none-eabi/lib/armv7-m\libm.a(lib_a-w_pow.o)
 .ARM.attributes
                0x000003c3       0x2d c:/program files (x86)/gnu tools arm embedded/4.9 2015q2/bin/../lib/gcc/arm-none-eabi/4.9.3/../../../../arm-none-eabi/lib/armv7-m\libm.a(lib_a-w_sqrt.o)
 .ARM.attributes
                0x000003f0       0x2d c:/program files (x86)/gnu tools arm embedded/4.9 2015q2/bin/../lib/gcc/arm-none-eabi/4.9.3/../../../../arm-none-eabi/lib/armv7-m\libm.a(lib_a-e_pow.o)
 .ARM.attributes
                0x0000041d       0x2d c:/program files (x86)/gnu tools arm embedded/4.9 2015q2/bin/../lib/gcc/arm-none-eabi/4.9.3/../../../../arm-none-eabi/lib/armv7-m\libm.a(lib_a-e_sqrt.o)
 .ARM.attributes
                0x0000044a       0x2d c:/program files (x86)/gnu tools arm embedded/4.9 2015q2/bin/../lib/gcc/arm-none-eabi/4.9.3/../../../../arm-none-eabi/lib/armv7-m\libm.a(lib_a-s_fabs.o)
 .ARM.attributes
                0x00000477       0x2d c:/program files (x86)/gnu tools arm embedded/4.9 2015q2/bin/../lib/gcc/arm-none-eabi/4.9.3/../../../../arm-none-eabi/lib/armv7-m\libm.a(lib_a-s_finite.o)
 .ARM.attributes
                0x000004a4       0x2d c:/program files (x86)/gnu tools arm embedded/4.9 2015q2/bin/../lib/gcc/arm-none-eabi/4.9.3/../../../../arm-none-eabi/lib/armv7-m\libm.a(lib_a-s_fpclassify.o)
 .ARM.attributes
                0x000004d1       0x2d c:/program files (x86)/gnu tools arm embedded/4.9 2015q2/bin/../lib/gcc/arm-none-eabi/4.9.3/../../../../arm-none-eabi/lib/armv7-m\libm.a(lib_a-s_lib_ver.o)
 .ARM.attributes
                0x000004fe       0x2d c:/program files (x86)/gnu tools arm embedded/4.9 2015q2/bin/../lib/gcc/arm-none-eabi/4.9.3/../../../../arm-none-eabi/lib/armv7-m\libm.a(lib_a-s_matherr.o)
 .ARM.attributes
                0x0000052b       0x2d c:/program files (x86)/gnu tools arm embedded/4.9 2015q2/bin/../lib/gcc/arm-none-eabi/4.9.3/../../../../arm-none-eabi/lib/armv7-m\libm.a(lib_a-s_nan.o)
 .ARM.attributes
                0x00000558       0x2d c:/program files (x86)/gnu tools arm embedded/4.9 2015q2/bin/../lib/gcc/arm-none-eabi/4.9.3/../../../../arm-none-eabi/lib/armv7-m\libm.a(lib_a-s_rint.o)
 .ARM.attributes
                0x00000585       0x2d c:/program files (x86)/gnu tools arm embedded/4.9 2015q2/bin/../lib/gcc/arm-none-eabi/4.9.3/../../../../arm-none-eabi/lib/armv7-m\libm.a(lib_a-s_scalbn.o)
 .ARM.attributes
                0x000005b2       0x2d c:/program files (x86)/gnu tools arm embedded/4.9 2015q2/bin/../lib/gcc/arm-none-eabi/4.9.3/../../../../arm-none-eabi/lib/armv7-m\libm.a(lib_a-s_copysign.o)
 .ARM.attributes
                0x000005df       0x1d c:/program files (x86)/gnu tools arm embedded/4.9 2015q2/bin/../lib/gcc/arm-none-eabi/4.9.3/armv7-m\libgcc.a(_arm_addsubdf3.o)
 .ARM.attributes
                0x000005fc       0x1d c:/program files (x86)/gnu tools arm embedded/4.9 2015q2/bin/../lib/gcc/arm-none-eabi/4.9.3/armv7-m\libgcc.a(_arm_muldivdf3.o)
 .ARM.attributes
                0x00000619       0x1d c:/program files (x86)/gnu tools arm embedded/4.9 2015q2/bin/../lib/gcc/arm-none-eabi/4.9.3/armv7-m\libgcc.a(_arm_cmpdf2.o)
 .ARM.attributes
                0x00000636       0x1d c:/program files (x86)/gnu tools arm embedded/4.9 2015q2/bin/../lib/gcc/arm-none-eabi/4.9.3/armv7-m\libgcc.a(_arm_truncdfsf2.o)
 .ARM.attributes
                0x00000653       0x1d c:/program files (x86)/gnu tools arm embedded/4.9 2015q2/bin/../lib/gcc/arm-none-eabi/4.9.3/armv7-m\libgcc.a(_arm_addsubsf3.o)
 .ARM.attributes
                0x00000670       0x1d c:/program files (x86)/gnu tools arm embedded/4.9 2015q2/bin/../lib/gcc/arm-none-eabi/4.9.3/armv7-m\libgcc.a(_arm_muldivsf3.o)
 .ARM.attributes
                0x0000068d       0x1d c:/program files (x86)/gnu tools arm embedded/4.9 2015q2/bin/../lib/gcc/arm-none-eabi/4.9.3/armv7-m\libgcc.a(_arm_cmpsf2.o)
 .ARM.attributes
                0x000006aa       0x2d c:/program files (x86)/gnu tools arm embedded/4.9 2015q2/bin/../lib/gcc/arm-none-eabi/4.9.3/../../../../arm-none-eabi/lib/armv7-m\libg_nano.a(lib_a-errno.o)
 .ARM.attributes
                0x000006d7       0x2d c:/program files (x86)/gnu tools arm embedded/4.9 2015q2/bin/../lib/gcc/arm-none-eabi/4.9.3/../../../../arm-none-eabi/lib/armv7-m\libg_nano.a(lib_a-impure.o)
 .ARM.attributes
                0x00000704       0x2d c:/program files (x86)/gnu tools arm embedded/4.9 2015q2/bin/../lib/gcc/arm-none-eabi/4.9.3/../../../../arm-none-eabi/lib/armv7-m\libg_nano.a(lib_a-memcpy.o)
 .ARM.attributes
                0x00000731       0x2d c:/program files (x86)/gnu tools arm embedded/4.9 2015q2/bin/../lib/gcc/arm-none-eabi/4.9.3/../../../../arm-none-eabi/lib/armv7-m\libg_nano.a(lib_a-memset.o)
 .ARM.attributes
                0x0000075e       0x2d c:/program files (x86)/gnu tools arm embedded/4.9 2015q2/bin/../lib/gcc/arm-none-eabi/4.9.3/../../../../arm-none-eabi/lib/armv7-m\libg_nano.a(lib_a-nano-vfprintf_float.o)
 .ARM.attributes
                0x0000078b       0x2d c:/program files (x86)/gnu tools arm embedded/4.9 2015q2/bin/../lib/gcc/arm-none-eabi/4.9.3/../../../../arm-none-eabi/lib/armv7-m\libg_nano.a(lib_a-nano-vfprintf_i.o)
 .ARM.attributes
                0x000007b8       0x2d c:/program files (x86)/gnu tools arm embedded/4.9 2015q2/bin/../lib/gcc/arm-none-eabi/4.9.3/../../../../arm-none-eabi/lib/armv7-m\libg_nano.a(lib_a-nano-vfscanf_float.o)
 .ARM.attributes
                0x000007e5       0x2d c:/program files (x86)/gnu tools arm embedded/4.9 2015q2/bin/../lib/gcc/arm-none-eabi/4.9.3/../../../../arm-none-eabi/lib/armv7-m\libg_nano.a(lib_a-printf.o)
 .ARM.attributes
                0x00000812       0x2d c:/program files (x86)/gnu tools arm embedded/4.9 2015q2/bin/../lib/gcc/arm-none-eabi/4.9.3/../../../../arm-none-eabi/lib/armv7-m\libg_nano.a(lib_a-putchar.o)
 .ARM.attributes
                0x0000083f       0x2d c:/program files (x86)/gnu tools arm embedded/4.9 2015q2/bin/../lib/gcc/arm-none-eabi/4.9.3/../../../../arm-none-eabi/lib/armv7-m\libg_nano.a(lib_a-puts.o)
 .ARM.attributes
                0x0000086c       0x2d c:/program files (x86)/gnu tools arm embedded/4.9 2015q2/bin/../lib/gcc/arm-none-eabi/4.9.3/../../../../arm-none-eabi/lib/armv7-m\libg_nano.a(lib_a-sf_nan.o)
 .ARM.attributes
                0x00000899       0x2d c:/program files (x86)/gnu tools arm embedded/4.9 2015q2/bin/../lib/gcc/arm-none-eabi/4.9.3/../../../../arm-none-eabi/lib/armv7-m\libg_nano.a(lib_a-sprintf.o)
 .ARM.attributes
                0x000008c6       0x2d c:/program files (x86)/gnu tools arm embedded/4.9 2015q2/bin/../lib/gcc/arm-none-eabi/4.9.3/../../../../arm-none-eabi/lib/armv7-m\libg_nano.a(lib_a-strlen.o)
 .ARM.attributes
                0x000008f3       0x2d c:/program files (x86)/gnu tools arm embedded/4.9 2015q2/bin/../lib/gcc/arm-none-eabi/4.9.3/../../../../arm-none-eabi/lib/armv7-m\libg_nano.a(lib_a-strtod.o)
 .ARM.attributes
                0x00000920       0x2d c:/program files (x86)/gnu tools arm embedded/4.9 2015q2/bin/../lib/gcc/arm-none-eabi/4.9.3/../../../../arm-none-eabi/lib/armv7-m\libg_nano.a(lib_a-strtol.o)
 .ARM.attributes
                0x0000094d       0x2d c:/program files (x86)/gnu tools arm embedded/4.9 2015q2/bin/../lib/gcc/arm-none-eabi/4.9.3/../../../../arm-none-eabi/lib/armv7-m\libg_nano.a(lib_a-vsnprintf.o)
 .ARM.attributes
                0x0000097a       0x2d c:/program files (x86)/gnu tools arm embedded/4.9 2015q2/bin/../lib/gcc/arm-none-eabi/4.9.3/../../../../arm-none-eabi/lib/armv7-m\libg_nano.a(lib_a-wbuf.o)
 .ARM.attributes
                0x000009a7       0x2d c:/program files (x86)/gnu tools arm embedded/4.9 2015q2/bin/../lib/gcc/arm-none-eabi/4.9.3/../../../../arm-none-eabi/lib/armv7-m\libg_nano.a(lib_a-wsetup.o)
 .ARM.attributes
                0x000009d4       0x2d c:/program files (x86)/gnu tools arm embedded/4.9 2015q2/bin/../lib/gcc/arm-none-eabi/4.9.3/../../../../arm-none-eabi/lib/armv7-m\libg_nano.a(lib_a-ctype_.o)
 .ARM.attributes
                0x00000a01       0x2d c:/program files (x86)/gnu tools arm embedded/4.9 2015q2/bin/../lib/gcc/arm-none-eabi/4.9.3/../../../../arm-none-eabi/lib/armv7-m\libg_nano.a(lib_a-dtoa.o)
 .ARM.attributes
                0x00000a2e       0x2d c:/program files (x86)/gnu tools arm embedded/4.9 2015q2/bin/../lib/gcc/arm-none-eabi/4.9.3/../../../../arm-none-eabi/lib/armv7-m\libg_nano.a(lib_a-fflush.o)
 .ARM.attributes
                0x00000a5b       0x2d c:/program files (x86)/gnu tools arm embedded/4.9 2015q2/bin/../lib/gcc/arm-none-eabi/4.9.3/../../../../arm-none-eabi/lib/armv7-m\libg_nano.a(lib_a-findfp.o)
 .ARM.attributes
                0x00000a88       0x2d c:/program files (x86)/gnu tools arm embedded/4.9 2015q2/bin/../lib/gcc/arm-none-eabi/4.9.3/../../../../arm-none-eabi/lib/armv7-m\libg_nano.a(lib_a-fwalk.o)
 .ARM.attributes
                0x00000ab5       0x2d c:/program files (x86)/gnu tools arm embedded/4.9 2015q2/bin/../lib/gcc/arm-none-eabi/4.9.3/../../../../arm-none-eabi/lib/armv7-m\libg_nano.a(lib_a-gdtoa-gethex.o)
 .ARM.attributes
                0x00000ae2       0x2d c:/program files (x86)/gnu tools arm embedded/4.9 2015q2/bin/../lib/gcc/arm-none-eabi/4.9.3/../../../../arm-none-eabi/lib/armv7-m\libg_nano.a(lib_a-gdtoa-hexnan.o)
 .ARM.attributes
                0x00000b0f       0x2d c:/program files (x86)/gnu tools arm embedded/4.9 2015q2/bin/../lib/gcc/arm-none-eabi/4.9.3/../../../../arm-none-eabi/lib/armv7-m\libg_nano.a(lib_a-locale.o)
 .ARM.attributes
                0x00000b3c       0x2d c:/program files (x86)/gnu tools arm embedded/4.9 2015q2/bin/../lib/gcc/arm-none-eabi/4.9.3/../../../../arm-none-eabi/lib/armv7-m\libg_nano.a(lib_a-makebuf.o)
 .ARM.attributes
                0x00000b69       0x2d c:/program files (x86)/gnu tools arm embedded/4.9 2015q2/bin/../lib/gcc/arm-none-eabi/4.9.3/../../../../arm-none-eabi/lib/armv7-m\libg_nano.a(lib_a-malloc.o)
 .ARM.attributes
                0x00000b96       0x2d c:/program files (x86)/gnu tools arm embedded/4.9 2015q2/bin/../lib/gcc/arm-none-eabi/4.9.3/../../../../arm-none-eabi/lib/armv7-m\libg_nano.a(lib_a-memchr.o)
 .ARM.attributes
                0x00000bc3       0x2d c:/program files (x86)/gnu tools arm embedded/4.9 2015q2/bin/../lib/gcc/arm-none-eabi/4.9.3/../../../../arm-none-eabi/lib/armv7-m\libg_nano.a(lib_a-mprec.o)
 .ARM.attributes
                0x00000bf0       0x2d c:/program files (x86)/gnu tools arm embedded/4.9 2015q2/bin/../lib/gcc/arm-none-eabi/4.9.3/../../../../arm-none-eabi/lib/armv7-m\libg_nano.a(lib_a-nano-callocr.o)
 .ARM.attributes
                0x00000c1d       0x2d c:/program files (x86)/gnu tools arm embedded/4.9 2015q2/bin/../lib/gcc/arm-none-eabi/4.9.3/../../../../arm-none-eabi/lib/armv7-m\libg_nano.a(lib_a-nano-freer.o)
 .ARM.attributes
                0x00000c4a       0x2d c:/program files (x86)/gnu tools arm embedded/4.9 2015q2/bin/../lib/gcc/arm-none-eabi/4.9.3/../../../../arm-none-eabi/lib/armv7-m\libg_nano.a(lib_a-nano-mallocr.o)
 .ARM.attributes
                0x00000c77       0x2d c:/program files (x86)/gnu tools arm embedded/4.9 2015q2/bin/../lib/gcc/arm-none-eabi/4.9.3/../../../../arm-none-eabi/lib/armv7-m\libg_nano.a(lib_a-nano-svfprintf.o)
 .ARM.attributes
                0x00000ca4       0x2d c:/program files (x86)/gnu tools arm embedded/4.9 2015q2/bin/../lib/gcc/arm-none-eabi/4.9.3/../../../../arm-none-eabi/lib/armv7-m\libg_nano.a(lib_a-nano-vfprintf.o)
 .ARM.attributes
                0x00000cd1       0x2d c:/program files (x86)/gnu tools arm embedded/4.9 2015q2/bin/../lib/gcc/arm-none-eabi/4.9.3/../../../../arm-none-eabi/lib/armv7-m\libg_nano.a(lib_a-putc.o)
 .ARM.attributes
                0x00000cfe       0x2d c:/program files (x86)/gnu tools arm embedded/4.9 2015q2/bin/../lib/gcc/arm-none-eabi/4.9.3/../../../../arm-none-eabi/lib/armv7-m\libg_nano.a(lib_a-sbrkr.o)
 .ARM.attributes
                0x00000d2b       0x2d c:/program files (x86)/gnu tools arm embedded/4.9 2015q2/bin/../lib/gcc/arm-none-eabi/4.9.3/../../../../arm-none-eabi/lib/armv7-m\libg_nano.a(lib_a-stdio.o)
 .ARM.attributes
                0x00000d58       0x1b c:/program files (x86)/gnu tools arm embedded/4.9 2015q2/bin/../lib/gcc/arm-none-eabi/4.9.3/../../../../arm-none-eabi/lib/armv7-m\libg_nano.a(lib_a-strcmp.o)
 .ARM.attributes
                0x00000d73       0x2d c:/program files (x86)/gnu tools arm embedded/4.9 2015q2/bin/../lib/gcc/arm-none-eabi/4.9.3/../../../../arm-none-eabi/lib/armv7-m\libg_nano.a(lib_a-strncmp.o)
 .ARM.attributes
                0x00000da0       0x2d c:/program files (x86)/gnu tools arm embedded/4.9 2015q2/bin/../lib/gcc/arm-none-eabi/4.9.3/../../../../arm-none-eabi/lib/armv7-m\libg_nano.a(lib_a-writer.o)
 .ARM.attributes
                0x00000dcd       0x2d c:/program files (x86)/gnu tools arm embedded/4.9 2015q2/bin/../lib/gcc/arm-none-eabi/4.9.3/../../../../arm-none-eabi/lib/armv7-m\libg_nano.a(lib_a-closer.o)
 .ARM.attributes
                0x00000dfa       0x2d c:/program files (x86)/gnu tools arm embedded/4.9 2015q2/bin/../lib/gcc/arm-none-eabi/4.9.3/../../../../arm-none-eabi/lib/armv7-m\libg_nano.a(lib_a-fstatr.o)
 .ARM.attributes
                0x00000e27       0x2d c:/program files (x86)/gnu tools arm embedded/4.9 2015q2/bin/../lib/gcc/arm-none-eabi/4.9.3/../../../../arm-none-eabi/lib/armv7-m\libg_nano.a(lib_a-isattyr.o)
 .ARM.attributes
                0x00000e54       0x2d c:/program files (x86)/gnu tools arm embedded/4.9 2015q2/bin/../lib/gcc/arm-none-eabi/4.9.3/../../../../arm-none-eabi/lib/armv7-m\libg_nano.a(lib_a-lseekr.o)
 .ARM.attributes
                0x00000e81       0x2d c:/program files (x86)/gnu tools arm embedded/4.9 2015q2/bin/../lib/gcc/arm-none-eabi/4.9.3/../../../../arm-none-eabi/lib/armv7-m\libg_nano.a(lib_a-memmove.o)
 .ARM.attributes
                0x00000eae       0x2d c:/program files (x86)/gnu tools arm embedded/4.9 2015q2/bin/../lib/gcc/arm-none-eabi/4.9.3/../../../../arm-none-eabi/lib/armv7-m\libg_nano.a(lib_a-nano-reallocr.o)
 .ARM.attributes
                0x00000edb       0x2d c:/program files (x86)/gnu tools arm embedded/4.9 2015q2/bin/../lib/gcc/arm-none-eabi/4.9.3/../../../../arm-none-eabi/lib/armv7-m\libg_nano.a(lib_a-readr.o)
 .ARM.attributes
                0x00000f08       0x2d c:/program files (x86)/gnu tools arm embedded/4.9 2015q2/bin/../lib/gcc/arm-none-eabi/4.9.3/../../../../arm-none-eabi/lib/armv7-m\libg_nano.a(lib_a-nano-msizer.o)
 .ARM.attributes
                0x00000f35       0x1d c:/program files (x86)/gnu tools arm embedded/4.9 2015q2/bin/../lib/gcc/arm-none-eabi/4.9.3/armv7-m\libgcc.a(_arm_fixdfsi.o)
 .ARM.attributes
                0x00000f52       0x1d c:/program files (x86)/gnu tools arm embedded/4.9 2015q2/bin/../lib/gcc/arm-none-eabi/4.9.3/armv7-m\libgcc.a(_arm_fixunsdfsi.o)

.debug
 *(.debug)

.line
 *(.line)

.debug_srcinfo
 *(.debug_srcinfo)

.debug_sfnames
 *(.debug_sfnames)

.debug_aranges  0x00000000      0x638
 *(.debug_aranges)
 .debug_aranges
                0x00000000       0x28 ./system/src/newlib/_exit.o
 .debug_aranges
                0x00000028       0x20 ./system/src/newlib/_sbrk.o
 .debug_aranges
                0x00000048       0x40 ./system/src/newlib/_startup.o
 .debug_aranges
                0x00000088       0xd0 ./system/src/newlib/_syscalls.o
 .debug_aranges
                0x00000158       0x38 ./system/src/diag/Trace.o
 .debug_aranges
                0x00000190       0x28 ./system/src/diag/trace_impl.o
 .debug_aranges
                0x000001b8       0x28 ./system/src/cortexm/_initialize_hardware.o
 .debug_aranges
                0x000001e0       0x88 ./system/src/cortexm/exception_handlers.o
 .debug_aranges
                0x00000268       0x38 ./system/src/cmsis/system_ADuCM360.o
 .debug_aranges
                0x000002a0       0x20 ./system/src/cmsis/vectors_ADuCM360.o
 .debug_aranges
                0x000002c0       0x98 ./system/src/aducm360/DioLib.o
 .debug_aranges
                0x00000358       0x68 ./system/src/aducm360/SpiLib.o
 .debug_aranges
                0x000003c0       0x68 ./system/src/aducm360/UrtLib.o
 .debug_aranges
                0x00000428       0x98 ./src/AD7124.o
 .debug_aranges
                0x000004c0       0xc8 ./src/CN0398.o
 .debug_aranges
                0x00000588       0x50 ./src/Communication.o
 .debug_aranges
                0x000005d8       0x28 ./src/Timer.o
 .debug_aranges
                0x00000600       0x38 ./src/main.o

.debug_pubnames
 *(.debug_pubnames)

.debug_info     0x00000000     0x8ca7
 *(.debug_info .gnu.linkonce.wi.*)
 .debug_info    0x00000000      0x100 ./system/src/newlib/_exit.o
 .debug_info    0x00000100      0x125 ./system/src/newlib/_sbrk.o
 .debug_info    0x00000225      0x47f ./system/src/newlib/_startup.o
 .debug_info    0x000006a4      0x90f ./system/src/newlib/_syscalls.o
 .debug_info    0x00000fb3      0x32b ./system/src/diag/Trace.o
 .debug_info    0x000012de      0x11f ./system/src/diag/trace_impl.o
 .debug_info    0x000013fd      0x2b5 ./system/src/cortexm/_initialize_hardware.o
 .debug_info    0x000016b2      0x7b7 ./system/src/cortexm/exception_handlers.o
 .debug_info    0x00001e69      0x321 ./system/src/cmsis/system_ADuCM360.o
 .debug_info    0x0000218a       0xd0 ./system/src/cmsis/vectors_ADuCM360.o
 .debug_info    0x0000225a      0x678 ./system/src/aducm360/DioLib.o
 .debug_info    0x000028d2      0x459 ./system/src/aducm360/SpiLib.o
 .debug_info    0x00002d2b      0x5e9 ./system/src/aducm360/UrtLib.o
 .debug_info    0x00003314     0x1041 ./src/AD7124.o
 .debug_info    0x00004355     0x1dc5 ./src/CN0398.o
 .debug_info    0x0000611a     0x1031 ./src/Communication.o
 .debug_info    0x0000714b      0x1c7 ./src/Timer.o
 .debug_info    0x00007312     0x1995 ./src/main.o

.debug_abbrev   0x00000000     0x2175
 *(.debug_abbrev)
 .debug_abbrev  0x00000000       0xa4 ./system/src/newlib/_exit.o
 .debug_abbrev  0x000000a4       0xbb ./system/src/newlib/_sbrk.o
 .debug_abbrev  0x0000015f      0x1e9 ./system/src/newlib/_startup.o
 .debug_abbrev  0x00000348      0x178 ./system/src/newlib/_syscalls.o
 .debug_abbrev  0x000004c0      0x178 ./system/src/diag/Trace.o
 .debug_abbrev  0x00000638       0xb4 ./system/src/diag/trace_impl.o
 .debug_abbrev  0x000006ec       0xea ./system/src/cortexm/_initialize_hardware.o
 .debug_abbrev  0x000007d6      0x1d6 ./system/src/cortexm/exception_handlers.o
 .debug_abbrev  0x000009ac      0x127 ./system/src/cmsis/system_ADuCM360.o
 .debug_abbrev  0x00000ad3       0x9d ./system/src/cmsis/vectors_ADuCM360.o
 .debug_abbrev  0x00000b70      0x12f ./system/src/aducm360/DioLib.o
 .debug_abbrev  0x00000c9f      0x13e ./system/src/aducm360/SpiLib.o
 .debug_abbrev  0x00000ddd      0x195 ./system/src/aducm360/UrtLib.o
 .debug_abbrev  0x00000f72      0x400 ./src/AD7124.o
 .debug_abbrev  0x00001372      0x4e2 ./src/CN0398.o
 .debug_abbrev  0x00001854      0x2eb ./src/Communication.o
 .debug_abbrev  0x00001b3f      0x192 ./src/Timer.o
 .debug_abbrev  0x00001cd1      0x4a4 ./src/main.o

.debug_line     0x00000000     0x4177
 *(.debug_line)
 .debug_line    0x00000000      0x2ce ./system/src/newlib/_exit.o
 .debug_line    0x000002ce      0x271 ./system/src/newlib/_sbrk.o
 .debug_line    0x0000053f      0x338 ./system/src/newlib/_startup.o
 .debug_line    0x00000877      0x512 ./system/src/newlib/_syscalls.o
 .debug_line    0x00000d89      0x329 ./system/src/diag/Trace.o
 .debug_line    0x000010b2      0x351 ./system/src/diag/trace_impl.o
 .debug_line    0x00001403      0x2a6 ./system/src/cortexm/_initialize_hardware.o
 .debug_line    0x000016a9      0x44c ./system/src/cortexm/exception_handlers.o
 .debug_line    0x00001af5      0x2bb ./system/src/cmsis/system_ADuCM360.o
 .debug_line    0x00001db0      0x237 ./system/src/cmsis/vectors_ADuCM360.o
 .debug_line    0x00001fe7      0x3c3 ./system/src/aducm360/DioLib.o
 .debug_line    0x000023aa      0x35a ./system/src/aducm360/SpiLib.o
 .debug_line    0x00002704      0x373 ./system/src/aducm360/UrtLib.o
 .debug_line    0x00002a77      0x522 ./src/AD7124.o
 .debug_line    0x00002f99      0x5f8 ./src/CN0398.o
 .debug_line    0x00003591      0x494 ./src/Communication.o
 .debug_line    0x00003a25      0x2d8 ./src/Timer.o
 .debug_line    0x00003cfd      0x47a ./src/main.o

.debug_frame    0x00000000     0x20cc
 *(.debug_frame)
 .debug_frame   0x00000000       0x38 ./system/src/newlib/_exit.o
 .debug_frame   0x00000038       0x28 ./system/src/newlib/_sbrk.o
 .debug_frame   0x00000060       0x7c ./system/src/newlib/_startup.o
 .debug_frame   0x000000dc      0x230 ./system/src/newlib/_syscalls.o
 .debug_frame   0x0000030c       0x94 ./system/src/diag/Trace.o
 .debug_frame   0x000003a0       0x30 ./system/src/diag/trace_impl.o
 .debug_frame   0x000003d0       0x40 ./system/src/cortexm/_initialize_hardware.o
 .debug_frame   0x00000410      0x144 ./system/src/cortexm/exception_handlers.o
 .debug_frame   0x00000554       0x58 ./system/src/cmsis/system_ADuCM360.o
 .debug_frame   0x000005ac       0x20 ./system/src/cmsis/vectors_ADuCM360.o
 .debug_frame   0x000005cc      0x140 ./system/src/aducm360/DioLib.o
 .debug_frame   0x0000070c       0xb0 ./system/src/aducm360/SpiLib.o
 .debug_frame   0x000007bc       0xc4 ./system/src/aducm360/UrtLib.o
 .debug_frame   0x00000880      0x1f8 ./src/AD7124.o
 .debug_frame   0x00000a78      0x298 ./src/CN0398.o
 .debug_frame   0x00000d10       0xd8 ./src/Communication.o
 .debug_frame   0x00000de8       0x30 ./src/Timer.o
 .debug_frame   0x00000e18       0x78 ./src/main.o
 .debug_frame   0x00000e90       0x44 c:/program files (x86)/gnu tools arm embedded/4.9 2015q2/bin/../lib/gcc/arm-none-eabi/4.9.3/../../../../arm-none-eabi/lib/armv7-m\libm.a(lib_a-w_pow.o)
 .debug_frame   0x00000ed4       0x44 c:/program files (x86)/gnu tools arm embedded/4.9 2015q2/bin/../lib/gcc/arm-none-eabi/4.9.3/../../../../arm-none-eabi/lib/armv7-m\libm.a(lib_a-w_sqrt.o)
 .debug_frame   0x00000f18       0x64 c:/program files (x86)/gnu tools arm embedded/4.9 2015q2/bin/../lib/gcc/arm-none-eabi/4.9.3/../../../../arm-none-eabi/lib/armv7-m\libm.a(lib_a-e_pow.o)
 .debug_frame   0x00000f7c       0x30 c:/program files (x86)/gnu tools arm embedded/4.9 2015q2/bin/../lib/gcc/arm-none-eabi/4.9.3/../../../../arm-none-eabi/lib/armv7-m\libm.a(lib_a-e_sqrt.o)
 .debug_frame   0x00000fac       0x20 c:/program files (x86)/gnu tools arm embedded/4.9 2015q2/bin/../lib/gcc/arm-none-eabi/4.9.3/../../../../arm-none-eabi/lib/armv7-m\libm.a(lib_a-s_fabs.o)
 .debug_frame   0x00000fcc       0x20 c:/program files (x86)/gnu tools arm embedded/4.9 2015q2/bin/../lib/gcc/arm-none-eabi/4.9.3/../../../../arm-none-eabi/lib/armv7-m\libm.a(lib_a-s_finite.o)
 .debug_frame   0x00000fec       0x34 c:/program files (x86)/gnu tools arm embedded/4.9 2015q2/bin/../lib/gcc/arm-none-eabi/4.9.3/../../../../arm-none-eabi/lib/armv7-m\libm.a(lib_a-s_fpclassify.o)
 .debug_frame   0x00001020       0x20 c:/program files (x86)/gnu tools arm embedded/4.9 2015q2/bin/../lib/gcc/arm-none-eabi/4.9.3/../../../../arm-none-eabi/lib/armv7-m\libm.a(lib_a-s_matherr.o)
 .debug_frame   0x00001040       0x20 c:/program files (x86)/gnu tools arm embedded/4.9 2015q2/bin/../lib/gcc/arm-none-eabi/4.9.3/../../../../arm-none-eabi/lib/armv7-m\libm.a(lib_a-s_nan.o)
 .debug_frame   0x00001060       0x3c c:/program files (x86)/gnu tools arm embedded/4.9 2015q2/bin/../lib/gcc/arm-none-eabi/4.9.3/../../../../arm-none-eabi/lib/armv7-m\libm.a(lib_a-s_rint.o)
 .debug_frame   0x0000109c       0x30 c:/program files (x86)/gnu tools arm embedded/4.9 2015q2/bin/../lib/gcc/arm-none-eabi/4.9.3/../../../../arm-none-eabi/lib/armv7-m\libm.a(lib_a-s_scalbn.o)
 .debug_frame   0x000010cc       0x20 c:/program files (x86)/gnu tools arm embedded/4.9 2015q2/bin/../lib/gcc/arm-none-eabi/4.9.3/../../../../arm-none-eabi/lib/armv7-m\libm.a(lib_a-s_copysign.o)
 .debug_frame   0x000010ec       0x20 c:/program files (x86)/gnu tools arm embedded/4.9 2015q2/bin/../lib/gcc/arm-none-eabi/4.9.3/../../../../arm-none-eabi/lib/armv7-m\libg_nano.a(lib_a-errno.o)
 .debug_frame   0x0000110c       0x28 c:/program files (x86)/gnu tools arm embedded/4.9 2015q2/bin/../lib/gcc/arm-none-eabi/4.9.3/../../../../arm-none-eabi/lib/armv7-m\libg_nano.a(lib_a-memcpy.o)
 .debug_frame   0x00001134       0x20 c:/program files (x86)/gnu tools arm embedded/4.9 2015q2/bin/../lib/gcc/arm-none-eabi/4.9.3/../../../../arm-none-eabi/lib/armv7-m\libg_nano.a(lib_a-memset.o)
 .debug_frame   0x00001154       0x8c c:/program files (x86)/gnu tools arm embedded/4.9 2015q2/bin/../lib/gcc/arm-none-eabi/4.9.3/../../../../arm-none-eabi/lib/armv7-m\libg_nano.a(lib_a-nano-vfprintf_float.o)
 .debug_frame   0x000011e0       0x58 c:/program files (x86)/gnu tools arm embedded/4.9 2015q2/bin/../lib/gcc/arm-none-eabi/4.9.3/../../../../arm-none-eabi/lib/armv7-m\libg_nano.a(lib_a-nano-vfprintf_i.o)
 .debug_frame   0x00001238       0x40 c:/program files (x86)/gnu tools arm embedded/4.9 2015q2/bin/../lib/gcc/arm-none-eabi/4.9.3/../../../../arm-none-eabi/lib/armv7-m\libg_nano.a(lib_a-nano-vfscanf_float.o)